Component: ARM Compiler 5.06 update 7 (build 960) Tool: armlink [4d3601]

==============================================================================

Section Cross References

    main.o(i.main) refers to board_init.o(i.Board_Init) for Board_Init
    main.o(i.main) refers to deviceaction.o(i.Device_Init) for Device_Init
    deviceaction.o(i.Device_Init) refers to vl53l0x.o(i.VL53L0X_Init) for VL53L0X_Init
    deviceaction.o(i.Device_Init) refers to board_gpio.o(i.GPIO_SET_BIT) for GPIO_SET_BIT
    deviceaction.o(i.Device_Init) refers to board_init.o(i.Systick_DelayMs) for Systick_DelayMs
    deviceaction.o(i.Device_Init) refers to board_init.o(i.Enter_LowPowerMode) for Enter_LowPowerMode
    deviceaction.o(i.Device_Init) refers to deviceaction.o(.bss) for .bss
    deviceaction.o(i.EnterCalibrationMode) refers to vl53l0x_cali.o(i.VL53L0x_Adjust) for VL53L0x_Adjust
    deviceaction.o(i.EnterCalibrationMode) refers to board_gpio.o(i.GPIO_SET_BIT) for GPIO_SET_BIT
    deviceaction.o(i.EnterCalibrationMode) refers to board_init.o(i.Systick_DelayMs) for Systick_DelayMs
    deviceaction.o(i.EnterCalibrationMode) refers to deviceaction.o(.bss) for .bss
    deviceaction.o(i.UserCommandHandle) refers to strcmp.o(.text) for strcmp
    deviceaction.o(i.UserCommandHandle) refers to deviceaction.o(i.__ARM_common_switch8) for __ARM_common_switch8
    deviceaction.o(i.UserCommandHandle) refers to deviceaction.o(i.EnterCalibrationMode) for EnterCalibrationMode
    deviceaction.o(i.UserCommandHandle) refers to deviceaction.o(i.VL53L0x_StartSample) for VL53L0x_StartSample
    deviceaction.o(i.UserCommandHandle) refers to deviceaction.o(.data) for .data
    deviceaction.o(i.VL53L0x_StartSample) refers to board_init.o(i.SYS_GetTick) for SYS_GetTick
    deviceaction.o(i.VL53L0x_StartSample) refers to board_init.o(i.Enter_LowPowerMode) for Enter_LowPowerMode
    deviceaction.o(i.VL53L0x_StartSample) refers to board_init.o(i.Quit_LowPowerMode) for Quit_LowPowerMode
    deviceaction.o(i.VL53L0x_StartSample) refers to board_gpio.o(i.GPIO_SET_BIT) for GPIO_SET_BIT
    deviceaction.o(i.VL53L0x_StartSample) refers to vl53l0x_gen.o(i.readVL5Ll0x_PollingtMode) for readVL5Ll0x_PollingtMode
    deviceaction.o(i.VL53L0x_StartSample) refers to board_init.o(i.USART2_TX) for USART2_TX
    deviceaction.o(i.VL53L0x_StartSample) refers to deviceaction.o(.data) for .data
    deviceaction.o(i.VL53L0x_StartSample) refers to deviceaction.o(.bss) for .bss
    board_init.o(i.Board_Init) refers to board_init.o(i.SystemClock_Init) for SystemClock_Init
    board_init.o(i.Board_Init) refers to board_gpio.o(i.GPIO_Init) for GPIO_Init
    board_init.o(i.Board_Init) refers to board_init.o(i.USART2_Init) for USART2_Init
    board_init.o(i.Board_Init) refers to board_init.o(i.RTC_AWU_Init) for RTC_AWU_Init
    board_init.o(i.Board_Init) refers to board_init.o(i.__NVIC_SetPriority) for __NVIC_SetPriority
    board_init.o(i.Board_Init) refers to board_init.o(i.__NVIC_EnableIRQ) for __NVIC_EnableIRQ
    board_init.o(i.Board_Init) refers to board_init.o(.data) for .data
    board_init.o(i.CompleteUSART2_RX) refers to rt_memcpy.o(.text) for __aeabi_memcpy
    board_init.o(i.CompleteUSART2_RX) refers to rt_memclr.o(.text) for __aeabi_memclr
    board_init.o(i.CompleteUSART2_RX) refers to board_init.o(.data) for .data
    board_init.o(i.CompleteUSART2_RX) refers to board_init.o(.bss) for .bss
    board_init.o(i.Enter_LowPowerMode) refers to board_gpio.o(i.GPIO_SET_BIT) for GPIO_SET_BIT
    board_init.o(i.Enter_LowPowerMode) refers to board_init.o(i.__NVIC_ClearPendingIRQ) for __NVIC_ClearPendingIRQ
    board_init.o(i.Quit_LowPowerMode) refers to board_init.o(i.SystemClock_Init) for SystemClock_Init
    board_init.o(i.Quit_LowPowerMode) refers to board_gpio.o(i.GPIO_Init) for GPIO_Init
    board_init.o(i.Quit_LowPowerMode) refers to board_init.o(i.USART2_Init) for USART2_Init
    board_init.o(i.RTC_AWU_Init) refers to board_init.o(i.__NVIC_SetPriority) for __NVIC_SetPriority
    board_init.o(i.RTC_AWU_Init) refers to board_init.o(i.__NVIC_EnableIRQ) for __NVIC_EnableIRQ
    board_init.o(i.RTC_IRQHandler) refers to board_init.o(i.SYS_IncTick) for SYS_IncTick
    board_init.o(i.SYS_GetTick) refers to board_init.o(.data) for .data
    board_init.o(i.SYS_IncTick) refers to board_init.o(.data) for .data
    board_init.o(i.SysTick_Handler) refers to board_init.o(i.SYS_IncTick) for SYS_IncTick
    board_init.o(i.Systick_DelayMs) refers to board_init.o(i.Systick_DelayUs) for Systick_DelayUs
    board_init.o(i.Systick_DelayUs) refers to fflti.o(.text) for __aeabi_ui2f
    board_init.o(i.Systick_DelayUs) refers to fmul.o(x$fpl$fmul) for __aeabi_fmul
    board_init.o(i.Systick_DelayUs) refers to ffixui.o(.text) for __aeabi_f2uiz
    board_init.o(i.Systick_DelayUs) refers to board_init.o(.data) for .data
    board_init.o(i.TIM2_IRQHandler) refers to board_init.o(.data) for .data
    board_init.o(i.USART2_IRQHandler) refers to board_init.o(.data) for .data
[...]
    libinit2.o(.ARM.Collect$$libinit$$00000018) refers to libinit2.o(.ARM.Collect$$libinit$$0000000F) for .ARM.Collect$$libinit$$0000000F
    libinit2.o(.ARM.Collect$$libinit$$00000026) refers to argv_veneer.o(.text) for __ARM_argv_veneer
    libinit2.o(.ARM.Collect$$libinit$$00000027) refers to argv_veneer.o(.text) for __ARM_argv_veneer
    sys_exit.o(.text) refers (Special) to use_no_semi.o(.text) for __I$use$semihosting
    sys_exit.o(.text) refers (Special) to indicate_semi.o(.text) for __semihosting_library_function
    rtexit2.o(.ARM.Collect$$rtexit$$00000003) refers to libshutdown.o(.ARM.Collect$$libshutdown$$00000000) for __rt_lib_shutdown
    rtexit2.o(.ARM.Collect$$rtexit$$00000004) refers to sys_exit.o(.text) for _sys_exit
    rtexit2.o(.ARM.exidx) refers to rtexit2.o(.ARM.Collect$$rtexit$$00000001) for .ARM.Collect$$rtexit$$00000001
    rtexit2.o(.ARM.exidx) refers to rtexit2.o(.ARM.Collect$$rtexit$$00000003) for .ARM.Collect$$rtexit$$00000003
    rtexit2.o(.ARM.exidx) refers to rtexit2.o(.ARM.Collect$$rtexit$$00000004) for .ARM.Collect$$rtexit$$00000004
    __raise.o(.text) refers to defsig.o(CL$$defsig) for __default_signal_handler
    defsig_general.o(.text) refers to sys_wrch.o(.text) for _ttywrch
    sys_wrch.o(.text) refers (Special) to use_no_semi.o(.text) for __I$use$semihosting
    sys_wrch.o(.text) refers (Special) to indicate_semi.o(.text) for __semihosting_library_function
    defsig.o(CL$$defsig) refers to defsig_fpe_inner.o(.text) for __rt_SIGFPE_inner
    defsig.o(CL$$defsig) refers to defsig_rtmem_inner.o(.text) for __rt_SIGRTMEM_inner
    _get_argv_nomalloc.o(.text) refers (Special) to hrguard.o(.text) for __heap_region$guard
    _get_argv_nomalloc.o(.text) refers to defsig_rtmem_outer.o(.text) for __rt_SIGRTMEM
    _get_argv_nomalloc.o(.text) refers to sys_command.o(.text) for _sys_command_string
    libshutdown.o(.ARM.Collect$$libshutdown$$00000000) refers (Special) to libshutdown2.o(.ARM.Collect$$libshutdown$$00000004) for __rt_lib_shutdown_cpp_1
    libshutdown.o(.ARM.Collect$$libshutdown$$00000000) refers (Special) to libshutdown2.o(.ARM.Collect$$libshutdown$$00000002) for __rt_lib_shutdown_fini_1
    libshutdown.o(.ARM.Collect$$libshutdown$$00000000) refers (Special) to libshutdown2.o(.ARM.Collect$$libshutdown$$00000009) for __rt_lib_shutdown_fp_trap_1
    libshutdown.o(.ARM.Collect$$libshutdown$$00000000) refers (Special) to libshutdown2.o(.ARM.Collect$$libshutdown$$00000011) for __rt_lib_shutdown_heap_1
    libshutdown.o(.ARM.Collect$$libshutdown$$00000000) refers (Special) to libshutdown2.o(.ARM.Collect$$libshutdown$$00000012) for __rt_lib_shutdown_return
    libshutdown.o(.ARM.Collect$$libshutdown$$00000000) refers (Special) to libshutdown2.o(.ARM.Collect$$libshutdown$$0000000C) for __rt_lib_shutdown_signal_1
    libshutdown.o(.ARM.Collect$$libshutdown$$00000000) refers (Special) to libshutdown2.o(.ARM.Collect$$libshutdown$$00000006) for __rt_lib_shutdown_stdio_1
    libshutdown.o(.ARM.Collect$$libshutdown$$00000000) refers (Special) to libshutdown2.o(.ARM.Collect$$libshutdown$$0000000E) for __rt_lib_shutdown_user_alloc_1
    sys_command.o(.text) refers (Special) to use_no_semi.o(.text) for __I$use$semihosting
    sys_command.o(.text) refers (Special) to indicate_semi.o(.text) for __semihosting_library_function
    defsig_abrt_inner.o(.text) refers to defsig_general.o(.text) for __default_signal_display
    defsig_rtred_inner.o(.text) refers to defsig_general.o(.text) for __default_signal_display
    defsig_rtmem_inner.o(.text) refers to defsig_general.o(.text) for __default_signal_display
    defsig_rtmem_outer.o(.text) refers to defsig_rtmem_inner.o(.text) for __rt_SIGRTMEM_inner
    defsig_rtmem_outer.o(.text) refers to defsig_exit.o(.text) for __sig_exit
    defsig_rtmem_formal.o(.text) refers to rt_raise.o(.text) for __rt_raise
    defsig_stak_inner.o(.text) refers to defsig_general.o(.text) for __default_signal_display
    defsig_pvfn_inner.o(.text) refers to defsig_general.o(.text) for __default_signal_display
    defsig_cppl_inner.o(.text) refers to defsig_general.o(.text) for __default_signal_display
    defsig_segv_inner.o(.text) refers to defsig_general.o(.text) for __default_signal_display
    defsig_other.o(.text) refers to defsig_general.o(.text) for __default_signal_display


==============================================================================

Removing Unused input sections from the image.

    Removing main.o(.rev16_text), (4 bytes).
    Removing main.o(.revsh_text), (4 bytes).
    Removing deviceaction.o(.rev16_text), (4 bytes).
    Removing deviceaction.o(.revsh_text), (4 bytes).
    Removing deviceaction.o(i.EnterCalibrationMode), (112 bytes).
    Removing deviceaction.o(i.UserCommandHandle), (100 bytes).
    Removing deviceaction.o(i.VL53L0x_StartSample), (148 bytes).
    Removing deviceaction.o(.data), (6 bytes).
    Removing board_gpio.o(.rev16_text), (4 bytes).
    Removing board_gpio.o(.revsh_text), (4 bytes).
    Removing board_gpio.o(i.GPIO_GET_BIT), (40 bytes).
    Removing board_gpio.o(.bss), (16 bytes).
    Removing board_gpio.o(.bss), (16 bytes).
    Removing board_gpio.o(.bss), (16 bytes).
    Removing board_gpio.o(.data), (16 bytes).
    Removing board_gpio.o(.data), (8 bytes).
    Removing board_gpio.o(.data), (8 bytes).
    Removing board_gpio.o(.data), (8 bytes).
    Removing board_gpio.o(.data), (16 bytes).
    Removing board_gpio.o(.data), (8 bytes).
    Removing board_gpio.o(.data), (8 bytes).
    Removing board_gpio.o(.data), (16 bytes).
    Removing board_gpio.o(.data), (8 bytes).
    Removing board_init.o(.rev16_text), (4 bytes).
    Removing board_init.o(.revsh_text), (4 bytes).
    Removing board_init.o(i.CompleteUSART2_RX), (44 bytes).
    Removing board_init.o(i.Quit_LowPowerMode), (16 bytes).
    Removing board_init.o(i.SYS_GetTick), (12 bytes).
    Removing board_init.o(i.USART2_RX_IsComplete), (24 bytes).
    Removing board_init.o(i.USART2_RX_IsStart), (12 bytes).
    Removing board_init.o(i.USART2_TX), (52 bytes).
    Removing board_init.o(.data), (1 bytes).
    Removing board_init.o(.data), (1 bytes).
    Removing board_init.o(.data), (4 bytes).
    Removing vl53l0x.o(.rev16_text), (4 bytes).
    Removing vl53l0x.o(.revsh_text), (4 bytes).
    Removing vl53l0x.o(i.VL53L0x_RESET), (72 bytes).
    Removing vl53l0x.o(.data), (64 bytes).
    Removing vl53l0x_cali.o(.rev16_text), (4 bytes).
    Removing vl53l0x_cali.o(.revsh_text), (4 bytes).
    Removing vl53l0x_cali.o(i.VL53L0x_Adjust), (240 bytes).
    Removing vl53l0x_gen.o(.rev16_text), (4 bytes).
    Removing vl53l0x_gen.o(.revsh_text), (4 bytes).
    Removing vl53l0x_gen.o(i.VL53L0x_SetMode), (304 bytes).
    Removing vl53l0x_gen.o(i.VL53L0x_StartOneTimesSample), (44 bytes).
    Removing vl53l0x_gen.o(i.readVL5Ll0x_PollingtMode), (128 bytes).
    Removing vl53l0x_gen.o(.bss), (32 bytes).
    Removing vl53l0x_api.o(.rev16_text), (4 bytes).
    Removing vl53l0x_api.o(.revsh_text), (4 bytes).
    Removing vl53l0x_api.o(i.VL53L0X_CheckAndLoadInterruptSettings), (128 bytes).
    Removing vl53l0x_api.o(i.VL53L0X_ClearInterruptMask), (76 bytes).
    Removing vl53l0x_api.o(i.VL53L0X_EnableInterruptMask), (6 bytes).
    Removing vl53l0x_api.o(i.VL53L0X_GetDeviceErrorStatus), (24 bytes).
    Removing vl53l0x_api.o(i.VL53L0X_GetDeviceErrorString), (8 bytes).
    Removing vl53l0x_api.o(i.VL53L0X_GetDeviceMode), (10 bytes).
    Removing vl53l0x_api.o(i.VL53L0X_GetDmaxCalParameters), (24 bytes).
    Removing vl53l0x_api.o(i.VL53L0X_GetFractionEnable), (26 bytes).
    Removing vl53l0x_api.o(i.VL53L0X_GetGpioConfig), (120 bytes).
    Removing vl53l0x_api.o(i.VL53L0X_GetHistogramMeasurementData), (6 bytes).
    Removing vl53l0x_api.o(i.VL53L0X_GetHistogramMode), (6 bytes).
    Removing vl53l0x_api.o(i.VL53L0X_GetInterruptMaskStatus), (34 bytes).
    Removing vl53l0x_api.o(i.VL53L0X_GetInterruptThresholds), (52 bytes).
    Removing vl53l0x_api.o(i.VL53L0X_GetLimitCheckCurrent), (68 bytes).
    Removing vl53l0x_api.o(i.VL53L0X_GetLimitCheckInfo), (8 bytes).
    Removing vl53l0x_api.o(i.VL53L0X_GetLimitCheckStatus), (22 bytes).
    Removing vl53l0x_api.o(i.VL53L0X_GetLinearityCorrectiveGain), (14 bytes).
    Removing vl53l0x_api.o(i.VL53L0X_GetMaxNumberOfROIZones), (8 bytes).
    Removing vl53l0x_api.o(i.VL53L0X_GetMeasurementDataReady), (58 bytes).
    Removing vl53l0x_api.o(i.VL53L0X_GetMeasurementRefSignal), (46 bytes).
    Removing vl53l0x_api.o(i.VL53L0X_GetNumberOfLimitCheck), (10 bytes).
    Removing vl53l0x_api.o(i.VL53L0X_GetNumberOfROIZones), (8 bytes).
    Removing vl53l0x_api.o(i.VL53L0X_GetNumberOfSequenceSteps), (8 bytes).
    Removing vl53l0x_api.o(i.VL53L0X_GetPalErrorString), (8 bytes).
    Removing vl53l0x_api.o(i.VL53L0X_GetPalSpecVersion), (24 bytes).
    Removing vl53l0x_api.o(i.VL53L0X_GetPalState), (14 bytes).
    Removing vl53l0x_api.o(i.VL53L0X_GetPalStateString), (8 bytes).
    Removing vl53l0x_api.o(i.VL53L0X_GetPowerMode), (38 bytes).
    Removing vl53l0x_api.o(i.VL53L0X_GetProductRevision), (28 bytes).
    Removing vl53l0x_api.o(i.VL53L0X_GetRangeStatusString), (8 bytes).
    Removing vl53l0x_api.o(i.VL53L0X_GetRangingMeasurementData), (300 bytes).
    Removing vl53l0x_api.o(i.VL53L0X_GetRefCalibration), (8 bytes).
    Removing vl53l0x_api.o(i.VL53L0X_GetReferenceSpads), (8 bytes).
    Removing vl53l0x_api.o(i.VL53L0X_GetSequenceStepEnable), (44 bytes).
    Removing vl53l0x_api.o(i.VL53L0X_GetSequenceStepTimeout), (40 bytes).
    Removing vl53l0x_api.o(i.VL53L0X_GetSequenceStepsInfo), (8 bytes).
    Removing vl53l0x_api.o(i.VL53L0X_GetSpadAmbientDamperFactor), (48 bytes).
    Removing vl53l0x_api.o(i.VL53L0X_GetSpadAmbientDamperThreshold), (42 bytes).
    Removing vl53l0x_api.o(i.VL53L0X_GetStopCompletedStatus), (136 bytes).
    Removing vl53l0x_api.o(i.VL53L0X_GetTotalSignalRate), (34 bytes).
    Removing vl53l0x_api.o(i.VL53L0X_GetTuningSettingBuffer), (24 bytes).
    Removing vl53l0x_api.o(i.VL53L0X_GetUpperLimitMilliMeter), (6 bytes).
    Removing vl53l0x_api.o(i.VL53L0X_GetVersion), (24 bytes).
    Removing vl53l0x_api.o(i.VL53L0X_GetXTalkCompensationEnable), (10 bytes).
    Removing vl53l0x_api.o(i.VL53L0X_PerformOffsetCalibration), (8 bytes).
    Removing vl53l0x_api.o(i.VL53L0X_PerformRefCalibration), (10 bytes).
    Removing vl53l0x_api.o(i.VL53L0X_PerformRefSpadManagement), (8 bytes).
    Removing vl53l0x_api.o(i.VL53L0X_PerformSingleHistogramMeasurement), (6 bytes).
    Removing vl53l0x_api.o(i.VL53L0X_PerformSingleMeasurement), (46 bytes).
    Removing vl53l0x_api.o(i.VL53L0X_PerformSingleRangingMeasurement), (48 bytes).
    Removing vl53l0x_api.o(i.VL53L0X_PerformXTalkCalibration), (8 bytes).
    Removing vl53l0x_api.o(i.VL53L0X_PerformXTalkMeasurement), (6 bytes).
    Removing vl53l0x_api.o(i.VL53L0X_ResetDevice), (96 bytes).
    Removing vl53l0x_api.o(i.VL53L0X_SetDeviceMode), (38 bytes).
    Removing vl53l0x_api.o(i.VL53L0X_SetDeviceParameters), (118 bytes).
    Removing vl53l0x_api.o(i.VL53L0X_SetDmaxCalParameters), (48 bytes).
    Removing vl53l0x_api.o(i.VL53L0X_SetGpioConfig), (336 bytes).
    Removing vl53l0x_api.o(i.VL53L0X_SetGroupParamHold), (6 bytes).
    Removing vl53l0x_api.o(i.VL53L0X_SetHistogramMode), (6 bytes).
    Removing vl53l0x_api.o(i.VL53L0X_SetInterMeasurementPeriodMilliSeconds), (46 bytes).
    Removing vl53l0x_api.o(i.VL53L0X_SetInterruptThresholds), (36 bytes).
    Removing vl53l0x_api.o(i.VL53L0X_SetLinearityCorrectiveGain), (48 bytes).
    Removing vl53l0x_api.o(i.VL53L0X_SetMeasurementTimingBudgetMicroSeconds), (8 bytes).
    Removing vl53l0x_api.o(i.VL53L0X_SetNumberOfROIZones), (10 bytes).
    Removing vl53l0x_api.o(i.VL53L0X_SetOffsetCalibrationDataMicroMeter), (8 bytes).
    Removing vl53l0x_api.o(i.VL53L0X_SetPowerMode), (76 bytes).
    Removing vl53l0x_api.o(i.VL53L0X_SetRangeFractionEnable), (26 bytes).
    Removing vl53l0x_api.o(i.VL53L0X_SetRefCalibration), (8 bytes).
    Removing vl53l0x_api.o(i.VL53L0X_SetReferenceSpads), (8 bytes).
    Removing vl53l0x_api.o(i.VL53L0X_SetSequenceStepEnable), (160 bytes).
    Removing vl53l0x_api.o(i.VL53L0X_SetSequenceStepTimeout), (84 bytes).
    Removing vl53l0x_api.o(i.VL53L0X_SetSpadAmbientDamperFactor), (44 bytes).
    Removing vl53l0x_api.o(i.VL53L0X_SetSpadAmbientDamperThreshold), (42 bytes).
    Removing vl53l0x_api.o(i.VL53L0X_SetTuningSettingBuffer), (44 bytes).
    Removing vl53l0x_api.o(i.VL53L0X_SetVcselPulsePeriod), (8 bytes).
    Removing vl53l0x_api.o(i.VL53L0X_SetWrapAroundCheckEnable), (72 bytes).
    Removing vl53l0x_api.o(i.VL53L0X_SetXTalkCompensationEnable), (60 bytes).
    Removing vl53l0x_api.o(i.VL53L0X_SetXTalkCompensationRateMegaCps), (54 bytes).
    Removing vl53l0x_api.o(i.VL53L0X_StartMeasurement), (224 bytes).
    Removing vl53l0x_api.o(i.VL53L0X_StaticInit), (368 bytes).
    Removing vl53l0x_api.o(i.VL53L0X_StopMeasurement), (84 bytes).
    Removing vl53l0x_api.o(i.VL53L0X_WaitDeviceBooted), (6 bytes).
    Removing vl53l0x_api.o(i.VL53L0X_WaitDeviceReadyForNewMeasurement), (6 bytes).
    Removing vl53l0x_api.o(.data), (681 bytes).
    Removing vl53l0x_api_calibration.o(.rev16_text), (4 bytes).
    Removing vl53l0x_api_calibration.o(.revsh_text), (4 bytes).
    Removing vl53l0x_api_calibration.o(i.VL53L0X_apply_offset_adjustment), (50 bytes).
    Removing vl53l0x_api_calibration.o(i.VL53L0X_get_ref_calibration), (28 bytes).
    Removing vl53l0x_api_calibration.o(i.VL53L0X_get_reference_spads), (102 bytes).
    Removing vl53l0x_api_calibration.o(i.VL53L0X_perform_offset_calibration), (200 bytes).
    Removing vl53l0x_api_calibration.o(i.VL53L0X_perform_phase_calibration), (112 bytes).
    Removing vl53l0x_api_calibration.o(i.VL53L0X_perform_ref_calibration), (64 bytes).
    Removing vl53l0x_api_calibration.o(i.VL53L0X_perform_ref_spad_management), (590 bytes).
    Removing vl53l0x_api_calibration.o(i.VL53L0X_perform_single_ref_calibration), (56 bytes).
    Removing vl53l0x_api_calibration.o(i.VL53L0X_perform_vhv_calibration), (116 bytes).
    Removing vl53l0x_api_calibration.o(i.VL53L0X_perform_xtalk_calibration), (240 bytes).
    Removing vl53l0x_api_calibration.o(i.VL53L0X_ref_calibration_io), (178 bytes).
    Removing vl53l0x_api_calibration.o(i.VL53L0X_set_offset_calibration_data_micro_meter), (76 bytes).
    Removing vl53l0x_api_calibration.o(i.VL53L0X_set_ref_calibration), (32 bytes).
    Removing vl53l0x_api_calibration.o(i.VL53L0X_set_reference_spads), (180 bytes).
    Removing vl53l0x_api_calibration.o(i.count_enabled_spads), (144 bytes).
    Removing vl53l0x_api_calibration.o(i.enable_ref_spads), (142 bytes).
    Removing vl53l0x_api_calibration.o(i.enable_spad_bit), (42 bytes).
    Removing vl53l0x_api_calibration.o(i.get_next_good_spad), (88 bytes).
    Removing vl53l0x_api_calibration.o(i.get_ref_spad_map), (14 bytes).
    Removing vl53l0x_api_calibration.o(i.is_aperture), (24 bytes).
    Removing vl53l0x_api_calibration.o(i.perform_ref_signal_measurement), (102 bytes).
    Removing vl53l0x_api_calibration.o(i.set_ref_spad_map), (14 bytes).
    Removing vl53l0x_api_calibration.o(.data), (16 bytes).
    Removing vl53l0x_api_core.o(.rev16_text), (4 bytes).
    Removing vl53l0x_api_core.o(.revsh_text), (4 bytes).
    Removing vl53l0x_api_core.o(i.VL53L0X_calc_dmax), (244 bytes).
    Removing vl53l0x_api_core.o(i.VL53L0X_calc_sigma_estimate), (608 bytes).
    Removing vl53l0x_api_core.o(i.VL53L0X_calc_timeout_mclks), (40 bytes).
    Removing vl53l0x_api_core.o(i.VL53L0X_encode_timeout), (34 bytes).
    Removing vl53l0x_api_core.o(i.VL53L0X_encode_vcsel_period), (8 bytes).
    Removing vl53l0x_api_core.o(i.VL53L0X_get_pal_range_status), (512 bytes).
    Removing vl53l0x_api_core.o(i.VL53L0X_get_total_signal_rate), (28 bytes).
    Removing vl53l0x_api_core.o(i.VL53L0X_get_total_xtalk_rate), (46 bytes).
    Removing vl53l0x_api_core.o(i.VL53L0X_isqrt), (42 bytes).
    Removing vl53l0x_api_core.o(i.VL53L0X_load_tuning_settings), (150 bytes).
    Removing vl53l0x_api_core.o(i.VL53L0X_measurement_poll_for_completion), (54 bytes).
    Removing vl53l0x_api_core.o(i.VL53L0X_quadrature_sum), (32 bytes).
    Removing vl53l0x_api_core.o(i.VL53L0X_reverse_bytes), (32 bytes).
    Removing vl53l0x_api_core.o(i.VL53L0X_set_measurement_timing_budget_micro_seconds), (236 bytes).
    Removing vl53l0x_api_core.o(i.VL53L0X_set_vcsel_pulse_period), (648 bytes).
    Removing vl53l0x_api_core.o(i.set_sequence_step_timeout), (268 bytes).
    Removing vl53l0x_api_ranging.o(.rev16_text), (4 bytes).
    Removing vl53l0x_api_ranging.o(.revsh_text), (4 bytes).
    Removing vl53l0x_api_strings.o(.rev16_text), (4 bytes).
    Removing vl53l0x_api_strings.o(.revsh_text), (4 bytes).
    Removing vl53l0x_api_strings.o(i.VL53L0X_get_device_error_string), (464 bytes).
    Removing vl53l0x_api_strings.o(i.VL53L0X_get_limit_check_info), (204 bytes).
    Removing vl53l0x_api_strings.o(i.VL53L0X_get_pal_error_string), (588 bytes).
    Removing vl53l0x_api_strings.o(i.VL53L0X_get_pal_state_string), (192 bytes).
    Removing vl53l0x_api_strings.o(i.VL53L0X_get_range_status_string), (168 bytes).
    Removing vl53l0x_api_strings.o(i.VL53L0X_get_sequence_steps_info), (96 bytes).
    Removing vl53l0x_i2c.o(.rev16_text), (4 bytes).
    Removing vl53l0x_i2c.o(.revsh_text), (4 bytes).
    Removing vl53l0x_i2c.o(i.VL53L0X_write_dword), (28 bytes).
    Removing vl53l0x_i2c.o(i.VL_IIC_Read_1Byte), (84 bytes).
    Removing vl53l0x_i2c.o(i.VL_IIC_Write_1Byte), (62 bytes).
    Removing vl53l0x_platform.o(.rev16_text), (4 bytes).
    Removing vl53l0x_platform.o(.revsh_text), (4 bytes).
    Removing vl53l0x_platform.o(i.VL53L0X_ReadMulti), (34 bytes).
    Removing vl53l0x_platform.o(i.VL53L0X_WrDWord), (26 bytes).
    Removing vl53l0x_platform.o(i.VL53L0X_WriteMulti), (34 bytes).
    Removing system_stm32l0xx.o(.rev16_text), (4 bytes).
    Removing system_stm32l0xx.o(.revsh_text), (4 bytes).
    Removing system_stm32l0xx.o(i.SystemCoreClockUpdate), (156 bytes).
    Removing system_stm32l0xx.o(.constdata), (25 bytes).
    Removing system_stm32l0xx.o(.constdata), (8 bytes).
    Removing system_stm32l0xx.o(.data), (4 bytes).

202 unused section(s) (total 14114 bytes) removed from the image.

==============================================================================

Image Symbol Table

    Local Symbols

    Symbol Name                              Value     Ov Type        Size  Object(Section)

    ../clib/angel/boardlib.s                 0x00000000   Number         0  boardshut.o ABSOLUTE
    ../clib/angel/boardlib.s                 0x00000000   Number         0  boardinit3.o ABSOLUTE
    ../clib/angel/boardlib.s                 0x00000000   Number         0  boardinit2.o ABSOLUTE
    ../clib/angel/boardlib.s                 0x00000000   Number         0  boardinit1.o ABSOLUTE
    ../clib/angel/handlers.s                 0x00000000   Number         0  __scatter_copy.o ABSOLUTE
    ../clib/angel/handlers.s                 0x00000000   Number         0  __scatter_zi.o ABSOLUTE
    ../clib/angel/kernel.s                   0x00000000   Number         0  __rtentry.o ABSOLUTE
    ../clib/angel/kernel.s                   0x00000000   Number         0  __rtentry4.o ABSOLUTE
    ../clib/angel/kernel.s                   0x00000000   Number         0  __rtentry2.o ABSOLUTE
    ../clib/angel/kernel.s                   0x00000000   Number         0  rtexit.o ABSOLUTE
    ../clib/angel/kernel.s                   0x00000000   Number         0  rtexit2.o ABSOLUTE
    ../clib/angel/rt.s                       0x00000000   Number         0  rt_div0.o ABSOLUTE
    ../clib/angel/rt.s                       0x00000000   Number         0  aeabi_idiv0.o ABSOLUTE
    ../clib/angel/rt.s                       0x00000000   Number         0  aeabi_idiv0_sigfpe.o ABSOLUTE
    ../clib/angel/rt.s                       0x00000000   Number         0  rt_raise.o ABSOLUTE
    ../clib/angel/scatterp.s                 0x00000000   Number         0  __scatter.o ABSOLUTE
    ../clib/angel/startup.s                  0x00000000   Number         0  __main.o ABSOLUTE
    ../clib/angel/sys.s                      0x00000000   Number         0  sys_stackheap_outer.o ABSOLUTE
    ../clib/angel/sys.s                      0x00000000   Number         0  indicate_semi.o ABSOLUTE
    ../clib/angel/sys.s                      0x00000000   Number         0  use_no_semi.o ABSOLUTE
    ../clib/angel/sys.s                      0x00000000   Number         0  libspace.o ABSOLUTE
    ../clib/angel/sys.s                      0x00000000   Number         0  tempstk.o ABSOLUTE
    ../clib/angel/sysapp.c                   0x00000000   Number         0  sys_wrch.o ABSOLUTE
    ../clib/angel/sysapp.c                   0x00000000   Number         0  sys_exit.o ABSOLUTE
    ../clib/angel/sysapp.c                   0x00000000   Number         0  sys_command.o ABSOLUTE
    ../clib/armsys.c                         0x00000000   Number         0  argv_veneer.o ABSOLUTE
    ../clib/armsys.c                         0x00000000   Number         0  no_argv.o ABSOLUTE
    ../clib/armsys.c                         0x00000000   Number         0  _get_argv_nomalloc.o ABSOLUTE
    ../clib/division.s                       0x00000000   Number         0  aeabi_sdiv.o ABSOLUTE
    ../clib/division.s                       0x00000000   Number         0  aeabi_sdiv_div0.o ABSOLUTE
    ../clib/heapalloc.c                      0x00000000   Number         0  hrguard.o ABSOLUTE
    ../clib/heapaux.c                        0x00000000   Number         0  heapauxi.o ABSOLUTE
    ../clib/libinit.s                        0x00000000   Number         0  libinit.o ABSOLUTE
    ../clib/libinit.s                        0x00000000   Number         0  libshutdown.o ABSOLUTE
    ../clib/libinit.s                        0x00000000   Number         0  libinit2.o ABSOLUTE
    ../clib/libinit.s                        0x00000000   Number         0  libshutdown2.o ABSOLUTE
    ../clib/longlong.c                       0x00000000   Number         0  llmul.o ABSOLUTE
    ../clib/memcpset.c                       0x00000000   Number         0  rt_memclr.o ABSOLUTE
    ../clib/memcpset.c                       0x00000000   Number         0  rt_memcpy.o ABSOLUTE
    ../clib/memcpset.c                       0x00000000   Number         0  rt_memcpy.o ABSOLUTE
    ../clib/signal.c                         0x00000000   Number         0  defsig_rtmem_formal.o ABSOLUTE
    ../clib/signal.c                         0x00000000   Number         0  defsig_fpe_outer.o ABSOLUTE
    ../clib/signal.c                         0x00000000   Number         0  defsig_fpe_formal.o ABSOLUTE
    ../clib/signal.c                         0x00000000   Number         0  defsig_other.o ABSOLUTE
    ../clib/signal.c                         0x00000000   Number         0  defsig_segv_inner.o ABSOLUTE
    ../clib/signal.c                         0x00000000   Number         0  defsig_cppl_inner.o ABSOLUTE
    ../clib/signal.c                         0x00000000   Number         0  defsig_pvfn_inner.o ABSOLUTE
    ../clib/signal.c                         0x00000000   Number         0  defsig_exit.o ABSOLUTE
    ../clib/signal.c                         0x00000000   Number         0  defsig_stak_inner.o ABSOLUTE
    ../clib/signal.c                         0x00000000   Number         0  defsig_rtmem_outer.o ABSOLUTE
    ../clib/signal.c                         0x00000000   Number         0  defsig_rtmem_inner.o ABSOLUTE
    ../clib/signal.c                         0x00000000   Number         0  defsig_rtred_inner.o ABSOLUTE
    ../clib/signal.c                         0x00000000   Number         0  defsig_abrt_inner.o ABSOLUTE
    ../clib/signal.c                         0x00000000   Number         0  defsig_general.o ABSOLUTE
    ../clib/signal.c                         0x00000000   Number         0  __raise.o ABSOLUTE
    ../clib/signal.c                         0x00000000   Number         0  defsig_fpe_inner.o ABSOLUTE
    ../clib/signal.s                         0x00000000   Number         0  defsig.o ABSOLUTE
    ../clib/stdlib.c                         0x00000000   Number         0  exit.o ABSOLUTE
    ../clib/string.c                         0x00000000   Number         0  strcmp.o ABSOLUTE
    ../clib/string.c                         0x00000000   Number         0  strcpy.o ABSOLUTE
    ../fplib/cfplib/ffix.c                   0x00000000   Number         0  ffixui.o ABSOLUTE
    ../fplib/cfplib/fflt.c                   0x00000000   Number         0  fflti.o ABSOLUTE
    ../fplib/cfplib/fpinit.c                 0x00000000   Number         0  fpinit.o ABSOLUTE
    ../fplib/fmul6m.s                        0x00000000   Number         0  fmul.o ABSOLUTE
    ../fplib/usenofp.s                       0x00000000   Number         0  usenofp.o ABSOLUTE
    ..\App\DeviceAction.c                    0x00000000   Number         0  deviceaction.o ABSOLUTE
    ..\App\Main.c                            0x00000000   Number         0  main.o ABSOLUTE
    ..\Driver\Board_GPIO.c                   0x00000000   Number         0  board_gpio.o ABSOLUTE
    ..\Driver\Board_Init.c                   0x00000000   Number         0  board_init.o ABSOLUTE
    ..\Sys\stm32l0xx_it.c                    0x00000000   Number         0  stm32l0xx_it.o ABSOLUTE
    ..\VL53L0x\App\VL53L0x.c                 0x00000000   Number         0  vl53l0x.o ABSOLUTE
    ..\VL53L0x\App\VL53L0x_Cali.c            0x00000000   Number         0  vl53l0x_cali.o ABSOLUTE
    ..\VL53L0x\App\VL53L0x_Gen.c             0x00000000   Number         0  vl53l0x_gen.o ABSOLUTE
    ..\VL53L0x\core\src\VL53L0x_API.c        0x00000000   Number         0  vl53l0x_api.o ABSOLUTE
    ..\VL53L0x\core\src\VL53L0x_API_Calibration.c 0x00000000   Number         0  vl53l0x_api_calibration.o ABSOLUTE
    ..\VL53L0x\core\src\VL53L0x_API_Core.c   0x00000000   Number         0  vl53l0x_api_core.o ABSOLUTE
    ..\VL53L0x\core\src\VL53L0x_API_Ranging.c 0x00000000   Number         0  vl53l0x_api_ranging.o ABSOLUTE
    ..\VL53L0x\core\src\VL53L0x_API_Strings.c 0x00000000   Number         0  vl53l0x_api_strings.o ABSOLUTE
    ..\VL53L0x\platform\src\VL53L0x_I2C.c    0x00000000   Number         0  vl53l0x_i2c.o ABSOLUTE
    ..\VL53L0x\platform\src\VL53L0x_platform.c 0x00000000   Number         0  vl53l0x_platform.o ABSOLUTE
    ..\\App\\DeviceAction.c                  0x00000000   Number         0  deviceaction.o ABSOLUTE
    ..\\App\\Main.c                          0x00000000   Number         0  main.o ABSOLUTE
    ..\\Driver\\Board_GPIO.c                 0x00000000   Number         0  board_gpio.o ABSOLUTE
    ..\\Driver\\Board_Init.c                 0x00000000   Number         0  board_init.o ABSOLUTE
    ..\\VL53L0x\\App\\VL53L0x.c              0x00000000   Number         0  vl53l0x.o ABSOLUTE
    ..\\VL53L0x\\App\\VL53L0x_Cali.c         0x00000000   Number         0  vl53l0x_cali.o ABSOLUTE
    ..\\VL53L0x\\App\\VL53L0x_Gen.c          0x00000000   Number         0  vl53l0x_gen.o ABSOLUTE
    ..\\VL53L0x\\core\\src\\VL53L0x_API.c    0x00000000   Number         0  vl53l0x_api.o ABSOLUTE
    ..\\VL53L0x\\core\\src\\VL53L0x_API_Calibration.c 0x00000000   Number         0  vl53l0x_api_calibration.o ABSOLUTE
    ..\\VL53L0x\\core\\src\\VL53L0x_API_Core.c 0x00000000   Number         0  vl53l0x_api_core.o ABSOLUTE
    ..\\VL53L0x\\core\\src\\VL53L0x_API_Ranging.c 0x00000000   Number         0  vl53l0x_api_ranging.o ABSOLUTE
    ..\\VL53L0x\\core\\src\\VL53L0x_API_Strings.c 0x00000000   Number         0  vl53l0x_api_strings.o ABSOLUTE
    ..\\VL53L0x\\platform\\src\\VL53L0x_I2C.c 0x00000000   Number         0  vl53l0x_i2c.o ABSOLUTE
    ..\\VL53L0x\\platform\\src\\VL53L0x_platform.c 0x00000000   Number         0  vl53l0x_platform.o ABSOLUTE
    RTE\Device\STM32L051K8Ux\startup_stm32l051xx.s 0x00000000   Number         0  startup_stm32l051xx.o ABSOLUTE
    RTE\Device\STM32L051K8Ux\system_stm32l0xx.c 0x00000000   Number         0  system_stm32l0xx.o ABSOLUTE
    RTE\\Device\\STM32L051K8Ux\\system_stm32l0xx.c 0x00000000   Number         0  system_stm32l0xx.o ABSOLUTE
    dc.s                                     0x00000000   Number         0  dc.o ABSOLUTE
    RESET                                    0x08000000   Section      192  startup_stm32l051xx.o(RESET)
    !!!main                                  0x080000c0   Section        8  __main.o(!!!main)
    !!!scatter                               0x080000c8   Section       60  __scatter.o(!!!scatter)
    !!handler_copy                           0x08000104   Section       26  __scatter_copy.o(!!handler_copy)
    !!handler_zi                             0x08000120   Section       28  __scatter_zi.o(!!handler_zi)
    .ARM.Collect$$libinit$$00000000          0x0800013c   Section        2  libinit.o(.ARM.Collect$$libinit$$00000000)
    .ARM.Collect$$libinit$$00000002          0x0800013e   Section        0  libinit2.o(.ARM.Collect$$libinit$$00000002)
    .ARM.Collect$$libinit$$00000004          0x0800013e   Section        0  libinit2.o(.ARM.Collect$$libinit$$00000004)
    .ARM.Collect$$libinit$$0000000A          0x0800013e   Section        0  libinit2.o(.ARM.Collect$$libinit$$0000000A)
    .ARM.Collect$$libinit$$0000000C          0x0800013e   Section        0  libinit2.o(.ARM.Collect$$libinit$$0000000C)
    .ARM.Collect$$libinit$$0000000E          0x0800013e   Section        0  libinit2.o(.ARM.Collect$$libinit$$0000000E)
    .ARM.Collect$$libinit$$00000011          0x0800013e   Section        0  libinit2.o(.ARM.Collect$$libinit$$00000011)
    .ARM.Collect$$libinit$$00000013          0x0800013e   Section        0  libinit2.o(.ARM.Collect$$libinit$$00000013)
    .ARM.Collect$$libinit$$00000015          0x0800013e   Section        0  libinit2.o(.ARM.Collect$$libinit$$00000015)
    .ARM.Collect$$libinit$$00000017          0x0800013e   Section        0  libinit2.o(.ARM.Collect$$libinit$$00000017)
    .ARM.Collect$$libinit$$00000019          0x0800013e   Section        0  libinit2.o(.ARM.Collect$$libinit$$00000019)
    .ARM.Collect$$libinit$$0000001B          0x0800013e   Section        0  libinit2.o(.ARM.Collect$$libinit$$0000001B)
    .ARM.Collect$$libinit$$0000001D          0x0800013e   Section        0  libinit2.o(.ARM.Collect$$libinit$$0000001D)
    .ARM.Collect$$libinit$$0000001F          0x0800013e   Section        0  libinit2.o(.ARM.Collect$$libinit$$0000001F)
    .ARM.Collect$$libinit$$00000021          0x0800013e   Section        0  libinit2.o(.ARM.Collect$$libinit$$00000021)
    .ARM.Collect$$libinit$$00000023          0x0800013e   Section        0  libinit2.o(.ARM.Collect$$libinit$$00000023)
    .ARM.Collect$$libinit$$00000025          0x0800013e   Section        0  libinit2.o(.ARM.Collect$$libinit$$00000025)
    .ARM.Collect$$libinit$$0000002C          0x0800013e   Section        0  libinit2.o(.ARM.Collect$$libinit$$0000002C)
    .ARM.Collect$$libinit$$0000002E          0x0800013e   Section        0  libinit2.o(.ARM.Collect$$libinit$$0000002E)
    .ARM.Collect$$libinit$$00000030          0x0800013e   Section        0  libinit2.o(.ARM.Collect$$libinit$$00000030)
    .ARM.Collect$$libinit$$00000032          0x0800013e   Section        0  libinit2.o(.ARM.Collect$$libinit$$00000032)
    .ARM.Collect$$libinit$$00000033          0x0800013e   Section        2  libinit2.o(.ARM.Collect$$libinit$$00000033)
    .ARM.Collect$$libshutdown$$00000000      0x08000140   Section        2  libshutdown.o(.ARM.Collect$$libshutdown$$00000000)
    .ARM.Collect$$libshutdown$$00000002      0x08000142   Section        0  libshutdown2.o(.ARM.Collect$$libshutdown$$00000002)
    .ARM.Collect$$libshutdown$$00000004      0x08000142   Section        0  libshutdown2.o(.ARM.Collect$$libshutdown$$00000004)
    .ARM.Collect$$libshutdown$$00000006      0x08000142   Section        0  libshutdown2.o(.ARM.Collect$$libshutdown$$00000006)
    .ARM.Collect$$libshutdown$$00000009      0x08000142   Section        0  libshutdown2.o(.ARM.Collect$$libshutdown$$00000009)
    .ARM.Collect$$libshutdown$$0000000C      0x08000142   Section        0  libshutdown2.o(.ARM.Collect$$libshutdown$$0000000C)
    .ARM.Collect$$libshutdown$$0000000E      0x08000142   Section        0  libshutdown2.o(.ARM.Collect$$libshutdown$$0000000E)
    .ARM.Collect$$libshutdown$$00000011      0x08000142   Section        0  libshutdown2.o(.ARM.Collect$$libshutdown$$00000011)
    .ARM.Collect$$libshutdown$$00000012      0x08000142   Section        2  libshutdown2.o(.ARM.Collect$$libshutdown$$00000012)
    .ARM.Collect$$rtentry$$00000000          0x08000144   Section        0  __rtentry.o(.ARM.Collect$$rtentry$$00000000)
    .ARM.Collect$$rtentry$$00000002          0x08000144   Section        0  __rtentry2.o(.ARM.Collect$$rtentry$$00000002)
    .ARM.Collect$$rtentry$$00000004          0x08000144   Section        6  __rtentry4.o(.ARM.Collect$$rtentry$$00000004)
    .ARM.Collect$$rtentry$$00000009          0x0800014a   Section        0  __rtentry2.o(.ARM.Collect$$rtentry$$00000009)
    .ARM.Collect$$rtentry$$0000000A          0x0800014a   Section        4  __rtentry2.o(.ARM.Collect$$rtentry$$0000000A)
    .ARM.Collect$$rtentry$$0000000C          0x0800014e   Section        0  __rtentry2.o(.ARM.Collect$$rtentry$$0000000C)
    .ARM.Collect$$rtentry$$0000000D          0x0800014e   Section        8  __rtentry2.o(.ARM.Collect$$rtentry$$0000000D)
    .ARM.Collect$$rtexit$$00000000           0x08000156   Section        2  rtexit.o(.ARM.Collect$$rtexit$$00000000)
    .ARM.Collect$$rtexit$$00000002           0x08000158   Section        0  rtexit2.o(.ARM.Collect$$rtexit$$00000002)
    .ARM.Collect$$rtexit$$00000003           0x08000158   Section        4  rtexit2.o(.ARM.Collect$$rtexit$$00000003)
    .ARM.Collect$$rtexit$$00000004           0x0800015c   Section        6  rtexit2.o(.ARM.Collect$$rtexit$$00000004)
    .emb_text                                0x08000164   Section       56  rt_memcpy.o(.emb_text)
    .text                                    0x0800019c   Section       56  startup_stm32l051xx.o(.text)
    .text                                    0x080001d4   Section        0  llmul.o(.text)
    .text                                    0x08000204   Section        0  strcpy.o(.text)
    .text                                    0x08000250   Section      346  aeabi_sdiv.o(.text)
    .text                                    0x080003aa   Section        0  heapauxi.o(.text)
    .text                                    0x080003b0   Section        0  ffixui.o(.text)
    .text                                    0x080003e0   Section        0  fflti.o(.text)
    .text                                    0x0800043e   Section       62  sys_stackheap_outer.o(.text)
    .text                                    0x0800047c   Section        0  exit.o(.text)
    .text                                    0x0800048c   Section        8  libspace.o(.text)
    .text                                    0x08000494   Section        0  sys_exit.o(.text)
    .text                                    0x080004a0   Section        2  use_no_semi.o(.text)
    .text                                    0x080004a2   Section        0  indicate_semi.o(.text)
    i.Board_Init                             0x080004a4   Section        0  board_init.o(i.Board_Init)
    i.Device_Init                            0x08000508   Section        0  deviceaction.o(i.Device_Init)
    i.Enter_LowPowerMode                     0x0800054c   Section        0  board_init.o(i.Enter_LowPowerMode)
    i.GPIO_Init                              0x08000620   Section        0  board_gpio.o(i.GPIO_Init)
    i.GPIO_SET_BIT                           0x0800064c   Section        0  board_gpio.o(i.GPIO_SET_BIT)
    i.HardFault_Handler                      0x08000678   Section        0  stm32l0xx_it.o(i.HardFault_Handler)
    i.I2C_Delay                              0x0800067a   Section        0  vl53l0x_i2c.o(i.I2C_Delay)
    I2C_Delay                                0x0800067b   Thumb Code    14  vl53l0x_i2c.o(i.I2C_Delay)
    i.NMI_Handler                            0x08000688   Section        0  stm32l0xx_it.o(i.NMI_Handler)
    i.PendSV_Handler                         0x0800068a   Section        0  stm32l0xx_it.o(i.PendSV_Handler)
    i.RTC_AWU_Init                           0x0800068c   Section        0  board_init.o(i.RTC_AWU_Init)
    RTC_AWU_Init                             0x0800068d   Thumb Code   194  board_init.o(i.RTC_AWU_Init)
    i.RTC_IRQHandler                         0x08000764   Section        0  board_init.o(i.RTC_IRQHandler)
    i.SVC_Handler                            0x08000790   Section        0  stm32l0xx_it.o(i.SVC_Handler)
    i.SYS_IncTick                            0x08000794   Section        0  board_init.o(i.SYS_IncTick)
    SYS_IncTick                              0x08000795   Thumb Code    10  board_init.o(i.SYS_IncTick)
    i.SysTick_Handler                        0x080007a4   Section        0  board_init.o(i.SysTick_Handler)
    i.SystemClock_Init                       0x080007ac   Section        0  board_init.o(i.SystemClock_Init)
    i.SystemInit                             0x08000878   Section        0  system_stm32l0xx.o(i.SystemInit)
    i.Systick_DelayMs                        0x080008cc   Section        0  board_init.o(i.Systick_DelayMs)
    i.Systick_DelayUs                        0x080008e8   Section        0  board_init.o(i.Systick_DelayUs)
    i.TIM2_IRQHandler                        0x0800092c   Section        0  board_init.o(i.TIM2_IRQHandler)
    i.USART2_IRQHandler                      0x0800094c   Section        0  board_init.o(i.USART2_IRQHandler)
    i.USART2_Init                            0x0800097c   Section        0  board_init.o(i.USART2_Init)
    USART2_Init                              0x0800097d   Thumb Code    94  board_init.o(i.USART2_Init)
    i.VL53L0X_DataInit                       0x080009e8   Section        0  vl53l0x_api.o(i.VL53L0X_DataInit)
    i.VL53L0X_GetDeviceInfo                  0x08000b84   Section        0  vl53l0x_api.o(i.VL53L0X_GetDeviceInfo)
    i.VL53L0X_GetDeviceParameters            0x08000b8c   Section        0  vl53l0x_api.o(i.VL53L0X_GetDeviceParameters)
    i.VL53L0X_GetInterMeasurementPeriodMilliSeconds 0x08000c08   Section        0  vl53l0x_api.o(i.VL53L0X_GetInterMeasurementPeriodMilliSeconds)
    i.VL53L0X_GetLimitCheckEnable            0x08000c42   Section        0  vl53l0x_api.o(i.VL53L0X_GetLimitCheckEnable)
    i.VL53L0X_GetLimitCheckValue             0x08000c5a   Section        0  vl53l0x_api.o(i.VL53L0X_GetLimitCheckValue)
    i.VL53L0X_GetMeasurementTimingBudgetMicroSeconds 0x08000ce0   Section        0  vl53l0x_api.o(i.VL53L0X_GetMeasurementTimingBudgetMicroSeconds)
    i.VL53L0X_GetOffsetCalibrationDataMicroMeter 0x08000ce8   Section        0  vl53l0x_api.o(i.VL53L0X_GetOffsetCalibrationDataMicroMeter)
    i.VL53L0X_GetSequenceStepEnables         0x08000cf0   Section        0  vl53l0x_api.o(i.VL53L0X_GetSequenceStepEnables)
    i.VL53L0X_GetVcselPulsePeriod            0x08000d62   Section        0  vl53l0x_api.o(i.VL53L0X_GetVcselPulsePeriod)
    i.VL53L0X_GetWrapAroundCheckEnable       0x08000d6a   Section        0  vl53l0x_api.o(i.VL53L0X_GetWrapAroundCheckEnable)
    i.VL53L0X_GetXTalkCompensationRateMegaCps 0x08000d98   Section        0  vl53l0x_api.o(i.VL53L0X_GetXTalkCompensationRateMegaCps)
    i.VL53L0X_Init                           0x08000dc8   Section        0  vl53l0x.o(i.VL53L0X_Init)
    i.VL53L0X_PollingDelay                   0x08000e94   Section        0  vl53l0x_platform.o(i.VL53L0X_PollingDelay)
    i.VL53L0X_RdByte                         0x08000ea6   Section        0  vl53l0x_platform.o(i.VL53L0X_RdByte)
    i.VL53L0X_RdDWord                        0x08000ec0   Section        0  vl53l0x_platform.o(i.VL53L0X_RdDWord)
    i.VL53L0X_RdWord                         0x08000eda   Section        0  vl53l0x_platform.o(i.VL53L0X_RdWord)
    i.VL53L0X_SetAddress                     0x08000ef4   Section        0  vl53l0x.o(i.VL53L0X_SetAddress)
    i.VL53L0X_SetDeviceAddress               0x08000f54   Section        0  vl53l0x_api.o(i.VL53L0X_SetDeviceAddress)
    i.VL53L0X_SetLimitCheckEnable            0x08000f60   Section        0  vl53l0x_api.o(i.VL53L0X_SetLimitCheckEnable)
    i.VL53L0X_SetLimitCheckValue             0x08000fdc   Section        0  vl53l0x_api.o(i.VL53L0X_SetLimitCheckValue)
    i.VL53L0X_UpdateByte                     0x0800102e   Section        0  vl53l0x_platform.o(i.VL53L0X_UpdateByte)
    i.VL53L0X_WrByte                         0x08001072   Section        0  vl53l0x_platform.o(i.VL53L0X_WrByte)
    i.VL53L0X_WrWord                         0x0800108c   Section        0  vl53l0x_platform.o(i.VL53L0X_WrWord)
    i.VL53L0X_calc_macro_period_ps           0x080010a8   Section        0  vl53l0x_api_core.o(i.VL53L0X_calc_macro_period_ps)
    i.VL53L0X_calc_timeout_us                0x080010c4   Section        0  vl53l0x_api_core.o(i.VL53L0X_calc_timeout_us)
    i.VL53L0X_check_part_used                0x080010ec   Section        0  vl53l0x_api_strings.o(i.VL53L0X_check_part_used)
    i.VL53L0X_decode_timeout                 0x08001124   Section        0  vl53l0x_api_core.o(i.VL53L0X_decode_timeout)
    i.VL53L0X_decode_vcsel_period            0x0800112e   Section        0  vl53l0x_api_core.o(i.VL53L0X_decode_vcsel_period)
    i.VL53L0X_device_read_strobe             0x08001136   Section        0  vl53l0x_api_core.o(i.VL53L0X_device_read_strobe)
    i.VL53L0X_get_device_info                0x0800117c   Section        0  vl53l0x_api_strings.o(i.VL53L0X_get_device_info)
    i.VL53L0X_get_info_from_device           0x08001230   Section        0  vl53l0x_api_core.o(i.VL53L0X_get_info_from_device)
    i.VL53L0X_get_measurement_timing_budget_micro_seconds 0x080016f8   Section        0  vl53l0x_api_core.o(i.VL53L0X_get_measurement_timing_budget_micro_seconds)
    i.VL53L0X_get_offset_calibration_data_micro_meter 0x080017d8   Section        0  vl53l0x_api_calibration.o(i.VL53L0X_get_offset_calibration_data_micro_meter)
    i.VL53L0X_get_vcsel_pulse_period         0x08001814   Section        0  vl53l0x_api_core.o(i.VL53L0X_get_vcsel_pulse_period)
    i.VL53L0X_i2c_init                       0x08001848   Section        0  vl53l0x_i2c.o(i.VL53L0X_i2c_init)
    i.VL53L0X_read_byte                      0x0800188c   Section        0  vl53l0x_i2c.o(i.VL53L0X_read_byte)
    i.VL53L0X_read_dword                     0x08001896   Section        0  vl53l0x_i2c.o(i.VL53L0X_read_dword)
    i.VL53L0X_read_multi                     0x080018bc   Section        0  vl53l0x_i2c.o(i.VL53L0X_read_multi)
    i.VL53L0X_read_word                      0x080018d4   Section        0  vl53l0x_i2c.o(i.VL53L0X_read_word)
    i.VL53L0X_write_byte                     0x080018ee   Section        0  vl53l0x_i2c.o(i.VL53L0X_write_byte)
    i.VL53L0X_write_multi                    0x080018fa   Section        0  vl53l0x_i2c.o(i.VL53L0X_write_multi)
    i.VL53L0X_write_word                     0x08001912   Section        0  vl53l0x_i2c.o(i.VL53L0X_write_word)
    i.VL_IIC_Ack                             0x08001944   Section        0  vl53l0x_i2c.o(i.VL_IIC_Ack)
    i.VL_IIC_NAck                            0x08001980   Section        0  vl53l0x_i2c.o(i.VL_IIC_NAck)
    i.VL_IIC_Read_Byte                       0x080019bc   Section        0  vl53l0x_i2c.o(i.VL_IIC_Read_Byte)
    i.VL_IIC_Read_nByte                      0x08001a18   Section        0  vl53l0x_i2c.o(i.VL_IIC_Read_nByte)
    i.VL_IIC_Send_Byte                       0x08001a7c   Section        0  vl53l0x_i2c.o(i.VL_IIC_Send_Byte)
    i.VL_IIC_Start                           0x08001ad8   Section        0  vl53l0x_i2c.o(i.VL_IIC_Start)
    i.VL_IIC_Stop                            0x08001b18   Section        0  vl53l0x_i2c.o(i.VL_IIC_Stop)
    i.VL_IIC_Wait_Ack                        0x08001b58   Section        0  vl53l0x_i2c.o(i.VL_IIC_Wait_Ack)
    i.VL_IIC_Write_nByte                     0x08001bb4   Section        0  vl53l0x_i2c.o(i.VL_IIC_Write_nByte)
    i.__ARM_common_switch8                   0x08001bfa   Section        0  deviceaction.o(i.__ARM_common_switch8)
    i.__NVIC_ClearPendingIRQ                 0x08001c14   Section        0  board_init.o(i.__NVIC_ClearPendingIRQ)
    __NVIC_ClearPendingIRQ                   0x08001c15   Thumb Code    18  board_init.o(i.__NVIC_ClearPendingIRQ)
    i.__NVIC_EnableIRQ                       0x08001c2c   Section        0  board_init.o(i.__NVIC_EnableIRQ)
    __NVIC_EnableIRQ                         0x08001c2d   Thumb Code    18  board_init.o(i.__NVIC_EnableIRQ)
    i.__NVIC_SetPriority                     0x08001c44   Section        0  board_init.o(i.__NVIC_SetPriority)
    __NVIC_SetPriority                       0x08001c45   Thumb Code    60  board_init.o(i.__NVIC_SetPriority)
    i.get_sequence_step_timeout              0x08001c88   Section        0  vl53l0x_api_core.o(i.get_sequence_step_timeout)
    i.main                                   0x08001d74   Section        0  main.o(i.main)
    i.sequence_step_enabled                  0x08001d80   Section        0  vl53l0x_api.o(i.sequence_step_enabled)
    x$fpl$fmul                               0x08001db4   Section      176  fmul.o(x$fpl$fmul)
    x$fpl$usenofp                            0x08001e64   Section        0  usenofp.o(x$fpl$usenofp)
    .data                                    0x20000000   Section       20  board_init.o(.data)
    USART2_RX_Count                          0x20000001   Data           1  board_init.o(.data)
    USART_StartRX_Count                      0x2000000c   Data           4  board_init.o(.data)
    uwSecond                                 0x20000010   Data           4  board_init.o(.data)
    .data                                    0x20000014   Section        1  vl53l0x.o(.data)
    .bss                                     0x20000018   Section      380  deviceaction.o(.bss)
    .bss                                     0x20000194   Section      200  board_init.o(.bss)
    USART2_RX_BUFF                           0x20000194   Data         100  board_init.o(.bss)
    .bss                                     0x2000025c   Section       99  vl53l0x.o(.bss)
    .bss                                     0x200002c0   Section       48  vl53l0x_cali.o(.bss)
    .bss                                     0x200002f0   Section       96  libspace.o(.bss)
    HEAP                                     0x20000350   Section      512  startup_stm32l051xx.o(HEAP)
    Heap_Mem                                 0x20000350   Data         512  startup_stm32l051xx.o(HEAP)
    STACK                                    0x20000550   Section     1024  startup_stm32l051xx.o(STACK)
    Stack_Mem                                0x20000550   Data        1024  startup_stm32l051xx.o(STACK)
    __initial_sp                             0x20000950   Data           0  startup_stm32l051xx.o(STACK)

    Global Symbols

    Symbol Name                              Value     Ov Type        Size  Object(Section)

    BuildAttributes$$THM_ISAv3M$S$PE$A:L22$X:L11$S22$IEEE1$IW$USESV6$~STKCKD$USESV7$~SHL$OSPACE$ROPI$EBA8$UX$STANDARDLIB$REQ8$PRES8$EABIv2 0x00000000   Number         0  anon$$obj.o ABSOLUTE
    __ARM_use_no_argv                        0x00000000   Number         0  main.o ABSOLUTE
    __ARM_exceptions_init                     - Undefined Weak Reference
    __alloca_initialize                       - Undefined Weak Reference
    __arm_fini_                               - Undefined Weak Reference
    __arm_preinit_                            - Undefined Weak Reference
    __cpp_initialize__aeabi_                  - Undefined Weak Reference
    __cxa_finalize                            - Undefined Weak Reference
    __rt_locale                               - Undefined Weak Reference
    __sigvec_lookup                           - Undefined Weak Reference
    _atexit_init                              - Undefined Weak Reference
    _call_atexit_fns                          - Undefined Weak Reference
    _clock_init                               - Undefined Weak Reference
    _fp_trap_init                             - Undefined Weak Reference
    _fp_trap_shutdown                         - Undefined Weak Reference
    _get_lc_collate                           - Undefined Weak Reference
    _get_lc_ctype                             - Undefined Weak Reference
    _get_lc_monetary                          - Undefined Weak Reference
    _get_lc_numeric                           - Undefined Weak Reference
    _get_lc_time                              - Undefined Weak Reference
    _getenv_init                              - Undefined Weak Reference
    _handle_redirection                       - Undefined Weak Reference
    _init_alloc                               - Undefined Weak Reference
    _init_user_alloc                          - Undefined Weak Reference
    _initio                                   - Undefined Weak Reference
    _rand_init                                - Undefined Weak Reference
    _signal_finish                            - Undefined Weak Reference
    _signal_init                              - Undefined Weak Reference
    _terminate_alloc                          - Undefined Weak Reference
    _terminate_user_alloc                     - Undefined Weak Reference
    _terminateio                              - Undefined Weak Reference
    __Vectors_Size                           0x000000c0   Number         0  startup_stm32l051xx.o ABSOLUTE
    __Vectors                                0x08000000   Data           4  startup_stm32l051xx.o(RESET)
    __Vectors_End                            0x080000c0   Data           0  startup_stm32l051xx.o(RESET)
    __main                                   0x080000c1   Thumb Code     8  __main.o(!!!main)
    __scatterload                            0x080000c9   Thumb Code     0  __scatter.o(!!!scatter)
    __scatterload_rt2                        0x080000c9   Thumb Code    52  __scatter.o(!!!scatter)
    __scatterload_rt2_thumb_only             0x080000c9   Thumb Code     0  __scatter.o(!!!scatter)
    __scatterload_null                       0x080000d9   Thumb Code     0  __scatter.o(!!!scatter)
    __scatterload_copy                       0x08000105   Thumb Code    26  __scatter_copy.o(!!handler_copy)
    __scatterload_zeroinit                   0x08000121   Thumb Code    28  __scatter_zi.o(!!handler_zi)
    __rt_lib_init                            0x0800013d   Thumb Code     0  libinit.o(.ARM.Collect$$libinit$$00000000)
    __rt_lib_init_alloca_1                   0x0800013f   Thumb Code     0  libinit2.o(.ARM.Collect$$libinit$$0000002E)
    __rt_lib_init_argv_1                     0x0800013f   Thumb Code     0  libinit2.o(.ARM.Collect$$libinit$$0000002C)
    __rt_lib_init_atexit_1                   0x0800013f   Thumb Code     0  libinit2.o(.ARM.Collect$$libinit$$0000001B)
    __rt_lib_init_clock_1                    0x0800013f   Thumb Code     0  libinit2.o(.ARM.Collect$$libinit$$00000021)
    __rt_lib_init_cpp_1                      0x0800013f   Thumb Code     0  libinit2.o(.ARM.Collect$$libinit$$00000032)
    __rt_lib_init_exceptions_1               0x0800013f   Thumb Code     0  libinit2.o(.ARM.Collect$$libinit$$00000030)
    __rt_lib_init_fp_1                       0x0800013f   Thumb Code     0  libinit2.o(.ARM.Collect$$libinit$$00000002)
    __rt_lib_init_fp_trap_1                  0x0800013f   Thumb Code     0  libinit2.o(.ARM.Collect$$libinit$$0000001F)
    __rt_lib_init_getenv_1                   0x0800013f   Thumb Code     0  libinit2.o(.ARM.Collect$$libinit$$00000023)
    __rt_lib_init_heap_1                     0x0800013f   Thumb Code     0  libinit2.o(.ARM.Collect$$libinit$$0000000A)
    __rt_lib_init_lc_collate_1               0x0800013f   Thumb Code     0  libinit2.o(.ARM.Collect$$libinit$$00000011)
    __rt_lib_init_lc_ctype_1                 0x0800013f   Thumb Code     0  libinit2.o(.ARM.Collect$$libinit$$00000013)
    __rt_lib_init_lc_monetary_1              0x0800013f   Thumb Code     0  libinit2.o(.ARM.Collect$$libinit$$00000015)
    __rt_lib_init_lc_numeric_1               0x0800013f   Thumb Code     0  libinit2.o(.ARM.Collect$$libinit$$00000017)
    __rt_lib_init_lc_time_1                  0x0800013f   Thumb Code     0  libinit2.o(.ARM.Collect$$libinit$$00000019)
    __rt_lib_init_preinit_1                  0x0800013f   Thumb Code     0  libinit2.o(.ARM.Collect$$libinit$$00000004)
    __rt_lib_init_rand_1                     0x0800013f   Thumb Code     0  libinit2.o(.ARM.Collect$$libinit$$0000000E)
    __rt_lib_init_return                     0x0800013f   Thumb Code     0  libinit2.o(.ARM.Collect$$libinit$$00000033)
    __rt_lib_init_signal_1                   0x0800013f   Thumb Code     0  libinit2.o(.ARM.Collect$$libinit$$0000001D)
    __rt_lib_init_stdio_1                    0x0800013f   Thumb Code     0  libinit2.o(.ARM.Collect$$libinit$$00000025)
    __rt_lib_init_user_alloc_1               0x0800013f   Thumb Code     0  libinit2.o(.ARM.Collect$$libinit$$0000000C)
    __rt_lib_shutdown                        0x08000141   Thumb Code     0  libshutdown.o(.ARM.Collect$$libshutdown$$00000000)
    __rt_lib_shutdown_cpp_1                  0x08000143   Thumb Code     0  libshutdown2.o(.ARM.Collect$$libshutdown$$00000004)
    __rt_lib_shutdown_fini_1                 0x08000143   Thumb Code     0  libshutdown2.o(.ARM.Collect$$libshutdown$$00000002)
    __rt_lib_shutdown_fp_trap_1              0x08000143   Thumb Code     0  libshutdown2.o(.ARM.Collect$$libshutdown$$00000009)
    __rt_lib_shutdown_heap_1                 0x08000143   Thumb Code     0  libshutdown2.o(.ARM.Collect$$libshutdown$$00000011)
    __rt_lib_shutdown_return                 0x08000143   Thumb Code     0  libshutdown2.o(.ARM.Collect$$libshutdown$$00000012)
    __rt_lib_shutdown_signal_1               0x08000143   Thumb Code     0  libshutdown2.o(.ARM.Collect$$libshutdown$$0000000C)
    __rt_lib_shutdown_stdio_1                0x08000143   Thumb Code     0  libshutdown2.o(.ARM.Collect$$libshutdown$$00000006)
    __rt_lib_shutdown_user_alloc_1           0x08000143   Thumb Code     0  libshutdown2.o(.ARM.Collect$$libshutdown$$0000000E)
    __rt_entry                               0x08000145   Thumb Code     0  __rtentry.o(.ARM.Collect$$rtentry$$00000000)
    __rt_entry_presh_1                       0x08000145   Thumb Code     0  __rtentry2.o(.ARM.Collect$$rtentry$$00000002)
    __rt_entry_sh                            0x08000145   Thumb Code     0  __rtentry4.o(.ARM.Collect$$rtentry$$00000004)
    __rt_entry_li                            0x0800014b   Thumb Code     0  __rtentry2.o(.ARM.Collect$$rtentry$$0000000A)
    __rt_entry_postsh_1                      0x0800014b   Thumb Code     0  __rtentry2.o(.ARM.Collect$$rtentry$$00000009)
    __rt_entry_main                          0x0800014f   Thumb Code     0  __rtentry2.o(.ARM.Collect$$rtentry$$0000000D)
    __rt_entry_postli_1                      0x0800014f   Thumb Code     0  __rtentry2.o(.ARM.Collect$$rtentry$$0000000C)
    __rt_exit                                0x08000157   Thumb Code     0  rtexit.o(.ARM.Collect$$rtexit$$00000000)
    __rt_exit_ls                             0x08000159   Thumb Code     0  rtexit2.o(.ARM.Collect$$rtexit$$00000003)
    __rt_exit_prels_1                        0x08000159   Thumb Code     0  rtexit2.o(.ARM.Collect$$rtexit$$00000002)
    __rt_exit_exit                           0x0800015d   Thumb Code     0  rtexit2.o(.ARM.Collect$$rtexit$$00000004)
    __aeabi_memcpy4                          0x08000165   Thumb Code    56  rt_memcpy.o(.emb_text)
    __aeabi_memcpy8                          0x08000165   Thumb Code     0  rt_memcpy.o(.emb_text)
    Reset_Handler                            0x0800019d   Thumb Code     8  startup_stm32l051xx.o(.text)
    ADC1_COMP_IRQHandler                     0x080001af   Thumb Code     0  startup_stm32l051xx.o(.text)
    DMA1_Channel1_IRQHandler                 0x080001af   Thumb Code     0  startup_stm32l051xx.o(.text)
    DMA1_Channel2_3_IRQHandler               0x080001af   Thumb Code     0  startup_stm32l051xx.o(.text)
    DMA1_Channel4_5_6_7_IRQHandler           0x080001af   Thumb Code     0  startup_stm32l051xx.o(.text)
    EXTI0_1_IRQHandler                       0x080001af   Thumb Code     0  startup_stm32l051xx.o(.text)
    EXTI2_3_IRQHandler                       0x080001af   Thumb Code     0  startup_stm32l051xx.o(.text)
    EXTI4_15_IRQHandler                      0x080001af   Thumb Code     0  startup_stm32l051xx.o(.text)
    FLASH_IRQHandler                         0x080001af   Thumb Code     0  startup_stm32l051xx.o(.text)
    I2C1_IRQHandler                          0x080001af   Thumb Code     0  startup_stm32l051xx.o(.text)
    I2C2_IRQHandler                          0x080001af   Thumb Code     0  startup_stm32l051xx.o(.text)
    LPTIM1_IRQHandler                        0x080001af   Thumb Code     0  startup_stm32l051xx.o(.text)
    LPUART1_IRQHandler                       0x080001af   Thumb Code     0  startup_stm32l051xx.o(.text)
    PVD_IRQHandler                           0x080001af   Thumb Code     0  startup_stm32l051xx.o(.text)
    RCC_IRQHandler                           0x080001af   Thumb Code     0  startup_stm32l051xx.o(.text)
    SPI1_IRQHandler                          0x080001af   Thumb Code     0  startup_stm32l051xx.o(.text)
    SPI2_IRQHandler                          0x080001af   Thumb Code     0  startup_stm32l051xx.o(.text)
    TIM21_IRQHandler                         0x080001af   Thumb Code     0  startup_stm32l051xx.o(.text)
    TIM22_IRQHandler                         0x080001af   Thumb Code     0  startup_stm32l051xx.o(.text)
    TIM6_IRQHandler                          0x080001af   Thumb Code     0  startup_stm32l051xx.o(.text)
    USART1_IRQHandler                        0x080001af   Thumb Code     0  startup_stm32l051xx.o(.text)
    WWDG_IRQHandler                          0x080001af   Thumb Code     0  startup_stm32l051xx.o(.text)
    __user_initial_stackheap                 0x080001b1   Thumb Code     0  startup_stm32l051xx.o(.text)
    __aeabi_lmul                             0x080001d5   Thumb Code    48  llmul.o(.text)
    _ll_mul                                  0x080001d5   Thumb Code     0  llmul.o(.text)
    strcpy                                   0x08000205   Thumb Code    70  strcpy.o(.text)
    __aeabi_uidiv                            0x08000251   Thumb Code     0  aeabi_sdiv.o(.text)
    __aeabi_uidivmod                         0x08000251   Thumb Code    20  aeabi_sdiv.o(.text)
    __aeabi_idiv                             0x08000265   Thumb Code     0  aeabi_sdiv.o(.text)
    __aeabi_idivmod                          0x08000265   Thumb Code   326  aeabi_sdiv.o(.text)
    __use_two_region_memory                  0x080003ab   Thumb Code     2  heapauxi.o(.text)
    __rt_heap_escrow$2region                 0x080003ad   Thumb Code     2  heapauxi.o(.text)
    __rt_heap_expand$2region                 0x080003af   Thumb Code     2  heapauxi.o(.text)
    __aeabi_f2uiz                            0x080003b1   Thumb Code     0  ffixui.o(.text)
    _ffixu                                   0x080003b1   Thumb Code    48  ffixui.o(.text)
    __aeabi_i2f_normalise                    0x080003e1   Thumb Code    72  fflti.o(.text)
    __aeabi_i2f                              0x08000429   Thumb Code    16  fflti.o(.text)
    _fflt                                    0x08000429   Thumb Code     0  fflti.o(.text)
    __aeabi_ui2f                             0x08000439   Thumb Code     6  fflti.o(.text)
    _ffltu                                   0x08000439   Thumb Code     0  fflti.o(.text)
    __user_setup_stackheap                   0x0800043f   Thumb Code    62  sys_stackheap_outer.o(.text)
    exit                                     0x0800047d   Thumb Code    16  exit.o(.text)
    __user_libspace                          0x0800048d   Thumb Code     8  libspace.o(.text)
    __user_perproc_libspace                  0x0800048d   Thumb Code     0  libspace.o(.text)
    __user_perthread_libspace                0x0800048d   Thumb Code     0  libspace.o(.text)
    _sys_exit                                0x08000495   Thumb Code     8  sys_exit.o(.text)
    __I$use$semihosting                      0x080004a1   Thumb Code     0  use_no_semi.o(.text)
    __use_no_semihosting_swi                 0x080004a1   Thumb Code     2  use_no_semi.o(.text)
    __semihosting_library_function           0x080004a3   Thumb Code     0  indicate_semi.o(.text)
    Board_Init                               0x080004a5   Thumb Code    88  board_init.o(i.Board_Init)
    Device_Init                              0x08000509   Thumb Code    54  deviceaction.o(i.Device_Init)
    Enter_LowPowerMode                       0x0800054d   Thumb Code   178  board_init.o(i.Enter_LowPowerMode)
    GPIO_Init                                0x08000621   Thumb Code    40  board_gpio.o(i.GPIO_Init)
    GPIO_SET_BIT                             0x0800064d   Thumb Code    40  board_gpio.o(i.GPIO_SET_BIT)
    HardFault_Handler                        0x08000679   Thumb Code     2  stm32l0xx_it.o(i.HardFault_Handler)
    NMI_Handler                              0x08000689   Thumb Code     2  stm32l0xx_it.o(i.NMI_Handler)
    PendSV_Handler                           0x0800068b   Thumb Code     2  stm32l0xx_it.o(i.PendSV_Handler)
    RTC_IRQHandler                           0x08000765   Thumb Code    36  board_init.o(i.RTC_IRQHandler)
    SVC_Handler                              0x08000791   Thumb Code     2  stm32l0xx_it.o(i.SVC_Handler)
    SysTick_Handler                          0x080007a5   Thumb Code     8  board_init.o(i.SysTick_Handler)
    SystemClock_Init                         0x080007ad   Thumb Code   182  board_init.o(i.SystemClock_Init)
    SystemInit                               0x08000879   Thumb Code    66  system_stm32l0xx.o(i.SystemInit)
    Systick_DelayMs                          0x080008cd   Thumb Code    26  board_init.o(i.Systick_DelayMs)
    Systick_DelayUs                          0x080008e9   Thumb Code    60  board_init.o(i.Systick_DelayUs)
    TIM2_IRQHandler                          0x0800092d   Thumb Code    28  board_init.o(i.TIM2_IRQHandler)
    USART2_IRQHandler                        0x0800094d   Thumb Code    36  board_init.o(i.USART2_IRQHandler)
    VL53L0X_DataInit                         0x080009e9   Thumb Code   404  vl53l0x_api.o(i.VL53L0X_DataInit)
    VL53L0X_GetDeviceInfo                    0x08000b85   Thumb Code     8  vl53l0x_api.o(i.VL53L0X_GetDeviceInfo)
    VL53L0X_GetDeviceParameters              0x08000b8d   Thumb Code   124  vl53l0x_api.o(i.VL53L0X_GetDeviceParameters)
    VL53L0X_GetInterMeasurementPeriodMilliSeconds 0x08000c09   Thumb Code    58  vl53l0x_api.o(i.VL53L0X_GetInterMeasurementPeriodMilliSeconds)
    VL53L0X_GetLimitCheckEnable              0x08000c43   Thumb Code    24  vl53l0x_api.o(i.VL53L0X_GetLimitCheckEnable)
    VL53L0X_GetLimitCheckValue               0x08000c5b   Thumb Code   134  vl53l0x_api.o(i.VL53L0X_GetLimitCheckValue)
    VL53L0X_GetMeasurementTimingBudgetMicroSeconds 0x08000ce1   Thumb Code     8  vl53l0x_api.o(i.VL53L0X_GetMeasurementTimingBudgetMicroSeconds)
    VL53L0X_GetOffsetCalibrationDataMicroMeter 0x08000ce9   Thumb Code     8  vl53l0x_api.o(i.VL53L0X_GetOffsetCalibrationDataMicroMeter)
    VL53L0X_GetSequenceStepEnables           0x08000cf1   Thumb Code   114  vl53l0x_api.o(i.VL53L0X_GetSequenceStepEnables)
    VL53L0X_GetVcselPulsePeriod              0x08000d63   Thumb Code     8  vl53l0x_api.o(i.VL53L0X_GetVcselPulsePeriod)
    VL53L0X_GetWrapAroundCheckEnable         0x08000d6b   Thumb Code    46  vl53l0x_api.o(i.VL53L0X_GetWrapAroundCheckEnable)
    VL53L0X_GetXTalkCompensationRateMegaCps  0x08000d99   Thumb Code    46  vl53l0x_api.o(i.VL53L0X_GetXTalkCompensationRateMegaCps)
    VL53L0X_Init                             0x08000dc9   Thumb Code   184  vl53l0x.o(i.VL53L0X_Init)
    VL53L0X_PollingDelay                     0x08000e95   Thumb Code    18  vl53l0x_platform.o(i.VL53L0X_PollingDelay)
    VL53L0X_RdByte                           0x08000ea7   Thumb Code    26  vl53l0x_platform.o(i.VL53L0X_RdByte)
    VL53L0X_RdDWord                          0x08000ec1   Thumb Code    26  vl53l0x_platform.o(i.VL53L0X_RdDWord)
    VL53L0X_RdWord                           0x08000edb   Thumb Code    26  vl53l0x_platform.o(i.VL53L0X_RdWord)
    VL53L0X_SetAddress                       0x08000ef5   Thumb Code    92  vl53l0x.o(i.VL53L0X_SetAddress)
    VL53L0X_SetDeviceAddress                 0x08000f55   Thumb Code    12  vl53l0x_api.o(i.VL53L0X_SetDeviceAddress)
    VL53L0X_SetLimitCheckEnable              0x08000f61   Thumb Code   124  vl53l0x_api.o(i.VL53L0X_SetLimitCheckEnable)
    VL53L0X_SetLimitCheckValue               0x08000fdd   Thumb Code    82  vl53l0x_api.o(i.VL53L0X_SetLimitCheckValue)
    VL53L0X_UpdateByte                       0x0800102f   Thumb Code    68  vl53l0x_platform.o(i.VL53L0X_UpdateByte)
    VL53L0X_WrByte                           0x08001073   Thumb Code    26  vl53l0x_platform.o(i.VL53L0X_WrByte)
    VL53L0X_WrWord                           0x0800108d   Thumb Code    26  vl53l0x_platform.o(i.VL53L0X_WrWord)
    VL53L0X_calc_macro_period_ps             0x080010a9   Thumb Code    22  vl53l0x_api_core.o(i.VL53L0X_calc_macro_period_ps)
    VL53L0X_calc_timeout_us                  0x080010c5   Thumb Code    40  vl53l0x_api_core.o(i.VL53L0X_calc_timeout_us)
    VL53L0X_check_part_used                  0x080010ed   Thumb Code    56  vl53l0x_api_strings.o(i.VL53L0X_check_part_used)
    VL53L0X_decode_timeout                   0x08001125   Thumb Code    10  vl53l0x_api_core.o(i.VL53L0X_decode_timeout)
    VL53L0X_decode_vcsel_period              0x0800112f   Thumb Code     8  vl53l0x_api_core.o(i.VL53L0X_decode_vcsel_period)
    VL53L0X_device_read_strobe               0x08001137   Thumb Code    70  vl53l0x_api_core.o(i.VL53L0X_device_read_strobe)
    VL53L0X_get_device_info                  0x0800117d   Thumb Code   110  vl53l0x_api_strings.o(i.VL53L0X_get_device_info)
    VL53L0X_get_info_from_device             0x08001231   Thumb Code  1224  vl53l0x_api_core.o(i.VL53L0X_get_info_from_device)
    VL53L0X_get_measurement_timing_budget_micro_seconds 0x080016f9   Thumb Code   216  vl53l0x_api_core.o(i.VL53L0X_get_measurement_timing_budget_micro_seconds)
    VL53L0X_get_offset_calibration_data_micro_meter 0x080017d9   Thumb Code    56  vl53l0x_api_calibration.o(i.VL53L0X_get_offset_calibration_data_micro_meter)
    VL53L0X_get_vcsel_pulse_period           0x08001815   Thumb Code    50  vl53l0x_api_core.o(i.VL53L0X_get_vcsel_pulse_period)
    VL53L0X_i2c_init                         0x08001849   Thumb Code    62  vl53l0x_i2c.o(i.VL53L0X_i2c_init)
    VL53L0X_read_byte                        0x0800188d   Thumb Code    10  vl53l0x_i2c.o(i.VL53L0X_read_byte)
    VL53L0X_read_dword                       0x08001897   Thumb Code    38  vl53l0x_i2c.o(i.VL53L0X_read_dword)
    VL53L0X_read_multi                       0x080018bd   Thumb Code    24  vl53l0x_i2c.o(i.VL53L0X_read_multi)
    VL53L0X_read_word                        0x080018d5   Thumb Code    26  vl53l0x_i2c.o(i.VL53L0X_read_word)
    VL53L0X_write_byte                       0x080018ef   Thumb Code    12  vl53l0x_i2c.o(i.VL53L0X_write_byte)
    VL53L0X_write_multi                      0x080018fb   Thumb Code    24  vl53l0x_i2c.o(i.VL53L0X_write_multi)
    VL53L0X_write_word                       0x08001913   Thumb Code    50  vl53l0x_i2c.o(i.VL53L0X_write_word)
    VL_IIC_Ack                               0x08001945   Thumb Code    56  vl53l0x_i2c.o(i.VL_IIC_Ack)
    VL_IIC_NAck                              0x08001981   Thumb Code    56  vl53l0x_i2c.o(i.VL_IIC_NAck)
    VL_IIC_Read_Byte                         0x080019bd   Thumb Code    88  vl53l0x_i2c.o(i.VL_IIC_Read_Byte)
    VL_IIC_Read_nByte                        0x08001a19   Thumb Code    98  vl53l0x_i2c.o(i.VL_IIC_Read_nByte)
    VL_IIC_Send_Byte                         0x08001a7d   Thumb Code    88  vl53l0x_i2c.o(i.VL_IIC_Send_Byte)
    VL_IIC_Start                             0x08001ad9   Thumb Code    58  vl53l0x_i2c.o(i.VL_IIC_Start)
    VL_IIC_Stop                              0x08001b19   Thumb Code    58  vl53l0x_i2c.o(i.VL_IIC_Stop)
    VL_IIC_Wait_Ack                          0x08001b59   Thumb Code    84  vl53l0x_i2c.o(i.VL_IIC_Wait_Ack)
    VL_IIC_Write_nByte                       0x08001bb5   Thumb Code    70  vl53l0x_i2c.o(i.VL_IIC_Write_nByte)
    __ARM_common_switch8                     0x08001bfb   Thumb Code    26  deviceaction.o(i.__ARM_common_switch8)
    get_sequence_step_timeout                0x08001c89   Thumb Code   236  vl53l0x_api_core.o(i.get_sequence_step_timeout)
    main                                     0x08001d75   Thumb Code    12  main.o(i.main)
    sequence_step_enabled                    0x08001d81   Thumb Code    52  vl53l0x_api.o(i.sequence_step_enabled)
    __aeabi_fmul                             0x08001db5   Thumb Code     0  fmul.o(x$fpl$fmul)
    _fmul                                    0x08001db5   Thumb Code   172  fmul.o(x$fpl$fmul)
    Region$$Table$$Base                      0x08001e64   Number         0  anon$$obj.o(Region$$Table)
    __I$use$fp                               0x08001e64   Number         0  usenofp.o(x$fpl$usenofp)
    Region$$Table$$Limit                     0x08001e84   Number         0  anon$$obj.o(Region$$Table)
    USART2_RX_FLAG                           0x20000000   Data           1  board_init.o(.data)
    USART2_RX_SIZE                           0x20000002   Data           1  board_init.o(.data)
    systick_usFac                            0x20000004   Data           4  board_init.o(.data)
    Timer2Count                              0x20000008   Data           4  board_init.o(.data)
    AjustOK                                  0x20000014   Data           1  vl53l0x.o(.data)
    vl53l0x_dev                              0x20000018   Data         352  deviceaction.o(.bss)
    VL53L0x_Data                             0x20000178   Data          28  deviceaction.o(.bss)
    USART2_BUFF_DATA                         0x200001f8   Data         100  board_init.o(.bss)
    vl53l0x_dev_info                         0x2000025c   Data          99  vl53l0x.o(.bss)
    Vl53l0x_adjust                           0x200002c0   Data          24  vl53l0x_cali.o(.bss)
    Vl53l0x_data                             0x200002d8   Data          24  vl53l0x_cali.o(.bss)
    __libspace_start                         0x200002f0   Data          96  libspace.o(.bss)
    __temporary_stack_top$libspace           0x20000350   Data           0  libspace.o(.bss)



==============================================================================

Memory Map of the image

  Image Entry point : 0x080000c1

  Load Region LR_IROM1 (Base: 0x08000000, Size: 0x00001e9c, Max: 0x00010000, ABSOLUTE)

    Execution Region ER_IROM1 (Exec base: 0x08000000, Load base: 0x08000000, Size: 0x00001e84, Max: 0x00010000, ABSOLUTE)

    Exec Addr    Load Addr    Size         Type   Attr      Idx    E Section Name        Object

    0x08000000   0x08000000   0x000000c0   Data   RO         1721    RESET               startup_stm32l051xx.o
    0x080000c0   0x080000c0   0x00000008   Code   RO         1780  * !!!main             c_p.l(__main.o)
    0x080000c8   0x080000c8   0x0000003c   Code   RO         1958    !!!scatter          c_p.l(__scatter.o)
    0x08000104   0x08000104   0x0000001a   Code   RO         1960    !!handler_copy      c_p.l(__scatter_copy.o)
    0x0800011e   0x0800011e   0x00000002   PAD
    0x08000120   0x08000120   0x0000001c   Code   RO         1962    !!handler_zi        c_p.l(__scatter_zi.o)
    0x0800013c   0x0800013c   0x00000002   Code   RO         1825    .ARM.Collect$$libinit$$00000000  c_p.l(libinit.o)
    0x0800013e   0x0800013e   0x00000000   Code   RO         1839    .ARM.Collect$$libinit$$00000002  c_p.l(libinit2.o)
    0x0800013e   0x0800013e   0x00000000   Code   RO         1841    .ARM.Collect$$libinit$$00000004  c_p.l(libinit2.o)
    0x0800013e   0x0800013e   0x00000000   Code   RO         1844    .ARM.Collect$$libinit$$0000000A  c_p.l(libinit2.o)
    0x0800013e   0x0800013e   0x00000000   Code   RO         1846    .ARM.Collect$$libinit$$0000000C  c_p.l(libinit2.o)
    0x0800013e   0x0800013e   0x00000000   Code   RO         1848    .ARM.Collect$$libinit$$0000000E  c_p.l(libinit2.o)
    0x0800013e   0x0800013e   0x00000000   Code   RO         1851    .ARM.Collect$$libinit$$00000011  c_p.l(libinit2.o)
    0x0800013e   0x0800013e   0x00000000   Code   RO         1853    .ARM.Collect$$libinit$$00000013  c_p.l(libinit2.o)
    0x0800013e   0x0800013e   0x00000000   Code   RO         1855    .ARM.Collect$$libinit$$00000015  c_p.l(libinit2.o)
    0x0800013e   0x0800013e   0x00000000   Code   RO         1857    .ARM.Collect$$libinit$$00000017  c_p.l(libinit2.o)
    0x0800013e   0x0800013e   0x00000000   Code   RO         1859    .ARM.Collect$$libinit$$00000019  c_p.l(libinit2.o)
    0x0800013e   0x0800013e   0x00000000   Code   RO         1861    .ARM.Collect$$libinit$$0000001B  c_p.l(libinit2.o)
    0x0800013e   0x0800013e   0x00000000   Code   RO         1863    .ARM.Collect$$libinit$$0000001D  c_p.l(libinit2.o)
    0x0800013e   0x0800013e   0x00000000   Code   RO         1865    .ARM.Collect$$libinit$$0000001F  c_p.l(libinit2.o)
    0x0800013e   0x0800013e   0x00000000   Code   RO         1867    .ARM.Collect$$libinit$$00000021  c_p.l(libinit2.o)
    0x0800013e   0x0800013e   0x00000000   Code   RO         1869    .ARM.Collect$$libinit$$00000023  c_p.l(libinit2.o)
    0x0800013e   0x0800013e   0x00000000   Code   RO         1871    .ARM.Collect$$libinit$$00000025  c_p.l(libinit2.o)
    0x0800013e   0x0800013e   0x00000000   Code   RO         1875    .ARM.Collect$$libinit$$0000002C  c_p.l(libinit2.o)
    0x0800013e   0x0800013e   0x00000000   Code   RO         1877    .ARM.Collect$$libinit$$0000002E  c_p.l(libinit2.o)
    0x0800013e   0x0800013e   0x00000000   Code   RO         1879    .ARM.Collect$$libinit$$00000030  c_p.l(libinit2.o)
    0x0800013e   0x0800013e   0x00000000   Code   RO         1881    .ARM.Collect$$libinit$$00000032  c_p.l(libinit2.o)
    0x0800013e   0x0800013e   0x00000002   Code   RO         1882    .ARM.Collect$$libinit$$00000033  c_p.l(libinit2.o)
    0x08000140   0x08000140   0x00000002   Code   RO         1913    .ARM.Collect$$libshutdown$$00000000  c_p.l(libshutdown.o)
    0x08000142   0x08000142   0x00000000   Code   RO         1939    .ARM.Collect$$libshutdown$$00000002  c_p.l(libshutdown2.o)
    0x08000142   0x08000142   0x00000000   Code   RO         1941    .ARM.Collect$$libshutdown$$00000004  c_p.l(libshutdown2.o)
    0x08000142   0x08000142   0x00000000   Code   RO         1943    .ARM.Collect$$libshutdown$$00000006  c_p.l(libshutdown2.o)
    0x08000142   0x08000142   0x00000000   Code   RO         1946    .ARM.Collect$$libshutdown$$00000009  c_p.l(libshutdown2.o)
    0x08000142   0x08000142   0x00000000   Code   RO         1949    .ARM.Collect$$libshutdown$$0000000C  c_p.l(libshutdown2.o)
    0x08000142   0x08000142   0x00000000   Code   RO         1951    .ARM.Collect$$libshutdown$$0000000E  c_p.l(libshutdown2.o)
    0x08000142   0x08000142   0x00000000   Code   RO         1954    .ARM.Collect$$libshutdown$$00000011  c_p.l(libshutdown2.o)
    0x08000142   0x08000142   0x00000002   Code   RO         1955    .ARM.Collect$$libshutdown$$00000012  c_p.l(libshutdown2.o)
    0x08000144   0x08000144   0x00000000   Code   RO         1788    .ARM.Collect$$rtentry$$00000000  c_p.l(__rtentry.o)
    0x08000144   0x08000144   0x00000000   Code   RO         1795    .ARM.Collect$$rtentry$$00000002  c_p.l(__rtentry2.o)
    0x08000144   0x08000144   0x00000006   Code   RO         1807    .ARM.Collect$$rtentry$$00000004  c_p.l(__rtentry4.o)
    0x0800014a   0x0800014a   0x00000000   Code   RO         1797    .ARM.Collect$$rtentry$$00000009  c_p.l(__rtentry2.o)
    0x0800014a   0x0800014a   0x00000004   Code   RO         1798    .ARM.Collect$$rtentry$$0000000A  c_p.l(__rtentry2.o)
    0x0800014e   0x0800014e   0x00000000   Code   RO         1800    .ARM.Collect$$rtentry$$0000000C  c_p.l(__rtentry2.o)
    0x0800014e   0x0800014e   0x00000008   Code   RO         1801    .ARM.Collect$$rtentry$$0000000D  c_p.l(__rtentry2.o)
    0x08000156   0x08000156   0x00000002   Code   RO         1830    .ARM.Collect$$rtexit$$00000000  c_p.l(rtexit.o)
    0x08000158   0x08000158   0x00000000   Code   RO         1886    .ARM.Collect$$rtexit$$00000002  c_p.l(rtexit2.o)
    0x08000158   0x08000158   0x00000004   Code   RO         1887    .ARM.Collect$$rtexit$$00000003  c_p.l(rtexit2.o)
    0x0800015c   0x0800015c   0x00000006   Code   RO         1888    .ARM.Collect$$rtexit$$00000004  c_p.l(rtexit2.o)
    0x08000162   0x08000162   0x00000002   PAD
    0x08000164   0x08000164   0x00000038   Code   RO         1766    .emb_text           c_p.l(rt_memcpy.o)
    0x0800019c   0x0800019c   0x00000038   Code   RO         1722    .text               startup_stm32l051xx.o
    0x080001d4   0x080001d4   0x00000030   Code   RO         1762    .text               c_p.l(llmul.o)
    0x08000204   0x08000204   0x0000004c   Code   RO         1764    .text               c_p.l(strcpy.o)
    0x08000250   0x08000250   0x0000015a   Code   RO         1774    .text               c_p.l(aeabi_sdiv.o)
    0x080003aa   0x080003aa   0x00000006   Code   RO         1778    .text               c_p.l(heapauxi.o)
    0x080003b0   0x080003b0   0x00000030   Code   RO         1782    .text               fz_ps.l(ffixui.o)
    0x080003e0   0x080003e0   0x0000005e   Code   RO         1784    .text               fz_ps.l(fflti.o)
    0x0800043e   0x0800043e   0x0000003e   Code   RO         1811    .text               c_p.l(sys_stackheap_outer.o)
    0x0800047c   0x0800047c   0x00000010   Code   RO         1814    .text               c_p.l(exit.o)
    0x0800048c   0x0800048c   0x00000008   Code   RO         1826    .text               c_p.l(libspace.o)
    0x08000494   0x08000494   0x0000000c   Code   RO         1883    .text               c_p.l(sys_exit.o)
    0x080004a0   0x080004a0   0x00000002   Code   RO         1902    .text               c_p.l(use_no_semi.o)
    0x080004a2   0x080004a2   0x00000000   Code   RO         1904    .text               c_p.l(indicate_semi.o)
    0x080004a2   0x080004a2   0x00000002   PAD
    0x080004a4   0x080004a4   0x00000064   Code   RO          232    i.Board_Init        board_init.o
    0x08000508   0x08000508   0x00000044   Code   RO          111    i.Device_Init       deviceaction.o
    0x0800054c   0x0800054c   0x000000d4   Code   RO          234    i.Enter_LowPowerMode  board_init.o
    0x08000620   0x08000620   0x0000002c   Code   RO          187    i.GPIO_Init         board_gpio.o
    0x0800064c   0x0800064c   0x0000002c   Code   RO          188    i.GPIO_SET_BIT      board_gpio.o
    0x08000678   0x08000678   0x00000002   Code   RO          151    i.HardFault_Handler  stm32l0xx_it.o
    0x0800067a   0x0800067a   0x0000000e   Code   RO         1491    i.I2C_Delay         vl53l0x_i2c.o
    0x08000688   0x08000688   0x00000002   Code   RO          152    i.NMI_Handler       stm32l0xx_it.o
    0x0800068a   0x0800068a   0x00000002   Code   RO          153    i.PendSV_Handler    stm32l0xx_it.o
    0x0800068c   0x0800068c   0x000000d8   Code   RO          236    i.RTC_AWU_Init      board_init.o
    0x08000764   0x08000764   0x0000002c   Code   RO          237    i.RTC_IRQHandler    board_init.o
    0x08000790   0x08000790   0x00000002   Code   RO          154    i.SVC_Handler       stm32l0xx_it.o
    0x08000792   0x08000792   0x00000002   PAD
    0x08000794   0x08000794   0x00000010   Code   RO          239    i.SYS_IncTick       board_init.o
    0x080007a4   0x080007a4   0x00000008   Code   RO          240    i.SysTick_Handler   board_init.o
    0x080007ac   0x080007ac   0x000000cc   Code   RO          241    i.SystemClock_Init  board_init.o
    0x08000878   0x08000878   0x00000054   Code   RO         1729    i.SystemInit        system_stm32l0xx.o
    0x080008cc   0x080008cc   0x0000001a   Code   RO          242    i.Systick_DelayMs   board_init.o
    0x080008e6   0x080008e6   0x00000002   PAD
    0x080008e8   0x080008e8   0x00000044   Code   RO          243    i.Systick_DelayUs   board_init.o
    0x0800092c   0x0800092c   0x00000020   Code   RO          244    i.TIM2_IRQHandler   board_init.o
    0x0800094c   0x0800094c   0x00000030   Code   RO          245    i.USART2_IRQHandler  board_init.o
    0x0800097c   0x0800097c   0x0000006c   Code   RO          246    i.USART2_Init       board_init.o
    0x080009e8   0x080009e8   0x0000019c   Code   RO          491    i.VL53L0X_DataInit  vl53l0x_api.o
    0x08000b84   0x08000b84   0x00000008   Code   RO          495    i.VL53L0X_GetDeviceInfo  vl53l0x_api.o
    0x08000b8c   0x08000b8c   0x0000007c   Code   RO          497    i.VL53L0X_GetDeviceParameters  vl53l0x_api.o
    0x08000c08   0x08000c08   0x0000003a   Code   RO          503    i.VL53L0X_GetInterMeasurementPeriodMilliSeconds  vl53l0x_api.o
    0x08000c42   0x08000c42   0x00000018   Code   RO          507    i.VL53L0X_GetLimitCheckEnable  vl53l0x_api.o
    0x08000c5a   0x08000c5a   0x00000086   Code   RO          510    i.VL53L0X_GetLimitCheckValue  vl53l0x_api.o
    0x08000ce0   0x08000ce0   0x00000008   Code   RO          515    i.VL53L0X_GetMeasurementTimingBudgetMicroSeconds  vl53l0x_api.o
    0x08000ce8   0x08000ce8   0x00000008   Code   RO          519    i.VL53L0X_GetOffsetCalibrationDataMicroMeter  vl53l0x_api.o
    0x08000cf0   0x08000cf0   0x00000072   Code   RO          531    i.VL53L0X_GetSequenceStepEnables  vl53l0x_api.o
    0x08000d62   0x08000d62   0x00000008   Code   RO          540    i.VL53L0X_GetVcselPulsePeriod  vl53l0x_api.o
    0x08000d6a   0x08000d6a   0x0000002e   Code   RO          542    i.VL53L0X_GetWrapAroundCheckEnable  vl53l0x_api.o
    0x08000d98   0x08000d98   0x0000002e   Code   RO          544    i.VL53L0X_GetXTalkCompensationRateMegaCps  vl53l0x_api.o
    0x08000dc6   0x08000dc6   0x00000002   PAD
    0x08000dc8   0x08000dc8   0x000000cc   Code   RO          376    i.VL53L0X_Init      vl53l0x.o
    0x08000e94   0x08000e94   0x00000012   Code   RO         1632    i.VL53L0X_PollingDelay  vl53l0x_platform.o
    0x08000ea6   0x08000ea6   0x0000001a   Code   RO         1633    i.VL53L0X_RdByte    vl53l0x_platform.o
    0x08000ec0   0x08000ec0   0x0000001a   Code   RO         1634    i.VL53L0X_RdDWord   vl53l0x_platform.o
    0x08000eda   0x08000eda   0x0000001a   Code   RO         1635    i.VL53L0X_RdWord    vl53l0x_platform.o
    0x08000ef4   0x08000ef4   0x00000060   Code   RO          377    i.VL53L0X_SetAddress  vl53l0x.o
    0x08000f54   0x08000f54   0x0000000c   Code   RO          554    i.VL53L0X_SetDeviceAddress  vl53l0x_api.o
    0x08000f60   0x08000f60   0x0000007c   Code   RO          563    i.VL53L0X_SetLimitCheckEnable  vl53l0x_api.o
    0x08000fdc   0x08000fdc   0x00000052   Code   RO          564    i.VL53L0X_SetLimitCheckValue  vl53l0x_api.o
    0x0800102e   0x0800102e   0x00000044   Code   RO         1637    i.VL53L0X_UpdateByte  vl53l0x_platform.o
    0x08001072   0x08001072   0x0000001a   Code   RO         1638    i.VL53L0X_WrByte    vl53l0x_platform.o
    0x0800108c   0x0800108c   0x0000001a   Code   RO         1640    i.VL53L0X_WrWord    vl53l0x_platform.o
    0x080010a6   0x080010a6   0x00000002   PAD
    0x080010a8   0x080010a8   0x0000001c   Code   RO         1260    i.VL53L0X_calc_macro_period_ps  vl53l0x_api_core.o
    0x080010c4   0x080010c4   0x00000028   Code   RO         1263    i.VL53L0X_calc_timeout_us  vl53l0x_api_core.o
    0x080010ec   0x080010ec   0x00000038   Code   RO         1429    i.VL53L0X_check_part_used  vl53l0x_api_strings.o
    0x08001124   0x08001124   0x0000000a   Code   RO         1264    i.VL53L0X_decode_timeout  vl53l0x_api_core.o
    0x0800112e   0x0800112e   0x00000008   Code   RO         1265    i.VL53L0X_decode_vcsel_period  vl53l0x_api_core.o
    0x08001136   0x08001136   0x00000046   Code   RO         1266    i.VL53L0X_device_read_strobe  vl53l0x_api_core.o
    0x0800117c   0x0800117c   0x000000b4   Code   RO         1431    i.VL53L0X_get_device_info  vl53l0x_api_strings.o
    0x08001230   0x08001230   0x000004c8   Code   RO         1269    i.VL53L0X_get_info_from_device  vl53l0x_api_core.o
    0x080016f8   0x080016f8   0x000000e0   Code   RO         1270    i.VL53L0X_get_measurement_timing_budget_micro_seconds  vl53l0x_api_core.o
    0x080017d8   0x080017d8   0x0000003c   Code   RO         1107    i.VL53L0X_get_offset_calibration_data_micro_meter  vl53l0x_api_calibration.o
    0x08001814   0x08001814   0x00000032   Code   RO         1274    i.VL53L0X_get_vcsel_pulse_period  vl53l0x_api_core.o
    0x08001846   0x08001846   0x00000002   PAD
    0x08001848   0x08001848   0x00000044   Code   RO         1492    i.VL53L0X_i2c_init  vl53l0x_i2c.o
    0x0800188c   0x0800188c   0x0000000a   Code   RO         1493    i.VL53L0X_read_byte  vl53l0x_i2c.o
    0x08001896   0x08001896   0x00000026   Code   RO         1494    i.VL53L0X_read_dword  vl53l0x_i2c.o
    0x080018bc   0x080018bc   0x00000018   Code   RO         1495    i.VL53L0X_read_multi  vl53l0x_i2c.o
    0x080018d4   0x080018d4   0x0000001a   Code   RO         1496    i.VL53L0X_read_word  vl53l0x_i2c.o
    0x080018ee   0x080018ee   0x0000000c   Code   RO         1497    i.VL53L0X_write_byte  vl53l0x_i2c.o
    0x080018fa   0x080018fa   0x00000018   Code   RO         1499    i.VL53L0X_write_multi  vl53l0x_i2c.o
    0x08001912   0x08001912   0x00000032   Code   RO         1500    i.VL53L0X_write_word  vl53l0x_i2c.o
    0x08001944   0x08001944   0x0000003c   Code   RO         1501    i.VL_IIC_Ack        vl53l0x_i2c.o
    0x08001980   0x08001980   0x0000003c   Code   RO         1502    i.VL_IIC_NAck       vl53l0x_i2c.o
    0x080019bc   0x080019bc   0x0000005c   Code   RO         1504    i.VL_IIC_Read_Byte  vl53l0x_i2c.o
    0x08001a18   0x08001a18   0x00000062   Code   RO         1505    i.VL_IIC_Read_nByte  vl53l0x_i2c.o
    0x08001a7a   0x08001a7a   0x00000002   PAD
    0x08001a7c   0x08001a7c   0x0000005c   Code   RO         1506    i.VL_IIC_Send_Byte  vl53l0x_i2c.o
    0x08001ad8   0x08001ad8   0x00000040   Code   RO         1507    i.VL_IIC_Start      vl53l0x_i2c.o
    0x08001b18   0x08001b18   0x00000040   Code   RO         1508    i.VL_IIC_Stop       vl53l0x_i2c.o
    0x08001b58   0x08001b58   0x0000005c   Code   RO         1509    i.VL_IIC_Wait_Ack   vl53l0x_i2c.o
    0x08001bb4   0x08001bb4   0x00000046   Code   RO         1511    i.VL_IIC_Write_nByte  vl53l0x_i2c.o
    0x08001bfa   0x08001bfa   0x0000001a   Code   RO          146    i.__ARM_common_switch8  deviceaction.o
    0x08001c14   0x08001c14   0x00000018   Code   RO          250    i.__NVIC_ClearPendingIRQ  board_init.o
    0x08001c2c   0x08001c2c   0x00000018   Code   RO          251    i.__NVIC_EnableIRQ  board_init.o
    0x08001c44   0x08001c44   0x00000044   Code   RO          252    i.__NVIC_SetPriority  board_init.o
    0x08001c88   0x08001c88   0x000000ec   Code   RO         1282    i.get_sequence_step_timeout  vl53l0x_api_core.o
    0x08001d74   0x08001d74   0x0000000c   Code   RO            3    i.main              main.o
    0x08001d80   0x08001d80   0x00000034   Code   RO          587    i.sequence_step_enabled  vl53l0x_api.o
    0x08001db4   0x08001db4   0x000000b0   Code   RO         1786    x$fpl$fmul          fz_ps.l(fmul.o)
    0x08001e64   0x08001e64   0x00000000   Code   RO         1793    x$fpl$usenofp       fz_ps.l(usenofp.o)
    0x08001e64   0x08001e64   0x00000020   Data   RO         1956    Region$$Table       anon$$obj.o


    Execution Region RW_IRAM1 (Exec base: 0x20000000, Load base: 0x08001e84, Size: 0x00000950, Max: 0x00002000, ABSOLUTE)

    Exec Addr    Load Addr    Size         Type   Attr      Idx    E Section Name        Object

    0x20000000   0x08001e84   0x00000014   Data   RW          255    .data               board_init.o
    0x20000014   0x08001e98   0x00000001   Data   RW          380    .data               vl53l0x.o
    0x20000015   0x08001e99   0x00000003   PAD
    0x20000018        -       0x0000017c   Zero   RW          115    .bss                deviceaction.o
    0x20000194        -       0x000000c8   Zero   RW          253    .bss                board_init.o
    0x2000025c        -       0x00000063   Zero   RW          379    .bss                vl53l0x.o
    0x200002bf   0x08001e99   0x00000001   PAD
    0x200002c0        -       0x00000030   Zero   RW          427    .bss                vl53l0x_cali.o
    0x200002f0        -       0x00000060   Zero   RW         1827    .bss                c_p.l(libspace.o)
    0x20000350        -       0x00000200   Zero   RW         1720    HEAP                startup_stm32l051xx.o
    0x20000550        -       0x00000400   Zero   RW         1719    STACK               startup_stm32l051xx.o


==============================================================================

Image component sizes


      Code (inc. data)   RO Data    RW Data    ZI Data      Debug   Object Name

        88          8          0          0          0       1471   board_gpio.o
      1198        162          0         20        200      18611   board_init.o
        94         14          0          0        380       1767   deviceaction.o
        12          0          0          0          0     224659   main.o
        56         26        192          0       1536        644   startup_stm32l051xx.o
         8          0          0          0          0       1597   stm32l0xx_it.o
        84         18          0          0          0        473   system_stm32l0xx.o
       300         24          0          1         99       2917   vl53l0x.o
      1260         40          0          0          0      14981   vl53l0x_api.o
        60          4          0          0          0       2134   vl53l0x_api_calibration.o
      1890         14          0          0          0      10670   vl53l0x_api_core.o
       236         70          0          0          0       2420   vl53l0x_api_strings.o
         0          0          0          0         48        822   vl53l0x_cali.o
       958         42          0          0          0      11604   vl53l0x_i2c.o
       216          0          0          0          0      15150   vl53l0x_platform.o

    ----------------------------------------------------------------------
      6472        422        224         24       2264     309920   Object Totals
         0          0         32          0          0          0   (incl. Generated)
        12          0          0          3          1          0   (incl. Padding)

    ----------------------------------------------------------------------

      Code (inc. data)   RO Data    RW Data    ZI Data      Debug   Library Member Name

         8          0          0          0          0         68   __main.o
         0          0          0          0          0          0   __rtentry.o
        12          0          0          0          0          0   __rtentry2.o
         6          0          0          0          0          0   __rtentry4.o
        60          8          0          0          0          0   __scatter.o
        26          0          0          0          0          0   __scatter_copy.o
        28          0          0          0          0          0   __scatter_zi.o
       346          0          0          0          0         92   aeabi_sdiv.o
        16          0          0          0          0         68   exit.o
         6          0          0          0          0        136   heapauxi.o
         0          0          0          0          0          0   indicate_semi.o
         2          0          0          0          0          0   libinit.o
         2          0          0          0          0          0   libinit2.o
         2          0          0          0          0          0   libshutdown.o
         2          0          0          0          0          0   libshutdown2.o
         8          4          0          0         96         68   libspace.o
        48          0          0          0          0         72   llmul.o
        56          0          0          0          0         68   rt_memcpy.o
         2          0          0          0          0          0   rtexit.o
        10          0          0          0          0          0   rtexit2.o
        76          6          0          0          0         72   strcpy.o
        12          4          0          0          0         60   sys_exit.o
        62          0          0          0          0         80   sys_stackheap_outer.o
         2          0          0          0          0         68   use_no_semi.o
        48          0          0          0          0         60   ffixui.o
        94          0          0          0          0         92   fflti.o
       176          4          0          0          0         80   fmul.o
         0          0          0          0          0          0   usenofp.o

    ----------------------------------------------------------------------
      1116         26          0          0         96       1084   Library Totals
         6          0          0          0          0          0   (incl. Padding)

    ----------------------------------------------------------------------

      Code (inc. data)   RO Data    RW Data    ZI Data      Debug   Library Name

       792         22          0          0         96        852   c_p.l
       318          4          0          0          0        232   fz_ps.l

    ----------------------------------------------------------------------
      1116         26          0          0         96       1084   Library Totals

    ----------------------------------------------------------------------

==============================================================================


      Code (inc. data)   RO Data    RW Data    ZI Data      Debug   

      7588        448        224         24       2360     307280   Grand Totals
      7588        448        224         24       2360     307280   ELF Image Totals
      7588        448        224         24          0          0   ROM Totals

==============================================================================

    Total RO  Size (Code + RO Data)                 7812 (   7.63kB)
    Total RW  Size (RW Data + ZI Data)              2384 (   2.33kB)
    Total ROM Size (Code + RO Data + RW Data)       7836 (   7.65kB)

==============================================================================

