Component: ARM Compiler 5.06 update 6 (build 750) Tool: armlink [4d35ed]

==============================================================================

Section Cross References

    main.o(i.main) refers to board_init.o(i.Board_Init) for Board_Init
    main.o(i.main) refers to board_init.o(i.SYS_GetTick) for SYS_GetTick
    system_stm32l0xx.o(i.SystemClock_Init) refers to system_stm32l0xx.o(.constdata) for AHBPrescTable
    system_stm32l0xx.o(i.SystemClock_Init) refers to system_stm32l0xx.o(.data) for SystemCoreClock
    system_stm32l0xx.o(i.SystemCoreClockUpdate) refers to aeabi_sdiv.o(.text) for __aeabi_uidivmod
    system_stm32l0xx.o(i.SystemCoreClockUpdate) refers to system_stm32l0xx.o(.data) for SystemCoreClock
    system_stm32l0xx.o(i.SystemCoreClockUpdate) refers to system_stm32l0xx.o(.constdata) for PLLMulTable
    system_stm32l0xx.o(i.SystemInit) refers to system_stm32l0xx.o(i.SystemClock_Init) for SystemClock_Init
    system_stm32l0xx.o(i.SystemInit) refers to system_stm32l0xx.o(i.SystemCoreClockUpdate) for SystemCoreClockUpdate
    startup_stm32l053xx.o(STACK) refers (Special) to heapauxi.o(.text) for __use_two_region_memory
    startup_stm32l053xx.o(HEAP) refers (Special) to heapauxi.o(.text) for __use_two_region_memory
    startup_stm32l053xx.o(RESET) refers (Special) to heapauxi.o(.text) for __use_two_region_memory
    startup_stm32l053xx.o(RESET) refers to startup_stm32l053xx.o(STACK) for __initial_sp
    startup_stm32l053xx.o(RESET) refers to startup_stm32l053xx.o(.text) for Reset_Handler
    startup_stm32l053xx.o(RESET) refers to stm32l0xx_it.o(i.NMI_Handler) for NMI_Handler
    startup_stm32l053xx.o(RESET) refers to stm32l0xx_it.o(i.HardFault_Handler) for HardFault_Handler
    startup_stm32l053xx.o(RESET) refers to stm32l0xx_it.o(i.SVC_Handler) for SVC_Handler
    startup_stm32l053xx.o(RESET) refers to stm32l0xx_it.o(i.PendSV_Handler) for PendSV_Handler
    startup_stm32l053xx.o(RESET) refers to board_init.o(i.SysTick_Handler) for SysTick_Handler
    startup_stm32l053xx.o(RESET) refers to board_init.o(i.RTC_IRQHandler) for RTC_IRQHandler
    startup_stm32l053xx.o(RESET) refers to board_init.o(i.USART2_IRQHandler) for USART2_IRQHandler
    startup_stm32l053xx.o(.text) refers (Special) to heapauxi.o(.text) for __use_two_region_memory
    startup_stm32l053xx.o(.text) refers to system_stm32l0xx.o(i.SystemInit) for SystemInit
    startup_stm32l053xx.o(.text) refers to __main.o(!!!main) for __main
    startup_stm32l053xx.o(.text) refers to startup_stm32l053xx.o(HEAP) for Heap_Mem
    startup_stm32l053xx.o(.text) refers to startup_stm32l053xx.o(STACK) for Stack_Mem
    board_init.o(i.Board_Init) refers to board_init.o(i.USART2_Init) for USART2_Init
    board_init.o(i.Board_Init) refers to board_init.o(i.SYSTICK_Init) for SYSTICK_Init
    board_init.o(i.Board_Init) refers to board_init.o(i.RTC_AWU_Init) for RTC_AWU_Init
    board_init.o(i.RTC_AWU_Init) refers to board_init.o(i.__NVIC_SetPriority) for __NVIC_SetPriority
    board_init.o(i.RTC_AWU_Init) refers to board_init.o(i.__NVIC_EnableIRQ) for __NVIC_EnableIRQ
    board_init.o(i.RTC_IRQHandler) refers to board_init.o(.data) for awuFlag
    board_init.o(i.SYSTICK_Init) refers to board_init.o(i.__NVIC_SetPriority) for __NVIC_SetPriority
    board_init.o(i.SYS_GetTick) refers to board_init.o(.data) for uwSecond
    board_init.o(i.SYS_IncTick) refers to board_init.o(.data) for uwSecond
    board_init.o(i.SysTick_Handler) refers to board_init.o(i.SYS_IncTick) for SYS_IncTick
    board_init.o(i.USART1_Init) refers to board_init.o(i.__NVIC_SetPriority) for __NVIC_SetPriority
    board_init.o(i.USART2_Init) refers to board_init.o(i.__NVIC_SetPriority) for __NVIC_SetPriority
    board_init.o(i.USART2_Init) refers to board_init.o(i.__NVIC_EnableIRQ) for __NVIC_EnableIRQ
    board_gpio.o(i.GPIO_Init) refers to board_gpio.o(.data) for GPIOA_MODE_REG
    board_gpio.o(i.GPIO_Init) refers to board_gpio.o(.bss) for GPIOA_OTYPER_REG
    vl53l0x.o(i.VL53L0X_Init) refers to vl53l0x.o(i.VL53L0X_SetAddress) for VL53L0X_SetAddress
    vl53l0x.o(i.VL53L0X_Init) refers to vl53l0x_api.o(i.VL53L0X_DataInit) for VL53L0X_DataInit
    vl53l0x.o(i.VL53L0X_Init) refers to vl53l0x_api.o(i.VL53L0X_GetDeviceInfo) for VL53L0X_GetDeviceInfo
    vl53l0x.o(i.VL53L0X_Init) refers to vl53l0x.o(.bss) for vl53l0x_dev_info
    vl53l0x.o(i.VL53L0X_Init) refers to vl53l0x_cali.o(.bss) for Vl53l0x_data
    vl53l0x.o(i.VL53L0X_Init) refers to vl53l0x.o(.data) for AjustOK
    vl53l0x.o(i.VL53L0X_Read) refers to vl53l0x.o(i.VL53L0X_Init) for VL53L0X_Init
    vl53l0x.o(i.VL53L0X_Read) refers to vl53l0x_gen.o(i.readVL5Ll0x_PollingtMode) for readVL5Ll0x_PollingtMode
    vl53l0x.o(i.VL53L0X_Read) refers to vl53l0x.o(.bss) for vl53l0x_dev
    vl53l0x.o(i.VL53L0X_SetAddress) refers to _printf_percent.o(.ARM.Collect$$_printf_percent$$00000000) for _printf_percent
    vl53l0x.o(i.VL53L0X_SetAddress) refers to _printf_x.o(.ARM.Collect$$_printf_percent$$0000000C) for _printf_x
[...]
    heap2.o(i.___Heap_Stats$realtime) refers to aeabi_sdiv.o(.text) for __aeabi_uidivmod
    heap2.o(i.___Heap_Valid$realtime) refers to heap2.o(i._FDIterate) for _FDIterate
    heap2.o(i.___Heap_Valid$realtime) refers to heap2.o(.conststring) for .conststring
    heap2.o(i._free$realtime) refers to rt_heap_descriptor_intlibspace.o(.text) for __rt_heap_descriptor
    heap2.o(i._free$realtime) refers to fdtree.o(i._FDTree_Delete) for _FDTree_Delete
    heap2.o(i._free$realtime) refers to fdtree.o(i._FDTree_Insert) for _FDTree_Insert
    heap2.o(i._malloc$realtime) refers to rt_heap_descriptor_intlibspace.o(.text) for __rt_heap_descriptor
    heap2.o(i._malloc$realtime) refers to fdtree.o(i._FDTree_FindFirst) for _FDTree_FindFirst
    heap2.o(i._malloc$realtime) refers to init_alloc.o(.text) for __Heap_Full
    heap2.o(i._malloc$realtime) refers to fdtree.o(i._FDTree_RemoveNode) for _FDTree_RemoveNode
    heap2.o(i._malloc$realtime) refers to fdtree.o(i._FDTree_Insert) for _FDTree_Insert
    heap2.o(i._posix_memalign$realtime) refers to rt_heap_descriptor_intlibspace.o(.text) for __rt_heap_descriptor
    heap2.o(i._posix_memalign$realtime) refers to fdtree.o(i._FDTree_FindFirst) for _FDTree_FindFirst
    heap2.o(i._posix_memalign$realtime) refers to init_alloc.o(.text) for __Heap_Full
    heap2.o(i._posix_memalign$realtime) refers to fdtree.o(i._FDTree_RemoveNode) for _FDTree_RemoveNode
    heap2.o(i._posix_memalign$realtime) refers to fdtree.o(i._FDTree_Insert) for _FDTree_Insert
    heap2.o(i._realloc$realtime) refers to rt_heap_descriptor_intlibspace.o(.text) for __rt_heap_descriptor
    heap2.o(i._realloc$realtime) refers to h1_free.o(.text) for free
    heap2.o(i._realloc$realtime) refers to h1_alloc.o(.text) for malloc
    heap2.o(i._realloc$realtime) refers to fdtree.o(i._FDTree_Delete) for _FDTree_Delete
    heap2.o(i._realloc$realtime) refers to fdtree.o(i._FDTree_Insert) for _FDTree_Insert
    heap2.o(i._realloc$realtime) refers to rt_memcpy.o(.emb_text) for __aeabi_memcpy4
    heap2mt.o(i._FDIterate) refers to heap2mt.o(.conststring) for .conststring
    heap2mt.o(i.___Heap_ProvideMemory$realtime$concurrent) refers to fdtree.o(i._FDTree_Delete) for _FDTree_Delete
    heap2mt.o(i.___Heap_ProvideMemory$realtime$concurrent) refers to fdtree.o(i._FDTree_Insert) for _FDTree_Insert
    heap2mt.o(i.___Heap_Stats$realtime$concurrent) refers to heap2mt.o(i._Heap2_StatsIterate) for _Heap2_StatsIterate
    heap2mt.o(i.___Heap_Stats$realtime$concurrent) refers to aeabi_sdiv.o(.text) for __aeabi_uidivmod
    heap2mt.o(i.___Heap_Valid$realtime$concurrent) refers to heap2mt.o(i._FDIterate) for _FDIterate
    heap2mt.o(i.___Heap_Valid$realtime$concurrent) refers to heap2mt.o(.conststring) for .conststring
    heap2mt.o(i._free$realtime$concurrent) refers to rt_heap_descriptor_intlibspace.o(.text) for __rt_heap_descriptor
    heap2mt.o(i._free$realtime$concurrent) refers to fdtree.o(i._FDTree_Delete) for _FDTree_Delete
    heap2mt.o(i._free$realtime$concurrent) refers to fdtree.o(i._FDTree_Insert) for _FDTree_Insert
    heap2mt.o(i._malloc$realtime$concurrent) refers to rt_heap_descriptor_intlibspace.o(.text) for __rt_heap_descriptor
    heap2mt.o(i._malloc$realtime$concurrent) refers to fdtree.o(i._FDTree_FindFirst) for _FDTree_FindFirst
    heap2mt.o(i._malloc$realtime$concurrent) refers to init_alloc.o(.text) for __Heap_Full
    heap2mt.o(i._malloc$realtime$concurrent) refers to fdtree.o(i._FDTree_RemoveNode) for _FDTree_RemoveNode
    heap2mt.o(i._malloc$realtime$concurrent) refers to fdtree.o(i._FDTree_Insert) for _FDTree_Insert
    heap2mt.o(i._posix_memalign$realtime$concurrent) refers to rt_heap_descriptor_intlibspace.o(.text) for __rt_heap_descriptor
    heap2mt.o(i._posix_memalign$realtime$concurrent) refers to fdtree.o(i._FDTree_FindFirst) for _FDTree_FindFirst
    heap2mt.o(i._posix_memalign$realtime$concurrent) refers to init_alloc.o(.text) for __Heap_Full
    heap2mt.o(i._posix_memalign$realtime$concurrent) refers to fdtree.o(i._FDTree_RemoveNode) for _FDTree_RemoveNode
    heap2mt.o(i._posix_memalign$realtime$concurrent) refers to fdtree.o(i._FDTree_Insert) for _FDTree_Insert
    heap2mt.o(i._realloc$realtime$concurrent) refers to rt_heap_descriptor_intlibspace.o(.text) for __rt_heap_descriptor
    heap2mt.o(i._realloc$realtime$concurrent) refers to h1_free.o(.text) for free
    heap2mt.o(i._realloc$realtime$concurrent) refers to h1_alloc.o(.text) for malloc
    heap2mt.o(i._realloc$realtime$concurrent) refers to fdtree.o(i._FDTree_Delete) for _FDTree_Delete
    heap2mt.o(i._realloc$realtime$concurrent) refers to fdtree.o(i._FDTree_Insert) for _FDTree_Insert
    heap2mt.o(i._realloc$realtime$concurrent) refers to rt_memcpy.o(.emb_text) for __aeabi_memcpy4
    flsbuf.o(.text) refers to stdio.o(.text) for _deferredlazyseek
    flsbuf.o(.text) refers to sys_io.o(.text) for _sys_flen
    flsbuf.o(.text) refers to h1_alloc.o(.text) for malloc
    streamlock.o(.data) refers (Special) to initio.o(.text) for _initio
    fopen.o(.text) refers to fclose.o(.text) for _fclose_internal
    fopen.o(.text) refers to sys_io.o(.text) for _sys_open
    fopen.o(.text) refers to fseek.o(.text) for _fseek
    fopen.o(.text) refers to h1_alloc.o(.text) for malloc
    fopen.o(.text) refers to rt_memclr.o(.text) for __aeabi_memclr4
    fopen.o(.text) refers to stdio_streams.o(.bss) for __stdin
    fclose.o(.text) refers to stdio.o(.text) for _fflush
    fclose.o(.text) refers to sys_io.o(.text) for _sys_close
    fclose.o(.text) refers to h1_free.o(.text) for free
    fclose.o(.text) refers to rt_memclr.o(.text) for __aeabi_memclr4
    fopen_locked.o(.text) refers to fclose.o(.text) for _fclose_internal
    fopen_locked.o(.text) refers to sys_io.o(.text) for _sys_open
    fopen_locked.o(.text) refers to fseek.o(.text) for _fseek
    fopen_locked.o(.text) refers to h1_alloc.o(.text) for malloc
    fopen_locked.o(.text) refers to rt_memclr.o(.text) for __aeabi_memclr4
    fopen_locked.o(.text) refers to streamlock.o(.data) for _stream_list_lock
    fopen_locked.o(.text) refers to stdio_streams.o(.bss) for __stdin
    exit.o(.text) refers to rtexit.o(.ARM.Collect$$rtexit$$00000000) for __rt_exit
    defsig_fpe_outer.o(.text) refers to defsig_fpe_inner.o(.text) for __rt_SIGFPE_inner
    defsig_fpe_outer.o(.text) refers to defsig_exit.o(.text) for __sig_exit
    defsig_fpe_formal.o(.text) refers to rt_raise.o(.text) for __rt_raise
    defsig_rtred_outer.o(.text) refers to defsig_rtred_inner.o(.text) for __rt_SIGRTRED_inner
    defsig_rtred_outer.o(.text) refers to defsig_exit.o(.text) for __sig_exit
    defsig_rtred_formal.o(.text) refers to rt_raise.o(.text) for __rt_raise
    libinit.o(.ARM.Collect$$libinit$$00000000) refers (Special) to libinit2.o(.ARM.Collect$$libinit$$0000002E) for __rt_lib_init_alloca_1
    libinit.o(.ARM.Collect$$libinit$$00000000) refers (Special) to libinit2.o(.ARM.Collect$$libinit$$0000002C) for __rt_lib_init_argv_1
    libinit.o(.ARM.Collect$$libinit$$00000000) refers (Special) to libinit2.o(.ARM.Collect$$libinit$$0000001B) for __rt_lib_init_atexit_1
    libinit.o(.ARM.Collect$$libinit$$00000000) refers (Special) to libinit2.o(.ARM.Collect$$libinit$$00000021) for __rt_lib_init_clock_1
    libinit.o(.ARM.Collect$$libinit$$00000000) refers (Special) to libinit2.o(.ARM.Collect$$libinit$$00000032) for __rt_lib_init_cpp_1
    libinit.o(.ARM.Collect$$libinit$$00000000) refers (Special) to libinit2.o(.ARM.Collect$$libinit$$00000030) for __rt_lib_init_exceptions_1
    libinit.o(.ARM.Collect$$libinit$$00000000) refers (Special) to libinit2.o(.ARM.Collect$$libinit$$00000002) for __rt_lib_init_fp_1
    libinit.o(.ARM.Collect$$libinit$$00000000) refers (Special) to libinit2.o(.ARM.Collect$$libinit$$0000001F) for __rt_lib_init_fp_trap_1
    libinit.o(.ARM.Collect$$libinit$$00000000) refers (Special) to libinit2.o(.ARM.Collect$$libinit$$00000023) for __rt_lib_init_getenv_1
    libinit.o(.ARM.Collect$$libinit$$00000000) refers (Special) to libinit2.o(.ARM.Collect$$libinit$$0000000A) for __rt_lib_init_heap_1
    libinit.o(.ARM.Collect$$libinit$$00000000) refers (Special) to libinit2.o(.ARM.Collect$$libinit$$00000011) for __rt_lib_init_lc_collate_1
    libinit.o(.ARM.Collect$$libinit$$00000000) refers (Special) to libinit2.o(.ARM.Collect$$libinit$$00000013) for __rt_lib_init_lc_ctype_1
    libinit.o(.ARM.Collect$$libinit$$00000000) refers (Special) to libinit2.o(.ARM.Collect$$libinit$$00000015) for __rt_lib_init_lc_monetary_1
    libinit.o(.ARM.Collect$$libinit$$00000000) refers (Special) to libinit2.o(.ARM.Collect$$libinit$$00000017) for __rt_lib_init_lc_numeric_1
    libinit.o(.ARM.Collect$$libinit$$00000000) refers (Special) to libinit2.o(.ARM.Collect$$libinit$$00000019) for __rt_lib_init_lc_time_1
    libinit.o(.ARM.Collect$$libinit$$00000000) refers (Special) to libinit2.o(.ARM.Collect$$libinit$$00000004) for __rt_lib_init_preinit_1
    libinit.o(.ARM.Collect$$libinit$$00000000) refers (Special) to libinit2.o(.ARM.Collect$$libinit$$0000000E) for __rt_lib_init_rand_1
    libinit.o(.ARM.Collect$$libinit$$00000000) refers (Special) to libinit2.o(.ARM.Collect$$libinit$$00000033) for __rt_lib_init_return
    libinit.o(.ARM.Collect$$libinit$$00000000) refers (Special) to libinit2.o(.ARM.Collect$$libinit$$0000001D) for __rt_lib_init_signal_1
    libinit.o(.ARM.Collect$$libinit$$00000000) refers (Special) to libinit2.o(.ARM.Collect$$libinit$$00000025) for __rt_lib_init_stdio_1
    libinit.o(.ARM.Collect$$libinit$$00000000) refers (Special) to libinit2.o(.ARM.Collect$$libinit$$0000000C) for __rt_lib_init_user_alloc_1
    libinit2.o(.ARM.Collect$$libinit$$00000005) refers (Weak) to init_alloc.o(.text) for _init_alloc
    libinit2.o(.ARM.Collect$$libinit$$00000010) refers to libinit2.o(.ARM.Collect$$libinit$$0000000F) for .ARM.Collect$$libinit$$0000000F
    libinit2.o(.ARM.Collect$$libinit$$00000012) refers to libinit2.o(.ARM.Collect$$libinit$$0000000F) for .ARM.Collect$$libinit$$0000000F
    libinit2.o(.ARM.Collect$$libinit$$00000014) refers to libinit2.o(.ARM.Collect$$libinit$$0000000F) for .ARM.Collect$$libinit$$0000000F
    libinit2.o(.ARM.Collect$$libinit$$00000016) refers to libinit2.o(.ARM.Collect$$libinit$$0000000F) for .ARM.Collect$$libinit$$0000000F
    libinit2.o(.ARM.Collect$$libinit$$00000018) refers to libinit2.o(.ARM.Collect$$libinit$$0000000F) for .ARM.Collect$$libinit$$0000000F
    libinit2.o(.ARM.Collect$$libinit$$00000024) refers (Weak) to initio.o(.text) for _initio
    libinit2.o(.ARM.Collect$$libinit$$00000026) refers to argv_veneer.o(.text) for __ARM_argv_veneer
    libinit2.o(.ARM.Collect$$libinit$$00000027) refers to argv_veneer.o(.text) for __ARM_argv_veneer
    libshutdown2.o(.ARM.Collect$$libshutdown$$00000003) refers (Weak) to initio.o(.text) for _terminateio
    libshutdown2.o(.ARM.Collect$$libshutdown$$0000000D) refers (Weak) to term_alloc.o(.text) for _terminate_alloc
    flsbuf_fwide.o(.text) refers to flsbuf.o(.text) for __flsbuf
    libspace.o(.text) refers to libspace.o(.bss) for __libspace_start
    rtexit.o(.ARM.Collect$$rtexit$$00000000) refers (Special) to rtexit2.o(.ARM.Collect$$rtexit$$00000004) for __rt_exit_exit
    rtexit.o(.ARM.Collect$$rtexit$$00000000) refers (Special) to rtexit2.o(.ARM.Collect$$rtexit$$00000003) for __rt_exit_ls
    rtexit.o(.ARM.Collect$$rtexit$$00000000) refers (Special) to rtexit2.o(.ARM.Collect$$rtexit$$00000002) for __rt_exit_prels_1
    rtexit.o(.ARM.exidx) refers (Special) to rtexit2.o(.ARM.Collect$$rtexit$$00000004) for __rt_exit_exit
    rtexit.o(.ARM.exidx) refers (Special) to rtexit2.o(.ARM.Collect$$rtexit$$00000003) for __rt_exit_ls
    rtexit.o(.ARM.exidx) refers (Special) to rtexit2.o(.ARM.Collect$$rtexit$$00000002) for __rt_exit_prels_1
    rtexit.o(.ARM.exidx) refers to rtexit.o(.ARM.Collect$$rtexit$$00000000) for .ARM.Collect$$rtexit$$00000000
    rt_raise.o(.text) refers to __raise.o(.text) for __raise
    rt_raise.o(.text) refers to sys_exit.o(.text) for _sys_exit
    rt_heap_descriptor.o(.text) refers to rt_heap_descriptor.o(.bss) for __rt_heap_descriptor_data
    rt_heap_descriptor_intlibspace.o(.text) refers to libspace.o(.bss) for __libspace_start
    init_alloc.o(.text) refers (Special) to hguard.o(.text) for __heap$guard
    init_alloc.o(.text) refers (Special) to libinit2.o(.ARM.Collect$$libinit$$00000005) for __rt_lib_init_heap_2
    init_alloc.o(.text) refers (Special) to maybetermalloc1.o(.emb_text) for _maybe_terminate_alloc
    init_alloc.o(.text) refers to h1_extend.o(.text) for __Heap_ProvideMemory
    init_alloc.o(.text) refers to defsig_rtmem_outer.o(.text) for __rt_SIGRTMEM
    init_alloc.o(.text) refers to rt_heap_descriptor_intlibspace.o(.text) for __rt_heap_descriptor
    init_alloc.o(.text) refers to h1_init.o(.text) for __Heap_Initialize
    malloc.o(.text) refers (Special) to hguard.o(.text) for __heap$guard
    malloc.o(.text) refers (Special) to init_alloc.o(.text) for _init_alloc
    malloc.o(.text) refers to rt_heap_descriptor_intlibspace.o(.text) for __rt_heap_descriptor
    h1_alloc.o(.text) refers (Special) to h1_init.o(.text) for __Heap_Initialize
    h1_alloc.o(.text) refers to rt_heap_descriptor_intlibspace.o(.text) for __rt_heap_descriptor
    h1_alloc.o(.text) refers to init_alloc.o(.text) for __Heap_Full
    h1_alloc_mt.o(.text) refers (Special) to h1_init.o(.text) for __Heap_Initialize
    h1_alloc_mt.o(.text) refers to init_alloc.o(.text) for __Heap_Full
    h1_alloc_mt.o(.text) refers to rt_heap_descriptor_intlibspace.o(.text) for __rt_heap_descriptor
    _printf_char_file_locked.o(.text) refers to _printf_char_common.o(.text) for _printf_char_common
    _printf_char_file_locked.o(.text) refers to fputc.o(i._fputc$unlocked) for _fputc$unlocked
    fseek.o(.text) refers to sys_io.o(.text) for _sys_istty
    fseek.o(.text) refers to ftell.o(.text) for _ftell_internal
    fseek.o(.text) refers to stdio.o(.text) for _seterr
    stdio.o(.text) refers to sys_io.o(.text) for _sys_seek
    fwritefast.o(.text) refers to stdio.o(.text) for _writebuf
    fwritefast.o(.text) refers to flsbuf.o(.text) for __flsbuf_byte
    fwritefast.o(.text) refers to rt_memcpy.o(.text) for __aeabi_memcpy
    fwritefast_locked.o(.text) refers to stdio.o(.text) for _writebuf
    fwritefast_locked.o(.text) refers to flsbuf.o(.text) for __flsbuf_byte
    fwritefast_locked.o(.text) refers to rt_memcpy.o(.text) for __aeabi_memcpy
    defsig_exit.o(.text) refers to sys_exit.o(.text) for _sys_exit
    defsig_fpe_inner.o(.text) refers to defsig_general.o(.text) for __default_signal_display
    defsig_rtred_inner.o(.text) refers to defsig_general.o(.text) for __default_signal_display
    assert_stdio.o(.text) refers to fputs.o(.text) for fputs
    assert_stdio.o(.text) refers to fflush.o(.text) for fflush
    assert_stdio.o(.text) refers to stdio_streams.o(.bss) for __stderr
    sys_exit.o(.text) refers (Special) to use_no_semi.o(.text) for __I$use$semihosting
    sys_exit.o(.text) refers (Special) to indicate_semi.o(.text) for __semihosting_library_function
    rtexit2.o(.ARM.Collect$$rtexit$$00000003) refers to libshutdown.o(.ARM.Collect$$libshutdown$$00000000) for __rt_lib_shutdown
    rtexit2.o(.ARM.Collect$$rtexit$$00000004) refers to sys_exit.o(.text) for _sys_exit
    rtexit2.o(.ARM.exidx) refers to rtexit2.o(.ARM.Collect$$rtexit$$00000001) for .ARM.Collect$$rtexit$$00000001
    rtexit2.o(.ARM.exidx) refers to rtexit2.o(.ARM.Collect$$rtexit$$00000003) for .ARM.Collect$$rtexit$$00000003
    rtexit2.o(.ARM.exidx) refers to rtexit2.o(.ARM.Collect$$rtexit$$00000004) for .ARM.Collect$$rtexit$$00000004
    maybetermalloc2.o(.emb_text) refers (Special) to term_alloc.o(.text) for _terminate_alloc
    h1_extend.o(.text) refers to h1_free.o(.text) for free
    h1_extend_mt.o(.text) refers to h1_free_mt.o(.text) for _free_internal
    fflush.o(.text) refers to stdio.o(.text) for _fflush
    fflush.o(.text) refers to fseek.o(.text) for _fseek
    fflush.o(.text) refers to stdio_streams.o(.bss) for __stdin
    fputs.o(.text) refers to fputc.o(i.fputc) for fputc
    ftell.o(.text) refers to rt_errno_addr_intlibspace.o(.text) for __aeabi_errno_addr
    fflush_locked.o(.text) refers to stdio.o(.text) for _fflush
    fflush_locked.o(.text) refers to fseek.o(.text) for _fseek
    fflush_locked.o(.text) refers to fflush.o(.text) for _do_fflush
    fflush_locked.o(.text) refers to streamlock.o(.data) for _stream_list_lock
    fflush_locked.o(.text) refers to stdio_streams.o(.bss) for __stdin
    __raise.o(.text) refers to defsig.o(CL$$defsig) for __default_signal_handler
    defsig_general.o(.text) refers to sys_wrch.o(.text) for _ttywrch
    defsig_rtmem_outer.o(.text) refers to defsig_rtmem_inner.o(.text) for __rt_SIGRTMEM_inner
    defsig_rtmem_outer.o(.text) refers to defsig_exit.o(.text) for __sig_exit
    defsig_rtmem_formal.o(.text) refers to rt_raise.o(.text) for __rt_raise
    heapauxa.o(.text) refers to heapauxa.o(.data) for .data
    _get_argv.o(.text) refers (Special) to hrguard.o(.text) for __heap_region$guard
    _get_argv.o(.text) refers to h1_alloc.o(.text) for malloc
    _get_argv.o(.text) refers to defsig_rtmem_outer.o(.text) for __rt_SIGRTMEM
    _get_argv.o(.text) refers to sys_command.o(.text) for _sys_command_string
    _get_argv_nomalloc.o(.text) refers (Special) to hrguard.o(.text) for __heap_region$guard
    _get_argv_nomalloc.o(.text) refers to defsig_rtmem_outer.o(.text) for __rt_SIGRTMEM
    _get_argv_nomalloc.o(.text) refers to sys_command.o(.text) for _sys_command_string
    sys_wrch.o(.text) refers (Special) to use_no_semi.o(.text) for __I$use$semihosting
    sys_wrch.o(.text) refers (Special) to indicate_semi.o(.text) for __semihosting_library_function
    sys_command.o(.text) refers (Special) to use_no_semi.o(.text) for __I$use$semihosting
    sys_command.o(.text) refers (Special) to indicate_semi.o(.text) for __semihosting_library_function
    rt_errno_addr.o(.text) refers to rt_errno_addr.o(.bss) for __aeabi_errno_addr_data
    rt_errno_addr_intlibspace.o(.text) refers to libspace.o(.bss) for __libspace_start
    term_alloc.o(.text) refers (Special) to libshutdown2.o(.ARM.Collect$$libshutdown$$0000000E) for __rt_lib_shutdown_heap_2
    term_alloc.o(.text) refers to rt_heap_descriptor_intlibspace.o(.text) for __rt_heap_descriptor
    defsig_rtmem_inner.o(.text) refers to defsig_general.o(.text) for __default_signal_display
    defsig.o(CL$$defsig) refers to defsig_fpe_inner.o(.text) for __rt_SIGFPE_inner
    defsig.o(CL$$defsig) refers to defsig_rtred_inner.o(.text) for __rt_SIGRTRED_inner
    defsig.o(CL$$defsig) refers to defsig_rtmem_inner.o(.text) for __rt_SIGRTMEM_inner
    libshutdown.o(.ARM.Collect$$libshutdown$$00000000) refers (Special) to libshutdown2.o(.ARM.Collect$$libshutdown$$00000002) for __rt_lib_shutdown_cpp_1
    libshutdown.o(.ARM.Collect$$libshutdown$$00000000) refers (Special) to libshutdown2.o(.ARM.Collect$$libshutdown$$00000007) for __rt_lib_shutdown_fp_trap_1
    libshutdown.o(.ARM.Collect$$libshutdown$$00000000) refers (Special) to libshutdown2.o(.ARM.Collect$$libshutdown$$0000000F) for __rt_lib_shutdown_heap_1
    libshutdown.o(.ARM.Collect$$libshutdown$$00000000) refers (Special) to libshutdown2.o(.ARM.Collect$$libshutdown$$00000010) for __rt_lib_shutdown_return
    libshutdown.o(.ARM.Collect$$libshutdown$$00000000) refers (Special) to libshutdown2.o(.ARM.Collect$$libshutdown$$0000000A) for __rt_lib_shutdown_signal_1
    libshutdown.o(.ARM.Collect$$libshutdown$$00000000) refers (Special) to libshutdown2.o(.ARM.Collect$$libshutdown$$00000004) for __rt_lib_shutdown_stdio_1
    libshutdown.o(.ARM.Collect$$libshutdown$$00000000) refers (Special) to libshutdown2.o(.ARM.Collect$$libshutdown$$0000000C) for __rt_lib_shutdown_user_alloc_1
    defsig_abrt_inner.o(.text) refers to defsig_general.o(.text) for __default_signal_display
    defsig_stak_inner.o(.text) refers to defsig_general.o(.text) for __default_signal_display
    defsig_pvfn_inner.o(.text) refers to defsig_general.o(.text) for __default_signal_display
    defsig_cppl_inner.o(.text) refers to defsig_general.o(.text) for __default_signal_display
    defsig_segv_inner.o(.text) refers to defsig_general.o(.text) for __default_signal_display
    defsig_other.o(.text) refers to defsig_general.o(.text) for __default_signal_display


==============================================================================

Removing Unused input sections from the image.

    Removing main.o(.rev16_text), (4 bytes).
    Removing main.o(.revsh_text), (4 bytes).
    Removing main.o(.data), (8 bytes).
    Removing system_stm32l0xx.o(.rev16_text), (4 bytes).
    Removing system_stm32l0xx.o(.revsh_text), (4 bytes).
    Removing board_init.o(.rev16_text), (4 bytes).
    Removing board_init.o(.revsh_text), (4 bytes).
    Removing board_init.o(i.USART1_Init), (144 bytes).
    Removing board_init.o(i.USART1_TX), (56 bytes).
    Removing board_init.o(i.USART2_TX), (56 bytes).
    Removing board_gpio.o(.rev16_text), (4 bytes).
    Removing board_gpio.o(.revsh_text), (4 bytes).
    Removing board_gpio.o(i.GPIO_GET_BIT), (48 bytes).
    Removing board_gpio.o(i.GPIO_Init), (472 bytes).
    Removing board_gpio.o(i.GPIO_SET_BIT), (60 bytes).
    Removing board_gpio.o(.bss), (48 bytes).
    Removing board_gpio.o(.data), (96 bytes).
    Removing vl53l0x.o(.rev16_text), (4 bytes).
    Removing vl53l0x.o(.revsh_text), (4 bytes).
    Removing vl53l0x.o(i.VL53L0X_Init), (124 bytes).
    Removing vl53l0x.o(i.VL53L0X_Read), (56 bytes).
    Removing vl53l0x.o(i.VL53L0X_SetAddress), (168 bytes).
    Removing vl53l0x.o(i.VL53L0x_RESET), (30 bytes).
    Removing vl53l0x.o(.bss), (451 bytes).
    Removing vl53l0x.o(.data), (68 bytes).
    Removing vl53l0x_cali.o(.rev16_text), (4 bytes).
    Removing vl53l0x_cali.o(.revsh_text), (4 bytes).
    Removing vl53l0x_cali.o(i.vl53l0x_adjust), (1240 bytes).
    Removing vl53l0x_cali.o(i.vl53l0x_calibration_test), (2 bytes).
    Removing vl53l0x_cali.o(.bss), (48 bytes).
    Removing vl53l0x_cali.o(.conststring), (85 bytes).
    Removing vl53l0x_gen.o(.rev16_text), (4 bytes).
    Removing vl53l0x_gen.o(.revsh_text), (4 bytes).
    Removing vl53l0x_gen.o(i.VL53L0x_SetMode), (332 bytes).
    Removing vl53l0x_gen.o(i.VL53L0x_StartOneTimesSample), (60 bytes).
    Removing vl53l0x_gen.o(i.readVL5Ll0x_PollingtMode), (64 bytes).
    Removing vl53l0x_gen.o(.bss), (60 bytes).
    Removing vl53l0x_gen.o(.data), (2 bytes).
    Removing vl53l0x_api.o(.rev16_text), (4 bytes).
    Removing vl53l0x_api.o(.revsh_text), (4 bytes).
    Removing vl53l0x_api.o(i.VL53L0X_CheckAndLoadInterruptSettings), (132 bytes).
    Removing vl53l0x_api.o(i.VL53L0X_ClearInterruptMask), (84 bytes).
    Removing vl53l0x_api.o(i.VL53L0X_DataInit), (472 bytes).
    Removing vl53l0x_api.o(i.VL53L0X_EnableInterruptMask), (8 bytes).
    Removing vl53l0x_api.o(i.VL53L0X_GetDeviceErrorStatus), (36 bytes).
    Removing vl53l0x_api.o(i.VL53L0X_GetDeviceErrorString), (22 bytes).
    Removing vl53l0x_api.o(i.VL53L0X_GetDeviceInfo), (22 bytes).
    Removing vl53l0x_api.o(i.VL53L0X_GetDeviceMode), (10 bytes).
    Removing vl53l0x_api.o(i.VL53L0X_GetDeviceParameters), (174 bytes).
    Removing vl53l0x_api.o(i.VL53L0X_GetDmaxCalParameters), (24 bytes).
    Removing vl53l0x_api.o(i.VL53L0X_GetFractionEnable), (36 bytes).
    Removing vl53l0x_api.o(i.VL53L0X_GetGpioConfig), (164 bytes).
    Removing vl53l0x_api.o(i.VL53L0X_GetHistogramMeasurementData), (8 bytes).
    Removing vl53l0x_api.o(i.VL53L0X_GetHistogramMode), (8 bytes).
    Removing vl53l0x_api.o(i.VL53L0X_GetInterMeasurementPeriodMilliSeconds), (68 bytes).
    Removing vl53l0x_api.o(i.VL53L0X_GetInterruptMaskStatus), (50 bytes).
    Removing vl53l0x_api.o(i.VL53L0X_GetInterruptThresholds), (62 bytes).
    Removing vl53l0x_api.o(i.VL53L0X_GetLimitCheckCurrent), (140 bytes).
    Removing vl53l0x_api.o(i.VL53L0X_GetLimitCheckEnable), (28 bytes).
    Removing vl53l0x_api.o(i.VL53L0X_GetLimitCheckInfo), (26 bytes).
    Removing vl53l0x_api.o(i.VL53L0X_GetLimitCheckStatus), (24 bytes).
    Removing vl53l0x_api.o(i.VL53L0X_GetLimitCheckValue), (182 bytes).
    Removing vl53l0x_api.o(i.VL53L0X_GetLinearityCorrectiveGain), (14 bytes).
    Removing vl53l0x_api.o(i.VL53L0X_GetMaxNumberOfROIZones), (10 bytes).
    Removing vl53l0x_api.o(i.VL53L0X_GetMeasurementDataReady), (86 bytes).
    Removing vl53l0x_api.o(i.VL53L0X_GetMeasurementRefSignal), (50 bytes).
    Removing vl53l0x_api.o(i.VL53L0X_GetMeasurementTimingBudgetMicroSeconds), (22 bytes).
    Removing vl53l0x_api.o(i.VL53L0X_GetNumberOfLimitCheck), (10 bytes).
    Removing vl53l0x_api.o(i.VL53L0X_GetNumberOfROIZones), (10 bytes).
    Removing vl53l0x_api.o(i.VL53L0X_GetNumberOfSequenceSteps), (10 bytes).
    Removing vl53l0x_api.o(i.VL53L0X_GetOffsetCalibrationDataMicroMeter), (22 bytes).
    Removing vl53l0x_api.o(i.VL53L0X_GetPalErrorString), (22 bytes).
    Removing vl53l0x_api.o(i.VL53L0X_GetPalSpecVersion), (24 bytes).
    Removing vl53l0x_api.o(i.VL53L0X_GetPalState), (14 bytes).
    Removing vl53l0x_api.o(i.VL53L0X_GetPalStateString), (22 bytes).
    Removing vl53l0x_api.o(i.VL53L0X_GetPowerMode), (54 bytes).
    Removing vl53l0x_api.o(i.VL53L0X_GetProductRevision), (42 bytes).
    Removing vl53l0x_api.o(i.VL53L0X_GetRangeStatusString), (22 bytes).
    Removing vl53l0x_api.o(i.VL53L0X_GetRangingMeasurementData), (388 bytes).
    Removing vl53l0x_api.o(i.VL53L0X_GetRefCalibration), (26 bytes).
    Removing vl53l0x_api.o(i.VL53L0X_GetReferenceSpads), (26 bytes).
    Removing vl53l0x_api.o(i.VL53L0X_GetSequenceStepEnable), (50 bytes).
    Removing vl53l0x_api.o(i.VL53L0X_GetSequenceStepEnables), (128 bytes).
    Removing vl53l0x_api.o(i.VL53L0X_GetSequenceStepTimeout), (58 bytes).
    Removing vl53l0x_api.o(i.VL53L0X_GetSequenceStepsInfo), (22 bytes).
    Removing vl53l0x_api.o(i.VL53L0X_GetSpadAmbientDamperFactor), (54 bytes).
    Removing vl53l0x_api.o(i.VL53L0X_GetSpadAmbientDamperThreshold), (48 bytes).
    Removing vl53l0x_api.o(i.VL53L0X_GetStopCompletedStatus), (162 bytes).
    Removing vl53l0x_api.o(i.VL53L0X_GetTotalSignalRate), (40 bytes).
    Removing vl53l0x_api.o(i.VL53L0X_GetTuningSettingBuffer), (24 bytes).
    Removing vl53l0x_api.o(i.VL53L0X_GetUpperLimitMilliMeter), (8 bytes).
    Removing vl53l0x_api.o(i.VL53L0X_GetVcselPulsePeriod), (26 bytes).
    Removing vl53l0x_api.o(i.VL53L0X_GetVersion), (28 bytes).
    Removing vl53l0x_api.o(i.VL53L0X_GetWrapAroundCheckEnable), (70 bytes).
    Removing vl53l0x_api.o(i.VL53L0X_GetXTalkCompensationEnable), (12 bytes).
    Removing vl53l0x_api.o(i.VL53L0X_GetXTalkCompensationRateMegaCps), (60 bytes).
    Removing vl53l0x_api.o(i.VL53L0X_PerformOffsetCalibration), (26 bytes).
    Removing vl53l0x_api.o(i.VL53L0X_PerformRefCalibration), (28 bytes).
    Removing vl53l0x_api.o(i.VL53L0X_PerformRefSpadManagement), (26 bytes).
    Removing vl53l0x_api.o(i.VL53L0X_PerformSingleHistogramMeasurement), (8 bytes).
    Removing vl53l0x_api.o(i.VL53L0X_PerformSingleMeasurement), (72 bytes).
    Removing vl53l0x_api.o(i.VL53L0X_PerformSingleRangingMeasurement), (62 bytes).
    Removing vl53l0x_api.o(i.VL53L0X_PerformXTalkCalibration), (26 bytes).
    Removing vl53l0x_api.o(i.VL53L0X_PerformXTalkMeasurement), (10 bytes).
    Removing vl53l0x_api.o(i.VL53L0X_ResetDevice), (110 bytes).
    Removing vl53l0x_api.o(i.VL53L0X_SetDeviceAddress), (32 bytes).
    Removing vl53l0x_api.o(i.VL53L0X_SetDeviceMode), (52 bytes).
    Removing vl53l0x_api.o(i.VL53L0X_SetDeviceParameters), (156 bytes).
    Removing vl53l0x_api.o(i.VL53L0X_SetDmaxCalParameters), (66 bytes).
    Removing vl53l0x_api.o(i.VL53L0X_SetGpioConfig), (360 bytes).
    Removing vl53l0x_api.o(i.VL53L0X_SetGroupParamHold), (8 bytes).
    Removing vl53l0x_api.o(i.VL53L0X_SetHistogramMode), (8 bytes).
    Removing vl53l0x_api.o(i.VL53L0X_SetInterMeasurementPeriodMilliSeconds), (66 bytes).
    Removing vl53l0x_api.o(i.VL53L0X_SetInterruptThresholds), (54 bytes).
    Removing vl53l0x_api.o(i.VL53L0X_SetLimitCheckEnable), (204 bytes).
    Removing vl53l0x_api.o(i.VL53L0X_SetLimitCheckValue), (118 bytes).
    Removing vl53l0x_api.o(i.VL53L0X_SetLinearityCorrectiveGain), (56 bytes).
    Removing vl53l0x_api.o(i.VL53L0X_SetMeasurementTimingBudgetMicroSeconds), (22 bytes).
    Removing vl53l0x_api.o(i.VL53L0X_SetNumberOfROIZones), (12 bytes).
    Removing vl53l0x_api.o(i.VL53L0X_SetOffsetCalibrationDataMicroMeter), (22 bytes).
    Removing vl53l0x_api.o(i.VL53L0X_SetPowerMode), (98 bytes).
    Removing vl53l0x_api.o(i.VL53L0X_SetRangeFractionEnable), (34 bytes).
    Removing vl53l0x_api.o(i.VL53L0X_SetRefCalibration), (26 bytes).
    Removing vl53l0x_api.o(i.VL53L0X_SetReferenceSpads), (26 bytes).
    Removing vl53l0x_api.o(i.VL53L0X_SetSequenceStepEnable), (202 bytes).
    Removing vl53l0x_api.o(i.VL53L0X_SetSequenceStepTimeout), (112 bytes).
    Removing vl53l0x_api.o(i.VL53L0X_SetSpadAmbientDamperFactor), (50 bytes).
    Removing vl53l0x_api.o(i.VL53L0X_SetSpadAmbientDamperThreshold), (48 bytes).
    Removing vl53l0x_api.o(i.VL53L0X_SetTuningSettingBuffer), (46 bytes).
    Removing vl53l0x_api.o(i.VL53L0X_SetVcselPulsePeriod), (26 bytes).
    Removing vl53l0x_api.o(i.VL53L0X_SetWrapAroundCheckEnable), (86 bytes).
    Removing vl53l0x_api.o(i.VL53L0X_SetXTalkCompensationEnable), (72 bytes).
    Removing vl53l0x_api.o(i.VL53L0X_SetXTalkCompensationRateMegaCps), (70 bytes).
    Removing vl53l0x_api.o(i.VL53L0X_StartMeasurement), (290 bytes).
    Removing vl53l0x_api.o(i.VL53L0X_StaticInit), (476 bytes).
    Removing vl53l0x_api.o(i.VL53L0X_StopMeasurement), (108 bytes).
    Removing vl53l0x_api.o(i.VL53L0X_WaitDeviceBooted), (8 bytes).
    Removing vl53l0x_api.o(i.VL53L0X_WaitDeviceReadyForNewMeasurement), (8 bytes).
    Removing vl53l0x_api.o(i.sequence_step_enabled), (86 bytes).
    Removing vl53l0x_api.o(.data), (681 bytes).
    Removing vl53l0x_api_calibration.o(.rev16_text), (4 bytes).
    Removing vl53l0x_api_calibration.o(.revsh_text), (4 bytes).
    Removing vl53l0x_api_calibration.o(i.VL53L0X_apply_offset_adjustment), (64 bytes).
    Removing vl53l0x_api_calibration.o(i.VL53L0X_get_offset_calibration_data_micro_meter), (84 bytes).
    Removing vl53l0x_api_calibration.o(i.VL53L0X_get_ref_calibration), (48 bytes).
    Removing vl53l0x_api_calibration.o(i.VL53L0X_get_reference_spads), (136 bytes).
    Removing vl53l0x_api_calibration.o(i.VL53L0X_perform_offset_calibration), (260 bytes).
    Removing vl53l0x_api_calibration.o(i.VL53L0X_perform_phase_calibration), (138 bytes).
    Removing vl53l0x_api_calibration.o(i.VL53L0X_perform_ref_calibration), (90 bytes).
    Removing vl53l0x_api_calibration.o(i.VL53L0X_perform_ref_spad_management), (752 bytes).
    Removing vl53l0x_api_calibration.o(i.VL53L0X_perform_single_ref_calibration), (74 bytes).
    Removing vl53l0x_api_calibration.o(i.VL53L0X_perform_vhv_calibration), (140 bytes).
    Removing vl53l0x_api_calibration.o(i.VL53L0X_perform_xtalk_calibration), (330 bytes).
    Removing vl53l0x_api_calibration.o(i.VL53L0X_ref_calibration_io), (178 bytes).
    Removing vl53l0x_api_calibration.o(i.VL53L0X_set_offset_calibration_data_micro_meter), (88 bytes).
    Removing vl53l0x_api_calibration.o(i.VL53L0X_set_ref_calibration), (46 bytes).
    Removing vl53l0x_api_calibration.o(i.VL53L0X_set_reference_spads), (226 bytes).
    Removing vl53l0x_api_calibration.o(i.count_enabled_spads), (184 bytes).
    Removing vl53l0x_api_calibration.o(i.enable_ref_spads), (166 bytes).
    Removing vl53l0x_api_calibration.o(i.enable_spad_bit), (64 bytes).
    Removing vl53l0x_api_calibration.o(i.get_next_good_spad), (122 bytes).
    Removing vl53l0x_api_calibration.o(i.get_ref_spad_map), (24 bytes).
    Removing vl53l0x_api_calibration.o(i.is_aperture), (28 bytes).
    Removing vl53l0x_api_calibration.o(i.perform_ref_signal_measurement), (128 bytes).
    Removing vl53l0x_api_calibration.o(i.set_ref_spad_map), (24 bytes).
    Removing vl53l0x_api_calibration.o(.data), (16 bytes).
    Removing vl53l0x_api_core.o(.rev16_text), (4 bytes).
    Removing vl53l0x_api_core.o(.revsh_text), (4 bytes).
    Removing vl53l0x_api_core.o(i.VL53L0X_calc_dmax), (452 bytes).
    Removing vl53l0x_api_core.o(i.VL53L0X_calc_macro_period_ps), (56 bytes).
    Removing vl53l0x_api_core.o(i.VL53L0X_calc_sigma_estimate), (856 bytes).
    Removing vl53l0x_api_core.o(i.VL53L0X_calc_timeout_mclks), (58 bytes).
    Removing vl53l0x_api_core.o(i.VL53L0X_calc_timeout_us), (64 bytes).
    Removing vl53l0x_api_core.o(i.VL53L0X_decode_timeout), (20 bytes).
    Removing vl53l0x_api_core.o(i.VL53L0X_decode_vcsel_period), (12 bytes).
    Removing vl53l0x_api_core.o(i.VL53L0X_device_read_strobe), (92 bytes).
    Removing vl53l0x_api_core.o(i.VL53L0X_encode_timeout), (42 bytes).
    Removing vl53l0x_api_core.o(i.VL53L0X_encode_vcsel_period), (12 bytes).
    Removing vl53l0x_api_core.o(i.VL53L0X_get_info_from_device), (1356 bytes).
    Removing vl53l0x_api_core.o(i.VL53L0X_get_measurement_timing_budget_micro_seconds), (280 bytes).
    Removing vl53l0x_api_core.o(i.VL53L0X_get_pal_range_status), (620 bytes).
    Removing vl53l0x_api_core.o(i.VL53L0X_get_total_signal_rate), (42 bytes).
    Removing vl53l0x_api_core.o(i.VL53L0X_get_total_xtalk_rate), (60 bytes).
    Removing vl53l0x_api_core.o(i.VL53L0X_get_vcsel_pulse_period), (74 bytes).
    Removing vl53l0x_api_core.o(i.VL53L0X_isqrt), (44 bytes).
    Removing vl53l0x_api_core.o(i.VL53L0X_load_tuning_settings), (274 bytes).
    Removing vl53l0x_api_core.o(i.VL53L0X_measurement_poll_for_completion), (70 bytes).
    Removing vl53l0x_api_core.o(i.VL53L0X_quadrature_sum), (48 bytes).
    Removing vl53l0x_api_core.o(i.VL53L0X_reverse_bytes), (34 bytes).
    Removing vl53l0x_api_core.o(i.VL53L0X_set_measurement_timing_budget_micro_seconds), (328 bytes).
    Removing vl53l0x_api_core.o(i.VL53L0X_set_vcsel_pulse_period), (790 bytes).
    Removing vl53l0x_api_core.o(i.get_sequence_step_timeout), (300 bytes).
    Removing vl53l0x_api_core.o(i.set_sequence_step_timeout), (334 bytes).
    Removing vl53l0x_api_ranging.o(.rev16_text), (4 bytes).
    Removing vl53l0x_api_ranging.o(.revsh_text), (4 bytes).
    Removing vl53l0x_api_strings.o(.rev16_text), (4 bytes).
    Removing vl53l0x_api_strings.o(.revsh_text), (4 bytes).
    Removing vl53l0x_api_strings.o(i.VL53L0X_check_part_used), (80 bytes).
    Removing vl53l0x_api_strings.o(i.VL53L0X_get_device_error_string), (560 bytes).
    Removing vl53l0x_api_strings.o(i.VL53L0X_get_device_info), (232 bytes).
    Removing vl53l0x_api_strings.o(i.VL53L0X_get_limit_check_info), (248 bytes).
    Removing vl53l0x_api_strings.o(i.VL53L0X_get_pal_error_string), (708 bytes).
    Removing vl53l0x_api_strings.o(i.VL53L0X_get_pal_state_string), (244 bytes).
    Removing vl53l0x_api_strings.o(i.VL53L0X_get_range_status_string), (212 bytes).
    Removing vl53l0x_api_strings.o(i.VL53L0X_get_sequence_steps_info), (124 bytes).
    Removing vl53l0x_i2c.o(.rev16_text), (4 bytes).
    Removing vl53l0x_i2c.o(.revsh_text), (4 bytes).
    Removing vl53l0x_i2c.o(i.VL53L0X_i2c_init), (2 bytes).
    Removing vl53l0x_i2c.o(i.VL53L0X_read_byte), (28 bytes).
    Removing vl53l0x_i2c.o(i.VL53L0X_read_dword), (58 bytes).
    Removing vl53l0x_i2c.o(i.VL53L0X_read_multi), (38 bytes).
    Removing vl53l0x_i2c.o(i.VL53L0X_read_word), (42 bytes).
    Removing vl53l0x_i2c.o(i.VL53L0X_write_byte), (26 bytes).
    Removing vl53l0x_i2c.o(i.VL53L0X_write_dword), (60 bytes).
    Removing vl53l0x_i2c.o(i.VL53L0X_write_multi), (38 bytes).
    Removing vl53l0x_i2c.o(i.VL53L0X_write_word), (82 bytes).
    Removing vl53l0x_i2c.o(i.VL_IIC_Ack), (68 bytes).
    Removing vl53l0x_i2c.o(i.VL_IIC_NAck), (68 bytes).
    Removing vl53l0x_i2c.o(i.VL_IIC_Read_1Byte), (78 bytes).
    Removing vl53l0x_i2c.o(i.VL_IIC_Read_Byte), (100 bytes).
    Removing vl53l0x_i2c.o(i.VL_IIC_Read_nByte), (106 bytes).
    Removing vl53l0x_i2c.o(i.VL_IIC_Send_Byte), (108 bytes).
    Removing vl53l0x_i2c.o(i.VL_IIC_Start), (68 bytes).
    Removing vl53l0x_i2c.o(i.VL_IIC_Stop), (68 bytes).
    Removing vl53l0x_i2c.o(i.VL_IIC_Wait_Ack), (96 bytes).
    Removing vl53l0x_i2c.o(i.VL_IIC_Write_1Byte), (62 bytes).
    Removing vl53l0x_i2c.o(i.VL_IIC_Write_nByte), (78 bytes).
    Removing vl53l0x_platform.o(.rev16_text), (4 bytes).
    Removing vl53l0x_platform.o(.revsh_text), (4 bytes).
    Removing vl53l0x_platform.o(i.VL53L0X_PollingDelay), (26 bytes).
    Removing vl53l0x_platform.o(i.VL53L0X_RdByte), (46 bytes).
    Removing vl53l0x_platform.o(i.VL53L0X_RdDWord), (46 bytes).
    Removing vl53l0x_platform.o(i.VL53L0X_RdWord), (46 bytes).
    Removing vl53l0x_platform.o(i.VL53L0X_ReadMulti), (56 bytes).
    Removing vl53l0x_platform.o(i.VL53L0X_UpdateByte), (88 bytes).
    Removing vl53l0x_platform.o(i.VL53L0X_WrByte), (46 bytes).
    Removing vl53l0x_platform.o(i.VL53L0X_WrDWord), (46 bytes).
    Removing vl53l0x_platform.o(i.VL53L0X_WrWord), (46 bytes).
    Removing vl53l0x_platform.o(i.VL53L0X_WriteMulti), (58 bytes).
    Removing vl53l0x_api.o(i.__ARM_common_switch8), (28 bytes).

240 unused section(s) (total 25433 bytes) removed from the image.

==============================================================================

Image Symbol Table

    Local Symbols

    Symbol Name                              Value     Ov Type        Size  Object(Section)

    ../clib/angel/boardlib.s                 0x00000000   Number         0  boardinit2.o ABSOLUTE
    ../clib/angel/boardlib.s                 0x00000000   Number         0  boardinit3.o ABSOLUTE
    ../clib/angel/boardlib.s                 0x00000000   Number         0  boardinit1.o ABSOLUTE
    ../clib/angel/boardlib.s                 0x00000000   Number         0  boardshut.o ABSOLUTE
    ../clib/angel/handlers.s                 0x00000000   Number         0  __scatter_copy.o ABSOLUTE
    ../clib/angel/handlers.s                 0x00000000   Number         0  __scatter_zi.o ABSOLUTE
    ../clib/angel/kernel.s                   0x00000000   Number         0  __rtentry.o ABSOLUTE
    ../clib/angel/kernel.s                   0x00000000   Number         0  __rtentry4.o ABSOLUTE
    ../clib/angel/kernel.s                   0x00000000   Number         0  rtexit2.o ABSOLUTE
    ../clib/angel/kernel.s                   0x00000000   Number         0  __rtentry2.o ABSOLUTE
    ../clib/angel/kernel.s                   0x00000000   Number         0  rtexit.o ABSOLUTE
    ../clib/angel/rt.s                       0x00000000   Number         0  aeabi_idiv0_sigfpe.o ABSOLUTE
    ../clib/angel/rt.s                       0x00000000   Number         0  aeabi_idiv0.o ABSOLUTE
    ../clib/angel/rt.s                       0x00000000   Number         0  rt_raise.o ABSOLUTE
    ../clib/angel/rt.s                       0x00000000   Number         0  rt_errno_addr_intlibspace.o ABSOLUTE
    ../clib/angel/rt.s                       0x00000000   Number         0  rt_errno_addr.o ABSOLUTE
    ../clib/angel/rt.s                       0x00000000   Number         0  rt_div0.o ABSOLUTE
    ../clib/angel/rt.s                       0x00000000   Number         0  rt_heap_descriptor_intlibspace.o ABSOLUTE
    ../clib/angel/rt.s                       0x00000000   Number         0  rt_heap_descriptor.o ABSOLUTE
    ../clib/angel/scatterp.s                 0x00000000   Number         0  __scatter.o ABSOLUTE
    ../clib/angel/startup.s                  0x00000000   Number         0  __main.o ABSOLUTE
    ../clib/angel/sys.s                      0x00000000   Number         0  sys_stackheap_outer.o ABSOLUTE
    ../clib/angel/sys.s                      0x00000000   Number         0  libspace.o ABSOLUTE
    ../clib/angel/sys.s                      0x00000000   Number         0  use_no_semi.o ABSOLUTE
    ../clib/angel/sys.s                      0x00000000   Number         0  indicate_semi.o ABSOLUTE
    ../clib/angel/sys.s                      0x00000000   Number         0  tempstk.o ABSOLUTE
    ../clib/angel/sys.s                      0x00000000   Number         0  mutex_dummy.o ABSOLUTE
    ../clib/angel/sysapp.c                   0x00000000   Number         0  sys_wrch.o ABSOLUTE
    ../clib/angel/sysapp.c                   0x00000000   Number         0  sys_exit.o ABSOLUTE
    ../clib/angel/sysapp.c                   0x00000000   Number         0  sys_command.o ABSOLUTE
    ../clib/angel/sysapp.c                   0x00000000   Number         0  sys_io.o ABSOLUTE
    ../clib/armsys.c                         0x00000000   Number         0  _get_argv_nomalloc.o ABSOLUTE
    ../clib/armsys.c                         0x00000000   Number         0  no_argv.o ABSOLUTE
    ../clib/armsys.c                         0x00000000   Number         0  argv_veneer.o ABSOLUTE
    ../clib/armsys.c                         0x00000000   Number         0  _get_argv.o ABSOLUTE
    ../clib/assert.c                         0x00000000   Number         0  assert_stdio.o ABSOLUTE
    ../clib/division.c                       0x00000000   Number         0  rtudiv10.o ABSOLUTE
    ../clib/division.s                       0x00000000   Number         0  aeabi_sdiv_div0.o ABSOLUTE
    ../clib/division.s                       0x00000000   Number         0  aeabi_sdiv.o ABSOLUTE
    ../clib/heap1.c                          0x00000000   Number         0  h1_final_mt.o ABSOLUTE
    ../clib/heap1.c                          0x00000000   Number         0  h1_alloc_mt.o ABSOLUTE
    ../clib/heap1.c                          0x00000000   Number         0  h1_init.o ABSOLUTE
    ../clib/heap1.c                          0x00000000   Number         0  h1_extend.o ABSOLUTE
    ../clib/heap1.c                          0x00000000   Number         0  h1_free_mt.o ABSOLUTE
    ../clib/heap1.c                          0x00000000   Number         0  h1_alloc.o ABSOLUTE
    ../clib/heap1.c                          0x00000000   Number         0  h1_init_mt.o ABSOLUTE
    ../clib/heap1.c                          0x00000000   Number         0  h1_extend_mt.o ABSOLUTE
    ../clib/heap1.c                          0x00000000   Number         0  h1_free.o ABSOLUTE
    ../clib/heap1.c                          0x00000000   Number         0  h1_final.o ABSOLUTE
    ../clib/heap2.c                          0x00000000   Number         0  fdtree.o ABSOLUTE
    ../clib/heap2.c                          0x00000000   Number         0  heap2.o ABSOLUTE
    ../clib/heap2.c                          0x00000000   Number         0  heap2mt.o ABSOLUTE
    ../clib/heapalloc.c                      0x00000000   Number         0  heapstubs.o ABSOLUTE
    ../clib/heapalloc.c                      0x00000000   Number         0  init_alloc.o ABSOLUTE
    ../clib/heapalloc.c                      0x00000000   Number         0  free.o ABSOLUTE
    ../clib/heapalloc.c                      0x00000000   Number         0  hguard.o ABSOLUTE
    ../clib/heapalloc.c                      0x00000000   Number         0  maybetermalloc1.o ABSOLUTE
    ../clib/heapalloc.c                      0x00000000   Number         0  malloc.o ABSOLUTE
    ../clib/heapalloc.c                      0x00000000   Number         0  maybetermalloc1.o ABSOLUTE
    ../clib/heapalloc.c                      0x00000000   Number         0  hrguard.o ABSOLUTE
    ../clib/heapalloc.c                      0x00000000   Number         0  term_alloc.o ABSOLUTE
    ../clib/heapalloc.c                      0x00000000   Number         0  maybetermalloc2.o ABSOLUTE
    ../clib/heapalloc.c                      0x00000000   Number         0  maybetermalloc2.o ABSOLUTE
    ../clib/heapaux.c                        0x00000000   Number         0  heapauxa.o ABSOLUTE
    ../clib/heapaux.c                        0x00000000   Number         0  heapauxi.o ABSOLUTE
    ../clib/libinit.s                        0x00000000   Number         0  libshutdown2.o ABSOLUTE
    ../clib/libinit.s                        0x00000000   Number         0  libinit.o ABSOLUTE
    ../clib/libinit.s                        0x00000000   Number         0  libinit2.o ABSOLUTE
    ../clib/libinit.s                        0x00000000   Number         0  libshutdown.o ABSOLUTE
    ../clib/longlong.c                       0x00000000   Number         0  llmul.o ABSOLUTE
    ../clib/memcpset.c                       0x00000000   Number         0  rt_memcpy.o ABSOLUTE
    ../clib/memcpset.c                       0x00000000   Number         0  rt_memclr.o ABSOLUTE
    ../clib/memcpset.c                       0x00000000   Number         0  rt_memcpy.o ABSOLUTE
    ../clib/printf.c                         0x00000000   Number         0  _printf_hex_ll.o ABSOLUTE
    ../clib/printf.c                         0x00000000   Number         0  _printf_hex_int.o ABSOLUTE
    ../clib/printf.c                         0x00000000   Number         0  _printf_hex_int_ll.o ABSOLUTE
    ../clib/printf.c                         0x00000000   Number         0  _printf_hex_int_ptr.o ABSOLUTE
    ../clib/printf.c                         0x00000000   Number         0  _printf_hex_ll_ptr.o ABSOLUTE
    ../clib/printf.c                         0x00000000   Number         0  _printf_hex_int_ll_ptr.o ABSOLUTE
    ../clib/printf.c                         0x00000000   Number         0  __printf_flags.o ABSOLUTE
    ../clib/printf.c                         0x00000000   Number         0  __printf_ss.o ABSOLUTE
    ../clib/printf.c                         0x00000000   Number         0  __printf_flags_ss.o ABSOLUTE
    ../clib/printf.c                         0x00000000   Number         0  __printf_wp.o ABSOLUTE
    ../clib/printf.c                         0x00000000   Number         0  __printf_flags_wp.o ABSOLUTE
    ../clib/printf.c                         0x00000000   Number         0  _printf_char_file.o ABSOLUTE
    ../clib/printf.c                         0x00000000   Number         0  _printf_char_file_locked.o ABSOLUTE
    ../clib/printf.c                         0x00000000   Number         0  _printf_intcommon.o ABSOLUTE
    ../clib/printf.c                         0x00000000   Number         0  __printf_nopercent.o ABSOLUTE
    ../clib/printf.c                         0x00000000   Number         0  __2printf.o ABSOLUTE
    ../clib/printf.c                         0x00000000   Number         0  __printf_flags_ss_wp.o ABSOLUTE
    ../clib/printf.c                         0x00000000   Number         0  noretval__2printf.o ABSOLUTE
    ../clib/printf.c                         0x00000000   Number         0  __printf.o ABSOLUTE
    ../clib/printf.c                         0x00000000   Number         0  _printf_dec.o ABSOLUTE
    ../clib/printf.c                         0x00000000   Number         0  __printf_ss_wp.o ABSOLUTE
    ../clib/printf.c                         0x00000000   Number         0  _printf_char_common.o ABSOLUTE
    ../clib/printf.c                         0x00000000   Number         0  _printf_hex_ptr.o ABSOLUTE
    ../clib/printf_percent.s                 0x00000000   Number         0  _printf_percent_end.o ABSOLUTE
    ../clib/printf_percent.s                 0x00000000   Number         0  _printf_d.o ABSOLUTE
    ../clib/printf_percent.s                 0x00000000   Number         0  _printf_x.o ABSOLUTE
    ../clib/printf_percent.s                 0x00000000   Number         0  _printf_percent.o ABSOLUTE
    ../clib/signal.c                         0x00000000   Number         0  defsig_fpe_formal.o ABSOLUTE
    ../clib/signal.c                         0x00000000   Number         0  defsig_fpe_outer.o ABSOLUTE
    ../clib/signal.c                         0x00000000   Number         0  __raise.o ABSOLUTE
    ../clib/signal.c                         0x00000000   Number         0  defsig_general.o ABSOLUTE
    ../clib/signal.c                         0x00000000   Number         0  defsig_rtmem_inner.o ABSOLUTE
    ../clib/signal.c                         0x00000000   Number         0  defsig_rtmem_outer.o ABSOLUTE
    ../clib/signal.c                         0x00000000   Number         0  defsig_rtmem_formal.o ABSOLUTE
    ../clib/signal.c                         0x00000000   Number         0  defsig_rtred_inner.o ABSOLUTE
    ../clib/signal.c                         0x00000000   Number         0  defsig_fpe_inner.o ABSOLUTE
    ../clib/signal.c                         0x00000000   Number         0  defsig_abrt_inner.o ABSOLUTE
    ../clib/signal.c                         0x00000000   Number         0  defsig_stak_inner.o ABSOLUTE
    ../clib/signal.c                         0x00000000   Number         0  defsig_pvfn_inner.o ABSOLUTE
    ../clib/signal.c                         0x00000000   Number         0  defsig_cppl_inner.o ABSOLUTE
    ../clib/signal.c                         0x00000000   Number         0  defsig_segv_inner.o ABSOLUTE
    ../clib/signal.c                         0x00000000   Number         0  defsig_other.o ABSOLUTE
    ../clib/signal.c                         0x00000000   Number         0  defsig_exit.o ABSOLUTE
    ../clib/signal.c                         0x00000000   Number         0  defsig_rtred_formal.o ABSOLUTE
    ../clib/signal.c                         0x00000000   Number         0  defsig_rtred_outer.o ABSOLUTE
    ../clib/signal.s                         0x00000000   Number         0  defsig.o ABSOLUTE
    ../clib/stdio.c                          0x00000000   Number         0  ferror_locked.o ABSOLUTE
    ../clib/stdio.c                          0x00000000   Number         0  ferror.o ABSOLUTE
    ../clib/stdio.c                          0x00000000   Number         0  fputc.o ABSOLUTE
    ../clib/stdio.c                          0x00000000   Number         0  initio.o ABSOLUTE
    ../clib/stdio.c                          0x00000000   Number         0  fputc_locked.o ABSOLUTE
    ../clib/stdio.c                          0x00000000   Number         0  flsbuf.o ABSOLUTE
    ../clib/stdio.c                          0x00000000   Number         0  initio_locked.o ABSOLUTE
    ../clib/stdio.c                          0x00000000   Number         0  fflush.o ABSOLUTE
    ../clib/stdio.c                          0x00000000   Number         0  fputs.o ABSOLUTE
    ../clib/stdio.c                          0x00000000   Number         0  fopen_locked.o ABSOLUTE
    ../clib/stdio.c                          0x00000000   Number         0  stdio_streams.o ABSOLUTE
    ../clib/stdio.c                          0x00000000   Number         0  setvbuf_locked.o ABSOLUTE
    ../clib/stdio.c                          0x00000000   Number         0  fflush_locked.o ABSOLUTE
    ../clib/stdio.c                          0x00000000   Number         0  fclose.o ABSOLUTE
    ../clib/stdio.c                          0x00000000   Number         0  fopen.o ABSOLUTE
    ../clib/stdio.c                          0x00000000   Number         0  fseek.o ABSOLUTE
    ../clib/stdio.c                          0x00000000   Number         0  streamlock.o ABSOLUTE
    ../clib/stdio.c                          0x00000000   Number         0  stdio.o ABSOLUTE
    ../clib/stdio.c                          0x00000000   Number         0  fwritefast.o ABSOLUTE
    ../clib/stdio.c                          0x00000000   Number         0  fwritefast_locked.o ABSOLUTE
    ../clib/stdio.c                          0x00000000   Number         0  setvbuf.o ABSOLUTE
    ../clib/stdio.c                          0x00000000   Number         0  fputs_locked.o ABSOLUTE
    ../clib/stdio.c                          0x00000000   Number         0  ftell.o ABSOLUTE
    ../clib/stdlib.c                         0x00000000   Number         0  exit.o ABSOLUTE
    ../clib/string.c                         0x00000000   Number         0  strlen.o ABSOLUTE
    ../clib/string.c                         0x00000000   Number         0  strcpy.o ABSOLUTE
    ../clib/wchar.c                          0x00000000   Number         0  flsbuf_fwide.o ABSOLUTE
    ../fplib/cfplib/fpinit.c                 0x00000000   Number         0  fpinit.o ABSOLUTE
    ..\App\Main.c                            0x00000000   Number         0  main.o ABSOLUTE
    ..\Driver\Board_GPIO.c                   0x00000000   Number         0  board_gpio.o ABSOLUTE
    ..\Driver\Board_Init.c                   0x00000000   Number         0  board_init.o ABSOLUTE
    ..\Sys\startup_stm32l053xx.s             0x00000000   Number         0  startup_stm32l053xx.o ABSOLUTE
    ..\Sys\stm32l0xx_it.c                    0x00000000   Number         0  stm32l0xx_it.o ABSOLUTE
    ..\Sys\system_stm32l0xx.c                0x00000000   Number         0  system_stm32l0xx.o ABSOLUTE
    ..\VL53L0x\App\VL53L0x.c                 0x00000000   Number         0  vl53l0x.o ABSOLUTE
    ..\VL53L0x\App\VL53L0x_Cali.c            0x00000000   Number         0  vl53l0x_cali.o ABSOLUTE
    ..\VL53L0x\App\VL53L0x_Gen.c             0x00000000   Number         0  vl53l0x_gen.o ABSOLUTE
    ..\VL53L0x\core\src\VL53L0x_API.c        0x00000000   Number         0  vl53l0x_api.o ABSOLUTE
    ..\VL53L0x\core\src\VL53L0x_API_Calibration.c 0x00000000   Number         0  vl53l0x_api_calibration.o ABSOLUTE
    ..\VL53L0x\core\src\VL53L0x_API_Core.c   0x00000000   Number         0  vl53l0x_api_core.o ABSOLUTE
    ..\VL53L0x\core\src\VL53L0x_API_Ranging.c 0x00000000   Number         0  vl53l0x_api_ranging.o ABSOLUTE
    ..\VL53L0x\core\src\VL53L0x_API_Strings.c 0x00000000   Number         0  vl53l0x_api_strings.o ABSOLUTE
    ..\VL53L0x\platform\src\VL53L0x_I2C.c    0x00000000   Number         0  vl53l0x_i2c.o ABSOLUTE
    ..\VL53L0x\platform\src\VL53L0x_platform.c 0x00000000   Number         0  vl53l0x_platform.o ABSOLUTE
    ..\\App\\Main.c                          0x00000000   Number         0  main.o ABSOLUTE
    ..\\Driver\\Board_GPIO.c                 0x00000000   Number         0  board_gpio.o ABSOLUTE
    ..\\Driver\\Board_Init.c                 0x00000000   Number         0  board_init.o ABSOLUTE
    ..\\Sys\\system_stm32l0xx.c              0x00000000   Number         0  system_stm32l0xx.o ABSOLUTE
    ..\\VL53L0x\\App\\VL53L0x.c              0x00000000   Number         0  vl53l0x.o ABSOLUTE
    ..\\VL53L0x\\App\\VL53L0x_Cali.c         0x00000000   Number         0  vl53l0x_cali.o ABSOLUTE
    ..\\VL53L0x\\App\\VL53L0x_Gen.c          0x00000000   Number         0  vl53l0x_gen.o ABSOLUTE
    ..\\VL53L0x\\core\\src\\VL53L0x_API.c    0x00000000   Number         0  vl53l0x_api.o ABSOLUTE
    ..\\VL53L0x\\core\\src\\VL53L0x_API_Calibration.c 0x00000000   Number         0  vl53l0x_api_calibration.o ABSOLUTE
    ..\\VL53L0x\\core\\src\\VL53L0x_API_Core.c 0x00000000   Number         0  vl53l0x_api_core.o ABSOLUTE
    ..\\VL53L0x\\core\\src\\VL53L0x_API_Ranging.c 0x00000000   Number         0  vl53l0x_api_ranging.o ABSOLUTE
    ..\\VL53L0x\\core\\src\\VL53L0x_API_Strings.c 0x00000000   Number         0  vl53l0x_api_strings.o ABSOLUTE
    ..\\VL53L0x\\platform\\src\\VL53L0x_I2C.c 0x00000000   Number         0  vl53l0x_i2c.o ABSOLUTE
    ..\\VL53L0x\\platform\\src\\VL53L0x_platform.c 0x00000000   Number         0  vl53l0x_platform.o ABSOLUTE
    dc.s                                     0x00000000   Number         0  dc.o ABSOLUTE
    RESET                                    0x08000000   Section      192  startup_stm32l053xx.o(RESET)
    !!!main                                  0x080000c0   Section        8  __main.o(!!!main)
    !!!scatter                               0x080000c8   Section       60  __scatter.o(!!!scatter)
    !!handler_copy                           0x08000104   Section       26  __scatter_copy.o(!!handler_copy)
    !!handler_zi                             0x08000120   Section       28  __scatter_zi.o(!!handler_zi)
    .ARM.Collect$$libinit$$00000000          0x0800013c   Section        2  libinit.o(.ARM.Collect$$libinit$$00000000)
    .ARM.Collect$$libinit$$00000002          0x0800013e   Section        0  libinit2.o(.ARM.Collect$$libinit$$00000002)
    .ARM.Collect$$libinit$$00000004          0x0800013e   Section        0  libinit2.o(.ARM.Collect$$libinit$$00000004)
    .ARM.Collect$$libinit$$0000000A          0x0800013e   Section        0  libinit2.o(.ARM.Collect$$libinit$$0000000A)
    .ARM.Collect$$libinit$$0000000C          0x0800013e   Section        0  libinit2.o(.ARM.Collect$$libinit$$0000000C)
    .ARM.Collect$$libinit$$0000000E          0x0800013e   Section        0  libinit2.o(.ARM.Collect$$libinit$$0000000E)
    .ARM.Collect$$libinit$$00000011          0x0800013e   Section        0  libinit2.o(.ARM.Collect$$libinit$$00000011)
    .ARM.Collect$$libinit$$00000013          0x0800013e   Section        0  libinit2.o(.ARM.Collect$$libinit$$00000013)
    .ARM.Collect$$libinit$$00000015          0x0800013e   Section        0  libinit2.o(.ARM.Collect$$libinit$$00000015)
    .ARM.Collect$$libinit$$00000017          0x0800013e   Section        0  libinit2.o(.ARM.Collect$$libinit$$00000017)
    .ARM.Collect$$libinit$$00000019          0x0800013e   Section        0  libinit2.o(.ARM.Collect$$libinit$$00000019)
    .ARM.Collect$$libinit$$0000001B          0x0800013e   Section        0  libinit2.o(.ARM.Collect$$libinit$$0000001B)
    .ARM.Collect$$libinit$$0000001D          0x0800013e   Section        0  libinit2.o(.ARM.Collect$$libinit$$0000001D)
    .ARM.Collect$$libinit$$0000001F          0x0800013e   Section        0  libinit2.o(.ARM.Collect$$libinit$$0000001F)
    .ARM.Collect$$libinit$$00000021          0x0800013e   Section        0  libinit2.o(.ARM.Collect$$libinit$$00000021)
    .ARM.Collect$$libinit$$00000023          0x0800013e   Section        0  libinit2.o(.ARM.Collect$$libinit$$00000023)
    .ARM.Collect$$libinit$$00000025          0x0800013e   Section        0  libinit2.o(.ARM.Collect$$libinit$$00000025)
    .ARM.Collect$$libinit$$0000002C          0x0800013e   Section        0  libinit2.o(.ARM.Collect$$libinit$$0000002C)
    .ARM.Collect$$libinit$$0000002E          0x0800013e   Section        0  libinit2.o(.ARM.Collect$$libinit$$0000002E)
    .ARM.Collect$$libinit$$00000030          0x0800013e   Section        0  libinit2.o(.ARM.Collect$$libinit$$00000030)
    .ARM.Collect$$libinit$$00000032          0x0800013e   Section        0  libinit2.o(.ARM.Collect$$libinit$$00000032)
    .ARM.Collect$$libinit$$00000033          0x0800013e   Section        2  libinit2.o(.ARM.Collect$$libinit$$00000033)
    .ARM.Collect$$libshutdown$$00000000      0x08000140   Section        2  libshutdown.o(.ARM.Collect$$libshutdown$$00000000)
    .ARM.Collect$$libshutdown$$00000002      0x08000142   Section        0  libshutdown2.o(.ARM.Collect$$libshutdown$$00000002)
    .ARM.Collect$$libshutdown$$00000004      0x08000142   Section        0  libshutdown2.o(.ARM.Collect$$libshutdown$$00000004)
    .ARM.Collect$$libshutdown$$00000007      0x08000142   Section        0  libshutdown2.o(.ARM.Collect$$libshutdown$$00000007)
    .ARM.Collect$$libshutdown$$0000000A      0x08000142   Section        0  libshutdown2.o(.ARM.Collect$$libshutdown$$0000000A)
    .ARM.Collect$$libshutdown$$0000000C      0x08000142   Section        0  libshutdown2.o(.ARM.Collect$$libshutdown$$0000000C)
    .ARM.Collect$$libshutdown$$0000000F      0x08000142   Section        0  libshutdown2.o(.ARM.Collect$$libshutdown$$0000000F)
    .ARM.Collect$$libshutdown$$00000010      0x08000142   Section        2  libshutdown2.o(.ARM.Collect$$libshutdown$$00000010)
    .ARM.Collect$$rtentry$$00000000          0x08000144   Section        0  __rtentry.o(.ARM.Collect$$rtentry$$00000000)
    .ARM.Collect$$rtentry$$00000002          0x08000144   Section        0  __rtentry2.o(.ARM.Collect$$rtentry$$00000002)
    .ARM.Collect$$rtentry$$00000004          0x08000144   Section        6  __rtentry4.o(.ARM.Collect$$rtentry$$00000004)
    .ARM.Collect$$rtentry$$00000009          0x0800014a   Section        0  __rtentry2.o(.ARM.Collect$$rtentry$$00000009)
    .ARM.Collect$$rtentry$$0000000A          0x0800014a   Section        4  __rtentry2.o(.ARM.Collect$$rtentry$$0000000A)
    .ARM.Collect$$rtentry$$0000000C          0x0800014e   Section        0  __rtentry2.o(.ARM.Collect$$rtentry$$0000000C)
    .ARM.Collect$$rtentry$$0000000D          0x0800014e   Section        8  __rtentry2.o(.ARM.Collect$$rtentry$$0000000D)
    .ARM.Collect$$rtexit$$00000000           0x08000156   Section        2  rtexit.o(.ARM.Collect$$rtexit$$00000000)
    .ARM.Collect$$rtexit$$00000002           0x08000158   Section        0  rtexit2.o(.ARM.Collect$$rtexit$$00000002)
    .ARM.Collect$$rtexit$$00000003           0x08000158   Section        4  rtexit2.o(.ARM.Collect$$rtexit$$00000003)
    .ARM.Collect$$rtexit$$00000004           0x0800015c   Section        6  rtexit2.o(.ARM.Collect$$rtexit$$00000004)
    .text                                    0x08000164   Section       56  startup_stm32l053xx.o(.text)
    .text                                    0x0800019c   Section      346  aeabi_sdiv.o(.text)
    .text                                    0x080002f6   Section        0  heapauxi.o(.text)
    .text                                    0x080002fc   Section       62  sys_stackheap_outer.o(.text)
    .text                                    0x0800033a   Section        0  exit.o(.text)
    .text                                    0x0800034c   Section        8  libspace.o(.text)
    .text                                    0x08000354   Section        2  use_no_semi.o(.text)
    .text                                    0x08000356   Section        0  indicate_semi.o(.text)
    .text                                    0x08000358   Section        0  sys_exit.o(.text)
    i.Board_Init                             0x08000364   Section        0  board_init.o(i.Board_Init)
    i.HardFault_Handler                      0x08000374   Section        0  stm32l0xx_it.o(i.HardFault_Handler)
    i.NMI_Handler                            0x08000378   Section        0  stm32l0xx_it.o(i.NMI_Handler)
    i.PendSV_Handler                         0x0800037a   Section        0  stm32l0xx_it.o(i.PendSV_Handler)
    i.RTC_AWU_Init                           0x0800037c   Section        0  board_init.o(i.RTC_AWU_Init)
    RTC_AWU_Init                             0x0800037d   Thumb Code   272  board_init.o(i.RTC_AWU_Init)
    i.RTC_IRQHandler                         0x080004a4   Section        0  board_init.o(i.RTC_IRQHandler)
    i.SVC_Handler                            0x080004e4   Section        0  stm32l0xx_it.o(i.SVC_Handler)
    i.SYSTICK_Init                           0x080004e8   Section        0  board_init.o(i.SYSTICK_Init)
    SYSTICK_Init                             0x080004e9   Thumb Code    36  board_init.o(i.SYSTICK_Init)
    i.SYS_GetTick                            0x08000514   Section        0  board_init.o(i.SYS_GetTick)
    i.SYS_IncTick                            0x08000528   Section        0  board_init.o(i.SYS_IncTick)
    SYS_IncTick                              0x08000529   Thumb Code    12  board_init.o(i.SYS_IncTick)
    i.SysTick_Handler                        0x08000538   Section        0  board_init.o(i.SysTick_Handler)
    i.SystemClock_Init                       0x08000540   Section        0  system_stm32l0xx.o(i.SystemClock_Init)
    i.SystemCoreClockUpdate                  0x080006b0   Section        0  system_stm32l0xx.o(i.SystemCoreClockUpdate)
    i.SystemInit                             0x080007c4   Section        0  system_stm32l0xx.o(i.SystemInit)
    i.USART2_IRQHandler                      0x08000838   Section        0  board_init.o(i.USART2_IRQHandler)
    i.USART2_Init                            0x08000854   Section        0  board_init.o(i.USART2_Init)
    USART2_Init                              0x08000855   Thumb Code   140  board_init.o(i.USART2_Init)
    i.__NVIC_EnableIRQ                       0x080008e8   Section        0  board_init.o(i.__NVIC_EnableIRQ)
    __NVIC_EnableIRQ                         0x080008e9   Thumb Code    26  board_init.o(i.__NVIC_EnableIRQ)
    i.__NVIC_SetPriority                     0x08000908   Section        0  board_init.o(i.__NVIC_SetPriority)
    __NVIC_SetPriority                       0x08000909   Thumb Code   110  board_init.o(i.__NVIC_SetPriority)
    i.main                                   0x08000980   Section        0  main.o(i.main)
    .constdata                               0x08000990   Section       33  system_stm32l0xx.o(.constdata)
    .data                                    0x20000000   Section        4  system_stm32l0xx.o(.data)
    .data                                    0x20000004   Section        5  board_init.o(.data)
    uwSecond                                 0x20000004   Data           4  board_init.o(.data)
    .bss                                     0x2000000c   Section       96  libspace.o(.bss)
    HEAP                                     0x20000070   Section      512  startup_stm32l053xx.o(HEAP)
    Heap_Mem                                 0x20000070   Data         512  startup_stm32l053xx.o(HEAP)
    STACK                                    0x20000270   Section     1024  startup_stm32l053xx.o(STACK)
    Stack_Mem                                0x20000270   Data        1024  startup_stm32l053xx.o(STACK)
    __initial_sp                             0x20000670   Data           0  startup_stm32l053xx.o(STACK)

    Global Symbols

    Symbol Name                              Value     Ov Type        Size  Object(Section)

    BuildAttributes$$THM_ISAv3M$S$PE$A:L22$X:L11$S22$IEEE1$IW$USESV6$~STKCKD$USESV7$~SHL$OTIME$ROPI$EBA8$UX$STANDARDLIB$REQ8$PRES8$EABIv2 0x00000000   Number         0  anon$$obj.o ABSOLUTE
    __ARM_use_no_argv                        0x00000000   Number         0  main.o ABSOLUTE
    __ARM_exceptions_init                     - Undefined Weak Reference
    __alloca_initialize                       - Undefined Weak Reference
    __arm_preinit_                            - Undefined Weak Reference
    __cpp_initialize__aeabi_                  - Undefined Weak Reference
    __cxa_finalize                            - Undefined Weak Reference
    __rt_locale                               - Undefined Weak Reference
    __sigvec_lookup                           - Undefined Weak Reference
    __user_heap_extent                        - Undefined Weak Reference
    _atexit_init                              - Undefined Weak Reference
    _call_atexit_fns                          - Undefined Weak Reference
    _clock_init                               - Undefined Weak Reference
    _fp_trap_init                             - Undefined Weak Reference
    _fp_trap_shutdown                         - Undefined Weak Reference
    _get_lc_collate                           - Undefined Weak Reference
    _get_lc_ctype                             - Undefined Weak Reference
    _get_lc_monetary                          - Undefined Weak Reference
    _get_lc_numeric                           - Undefined Weak Reference
    _get_lc_time                              - Undefined Weak Reference
    _getenv_init                              - Undefined Weak Reference
    _handle_redirection                       - Undefined Weak Reference
    _mutex_acquire                            - Undefined Weak Reference
    _mutex_free                               - Undefined Weak Reference
    _mutex_release                            - Undefined Weak Reference
    _printf_post_padding                      - Undefined Weak Reference
    _printf_pre_padding                       - Undefined Weak Reference
    _printf_truncate_signed                   - Undefined Weak Reference
    _printf_truncate_unsigned                 - Undefined Weak Reference
    _rand_init                                - Undefined Weak Reference
    _signal_finish                            - Undefined Weak Reference
    _signal_init                              - Undefined Weak Reference
    __Vectors_Size                           0x000000c0   Number         0  startup_stm32l053xx.o ABSOLUTE
    __Vectors                                0x08000000   Data           4  startup_stm32l053xx.o(RESET)
    __Vectors_End                            0x080000c0   Data           0  startup_stm32l053xx.o(RESET)
    __main                                   0x080000c1   Thumb Code     8  __main.o(!!!main)
    __scatterload                            0x080000c9   Thumb Code     0  __scatter.o(!!!scatter)
    __scatterload_rt2                        0x080000c9   Thumb Code    52  __scatter.o(!!!scatter)
    __scatterload_rt2_thumb_only             0x080000c9   Thumb Code     0  __scatter.o(!!!scatter)
    __scatterload_null                       0x080000d9   Thumb Code     0  __scatter.o(!!!scatter)
    __scatterload_copy                       0x08000105   Thumb Code    26  __scatter_copy.o(!!handler_copy)
    __scatterload_zeroinit                   0x08000121   Thumb Code    28  __scatter_zi.o(!!handler_zi)
    __rt_lib_init                            0x0800013d   Thumb Code     0  libinit.o(.ARM.Collect$$libinit$$00000000)
    __rt_lib_init_alloca_1                   0x0800013f   Thumb Code     0  libinit2.o(.ARM.Collect$$libinit$$0000002E)
    __rt_lib_init_argv_1                     0x0800013f   Thumb Code     0  libinit2.o(.ARM.Collect$$libinit$$0000002C)
    __rt_lib_init_atexit_1                   0x0800013f   Thumb Code     0  libinit2.o(.ARM.Collect$$libinit$$0000001B)
    __rt_lib_init_clock_1                    0x0800013f   Thumb Code     0  libinit2.o(.ARM.Collect$$libinit$$00000021)
    __rt_lib_init_cpp_1                      0x0800013f   Thumb Code     0  libinit2.o(.ARM.Collect$$libinit$$00000032)
    __rt_lib_init_exceptions_1               0x0800013f   Thumb Code     0  libinit2.o(.ARM.Collect$$libinit$$00000030)
    __rt_lib_init_fp_1                       0x0800013f   Thumb Code     0  libinit2.o(.ARM.Collect$$libinit$$00000002)
    __rt_lib_init_fp_trap_1                  0x0800013f   Thumb Code     0  libinit2.o(.ARM.Collect$$libinit$$0000001F)
    __rt_lib_init_getenv_1                   0x0800013f   Thumb Code     0  libinit2.o(.ARM.Collect$$libinit$$00000023)
    __rt_lib_init_heap_1                     0x0800013f   Thumb Code     0  libinit2.o(.ARM.Collect$$libinit$$0000000A)
    __rt_lib_init_lc_collate_1               0x0800013f   Thumb Code     0  libinit2.o(.ARM.Collect$$libinit$$00000011)
    __rt_lib_init_lc_ctype_1                 0x0800013f   Thumb Code     0  libinit2.o(.ARM.Collect$$libinit$$00000013)
    __rt_lib_init_lc_monetary_1              0x0800013f   Thumb Code     0  libinit2.o(.ARM.Collect$$libinit$$00000015)
    __rt_lib_init_lc_numeric_1               0x0800013f   Thumb Code     0  libinit2.o(.ARM.Collect$$libinit$$00000017)
    __rt_lib_init_lc_time_1                  0x0800013f   Thumb Code     0  libinit2.o(.ARM.Collect$$libinit$$00000019)
    __rt_lib_init_preinit_1                  0x0800013f   Thumb Code     0  libinit2.o(.ARM.Collect$$libinit$$00000004)
    __rt_lib_init_rand_1                     0x0800013f   Thumb Code     0  libinit2.o(.ARM.Collect$$libinit$$0000000E)
    __rt_lib_init_return                     0x0800013f   Thumb Code     0  libinit2.o(.ARM.Collect$$libinit$$00000033)
    __rt_lib_init_signal_1                   0x0800013f   Thumb Code     0  libinit2.o(.ARM.Collect$$libinit$$0000001D)
    __rt_lib_init_stdio_1                    0x0800013f   Thumb Code     0  libinit2.o(.ARM.Collect$$libinit$$00000025)
    __rt_lib_init_user_alloc_1               0x0800013f   Thumb Code     0  libinit2.o(.ARM.Collect$$libinit$$0000000C)
    __rt_lib_shutdown                        0x08000141   Thumb Code     0  libshutdown.o(.ARM.Collect$$libshutdown$$00000000)
    __rt_lib_shutdown_cpp_1                  0x08000143   Thumb Code     0  libshutdown2.o(.ARM.Collect$$libshutdown$$00000002)
    __rt_lib_shutdown_fp_trap_1              0x08000143   Thumb Code     0  libshutdown2.o(.ARM.Collect$$libshutdown$$00000007)
    __rt_lib_shutdown_heap_1                 0x08000143   Thumb Code     0  libshutdown2.o(.ARM.Collect$$libshutdown$$0000000F)
    __rt_lib_shutdown_return                 0x08000143   Thumb Code     0  libshutdown2.o(.ARM.Collect$$libshutdown$$00000010)
    __rt_lib_shutdown_signal_1               0x08000143   Thumb Code     0  libshutdown2.o(.ARM.Collect$$libshutdown$$0000000A)
    __rt_lib_shutdown_stdio_1                0x08000143   Thumb Code     0  libshutdown2.o(.ARM.Collect$$libshutdown$$00000004)
    __rt_lib_shutdown_user_alloc_1           0x08000143   Thumb Code     0  libshutdown2.o(.ARM.Collect$$libshutdown$$0000000C)
    __rt_entry                               0x08000145   Thumb Code     0  __rtentry.o(.ARM.Collect$$rtentry$$00000000)
    __rt_entry_presh_1                       0x08000145   Thumb Code     0  __rtentry2.o(.ARM.Collect$$rtentry$$00000002)
    __rt_entry_sh                            0x08000145   Thumb Code     0  __rtentry4.o(.ARM.Collect$$rtentry$$00000004)
    __rt_entry_li                            0x0800014b   Thumb Code     0  __rtentry2.o(.ARM.Collect$$rtentry$$0000000A)
    __rt_entry_postsh_1                      0x0800014b   Thumb Code     0  __rtentry2.o(.ARM.Collect$$rtentry$$00000009)
    __rt_entry_main                          0x0800014f   Thumb Code     0  __rtentry2.o(.ARM.Collect$$rtentry$$0000000D)
    __rt_entry_postli_1                      0x0800014f   Thumb Code     0  __rtentry2.o(.ARM.Collect$$rtentry$$0000000C)
    __rt_exit                                0x08000157   Thumb Code     0  rtexit.o(.ARM.Collect$$rtexit$$00000000)
    __rt_exit_ls                             0x08000159   Thumb Code     0  rtexit2.o(.ARM.Collect$$rtexit$$00000003)
    __rt_exit_prels_1                        0x08000159   Thumb Code     0  rtexit2.o(.ARM.Collect$$rtexit$$00000002)
    __rt_exit_exit                           0x0800015d   Thumb Code     0  rtexit2.o(.ARM.Collect$$rtexit$$00000004)
    Reset_Handler                            0x08000165   Thumb Code     8  startup_stm32l053xx.o(.text)
    ADC1_COMP_IRQHandler                     0x08000177   Thumb Code     0  startup_stm32l053xx.o(.text)
    DMA1_Channel1_IRQHandler                 0x08000177   Thumb Code     0  startup_stm32l053xx.o(.text)
    DMA1_Channel2_3_IRQHandler               0x08000177   Thumb Code     0  startup_stm32l053xx.o(.text)
    DMA1_Channel4_5_6_7_IRQHandler           0x08000177   Thumb Code     0  startup_stm32l053xx.o(.text)
    EXTI0_1_IRQHandler                       0x08000177   Thumb Code     0  startup_stm32l053xx.o(.text)
    EXTI2_3_IRQHandler                       0x08000177   Thumb Code     0  startup_stm32l053xx.o(.text)
    EXTI4_15_IRQHandler                      0x08000177   Thumb Code     0  startup_stm32l053xx.o(.text)
    FLASH_IRQHandler                         0x08000177   Thumb Code     0  startup_stm32l053xx.o(.text)
    I2C1_IRQHandler                          0x08000177   Thumb Code     0  startup_stm32l053xx.o(.text)
    I2C2_IRQHandler                          0x08000177   Thumb Code     0  startup_stm32l053xx.o(.text)
    LCD_IRQHandler                           0x08000177   Thumb Code     0  startup_stm32l053xx.o(.text)
    LPTIM1_IRQHandler                        0x08000177   Thumb Code     0  startup_stm32l053xx.o(.text)
    PVD_IRQHandler                           0x08000177   Thumb Code     0  startup_stm32l053xx.o(.text)
    RCC_CRS_IRQHandler                       0x08000177   Thumb Code     0  startup_stm32l053xx.o(.text)
    RNG_LPUART1_IRQHandler                   0x08000177   Thumb Code     0  startup_stm32l053xx.o(.text)
    SPI1_IRQHandler                          0x08000177   Thumb Code     0  startup_stm32l053xx.o(.text)
    SPI2_IRQHandler                          0x08000177   Thumb Code     0  startup_stm32l053xx.o(.text)
    TIM21_IRQHandler                         0x08000177   Thumb Code     0  startup_stm32l053xx.o(.text)
    TIM22_IRQHandler                         0x08000177   Thumb Code     0  startup_stm32l053xx.o(.text)
    TIM2_IRQHandler                          0x08000177   Thumb Code     0  startup_stm32l053xx.o(.text)
    TIM6_DAC_IRQHandler                      0x08000177   Thumb Code     0  startup_stm32l053xx.o(.text)
    TSC_IRQHandler                           0x08000177   Thumb Code     0  startup_stm32l053xx.o(.text)
    USART1_IRQHandler                        0x08000177   Thumb Code     0  startup_stm32l053xx.o(.text)
    USB_IRQHandler                           0x08000177   Thumb Code     0  startup_stm32l053xx.o(.text)
    WWDG_IRQHandler                          0x08000177   Thumb Code     0  startup_stm32l053xx.o(.text)
    __user_initial_stackheap                 0x08000179   Thumb Code     0  startup_stm32l053xx.o(.text)
    __aeabi_uidiv                            0x0800019d   Thumb Code     0  aeabi_sdiv.o(.text)
    __aeabi_uidivmod                         0x0800019d   Thumb Code    20  aeabi_sdiv.o(.text)
    __aeabi_idiv                             0x080001b1   Thumb Code     0  aeabi_sdiv.o(.text)
    __aeabi_idivmod                          0x080001b1   Thumb Code   326  aeabi_sdiv.o(.text)
    __use_two_region_memory                  0x080002f7   Thumb Code     2  heapauxi.o(.text)
    __rt_heap_escrow                         0x080002f9   Thumb Code     2  heapauxi.o(.text)
    __rt_heap_expand                         0x080002fb   Thumb Code     2  heapauxi.o(.text)
    __user_setup_stackheap                   0x080002fd   Thumb Code    62  sys_stackheap_outer.o(.text)
    exit                                     0x0800033b   Thumb Code    16  exit.o(.text)
    __user_libspace                          0x0800034d   Thumb Code     8  libspace.o(.text)
    __user_perproc_libspace                  0x0800034d   Thumb Code     0  libspace.o(.text)
    __user_perthread_libspace                0x0800034d   Thumb Code     0  libspace.o(.text)
    __I$use$semihosting                      0x08000355   Thumb Code     0  use_no_semi.o(.text)
    __use_no_semihosting_swi                 0x08000355   Thumb Code     2  use_no_semi.o(.text)
    __semihosting_library_function           0x08000357   Thumb Code     0  indicate_semi.o(.text)
    _sys_exit                                0x08000359   Thumb Code     8  sys_exit.o(.text)
    Board_Init                               0x08000365   Thumb Code    16  board_init.o(i.Board_Init)
    HardFault_Handler                        0x08000375   Thumb Code     4  stm32l0xx_it.o(i.HardFault_Handler)
    NMI_Handler                              0x08000379   Thumb Code     2  stm32l0xx_it.o(i.NMI_Handler)
    PendSV_Handler                           0x0800037b   Thumb Code     2  stm32l0xx_it.o(i.PendSV_Handler)
    RTC_IRQHandler                           0x080004a5   Thumb Code    52  board_init.o(i.RTC_IRQHandler)
    SVC_Handler                              0x080004e5   Thumb Code     2  stm32l0xx_it.o(i.SVC_Handler)
    SYS_GetTick                              0x08000515   Thumb Code    14  board_init.o(i.SYS_GetTick)
    SysTick_Handler                          0x08000539   Thumb Code     8  board_init.o(i.SysTick_Handler)
    SystemClock_Init                         0x08000541   Thumb Code   342  system_stm32l0xx.o(i.SystemClock_Init)
    SystemCoreClockUpdate                    0x080006b1   Thumb Code   248  system_stm32l0xx.o(i.SystemCoreClockUpdate)
    SystemInit                               0x080007c5   Thumb Code    98  system_stm32l0xx.o(i.SystemInit)
    USART2_IRQHandler                        0x08000839   Thumb Code    22  board_init.o(i.USART2_IRQHandler)
    main                                     0x08000981   Thumb Code    16  main.o(i.main)
    AHBPrescTable                            0x08000990   Data          16  system_stm32l0xx.o(.constdata)
    APBPrescTable                            0x080009a0   Data           8  system_stm32l0xx.o(.constdata)
    PLLMulTable                              0x080009a8   Data           9  system_stm32l0xx.o(.constdata)
    Region$$Table$$Base                      0x080009b4   Number         0  anon$$obj.o(Region$$Table)
    Region$$Table$$Limit                     0x080009d4   Number         0  anon$$obj.o(Region$$Table)
    SystemCoreClock                          0x20000000   Data           4  system_stm32l0xx.o(.data)
    awuFlag                                  0x20000008   Data           1  board_init.o(.data)
    __libspace_start                         0x2000000c   Data          96  libspace.o(.bss)
    __temporary_stack_top$libspace           0x2000006c   Data           0  libspace.o(.bss)



==============================================================================

Memory Map of the image

  Image Entry point : 0x080000c1

  Load Region LR_IROM1 (Base: 0x08000000, Size: 0x000009e0, Max: 0x00010000, ABSOLUTE)

    Execution Region ER_IROM1 (Exec base: 0x08000000, Load base: 0x08000000, Size: 0x000009d4, Max: 0x00010000, ABSOLUTE)

    Exec Addr    Load Addr    Size         Type   Attr      Idx    E Section Name        Object

    0x08000000   0x08000000   0x000000c0   Data   RO          138    RESET               startup_stm32l053xx.o
    0x080000c0   0x080000c0   0x00000008   Code   RO         1789  * !!!main             c_p.l(__main.o)
    0x080000c8   0x080000c8   0x0000003c   Code   RO         2148    !!!scatter          c_p.l(__scatter.o)
    0x08000104   0x08000104   0x0000001a   Code   RO         2150    !!handler_copy      c_p.l(__scatter_copy.o)
    0x0800011e   0x0800011e   0x00000002   PAD
    0x08000120   0x08000120   0x0000001c   Code   RO         2152    !!handler_zi        c_p.l(__scatter_zi.o)
    0x0800013c   0x0800013c   0x00000002   Code   RO         1938    .ARM.Collect$$libinit$$00000000  c_p.l(libinit.o)
    0x0800013e   0x0800013e   0x00000000   Code   RO         1940    .ARM.Collect$$libinit$$00000002  c_p.l(libinit2.o)
    0x0800013e   0x0800013e   0x00000000   Code   RO         1942    .ARM.Collect$$libinit$$00000004  c_p.l(libinit2.o)
    0x0800013e   0x0800013e   0x00000000   Code   RO         1945    .ARM.Collect$$libinit$$0000000A  c_p.l(libinit2.o)
    0x0800013e   0x0800013e   0x00000000   Code   RO         1947    .ARM.Collect$$libinit$$0000000C  c_p.l(libinit2.o)
    0x0800013e   0x0800013e   0x00000000   Code   RO         1949    .ARM.Collect$$libinit$$0000000E  c_p.l(libinit2.o)
    0x0800013e   0x0800013e   0x00000000   Code   RO         1952    .ARM.Collect$$libinit$$00000011  c_p.l(libinit2.o)
    0x0800013e   0x0800013e   0x00000000   Code   RO         1954    .ARM.Collect$$libinit$$00000013  c_p.l(libinit2.o)
    0x0800013e   0x0800013e   0x00000000   Code   RO         1956    .ARM.Collect$$libinit$$00000015  c_p.l(libinit2.o)
    0x0800013e   0x0800013e   0x00000000   Code   RO         1958    .ARM.Collect$$libinit$$00000017  c_p.l(libinit2.o)
    0x0800013e   0x0800013e   0x00000000   Code   RO         1960    .ARM.Collect$$libinit$$00000019  c_p.l(libinit2.o)
    0x0800013e   0x0800013e   0x00000000   Code   RO         1962    .ARM.Collect$$libinit$$0000001B  c_p.l(libinit2.o)
    0x0800013e   0x0800013e   0x00000000   Code   RO         1964    .ARM.Collect$$libinit$$0000001D  c_p.l(libinit2.o)
    0x0800013e   0x0800013e   0x00000000   Code   RO         1966    .ARM.Collect$$libinit$$0000001F  c_p.l(libinit2.o)
    0x0800013e   0x0800013e   0x00000000   Code   RO         1968    .ARM.Collect$$libinit$$00000021  c_p.l(libinit2.o)
    0x0800013e   0x0800013e   0x00000000   Code   RO         1970    .ARM.Collect$$libinit$$00000023  c_p.l(libinit2.o)
    0x0800013e   0x0800013e   0x00000000   Code   RO         1972    .ARM.Collect$$libinit$$00000025  c_p.l(libinit2.o)
    0x0800013e   0x0800013e   0x00000000   Code   RO         1976    .ARM.Collect$$libinit$$0000002C  c_p.l(libinit2.o)
    0x0800013e   0x0800013e   0x00000000   Code   RO         1978    .ARM.Collect$$libinit$$0000002E  c_p.l(libinit2.o)
    0x0800013e   0x0800013e   0x00000000   Code   RO         1980    .ARM.Collect$$libinit$$00000030  c_p.l(libinit2.o)
    0x0800013e   0x0800013e   0x00000000   Code   RO         1982    .ARM.Collect$$libinit$$00000032  c_p.l(libinit2.o)
    0x0800013e   0x0800013e   0x00000002   Code   RO         1983    .ARM.Collect$$libinit$$00000033  c_p.l(libinit2.o)
    0x08000140   0x08000140   0x00000002   Code   RO         2129    .ARM.Collect$$libshutdown$$00000000  c_p.l(libshutdown.o)
    0x08000142   0x08000142   0x00000000   Code   RO         1985    .ARM.Collect$$libshutdown$$00000002  c_p.l(libshutdown2.o)
    0x08000142   0x08000142   0x00000000   Code   RO         1987    .ARM.Collect$$libshutdown$$00000004  c_p.l(libshutdown2.o)
    0x08000142   0x08000142   0x00000000   Code   RO         1990    .ARM.Collect$$libshutdown$$00000007  c_p.l(libshutdown2.o)
    0x08000142   0x08000142   0x00000000   Code   RO         1993    .ARM.Collect$$libshutdown$$0000000A  c_p.l(libshutdown2.o)
    0x08000142   0x08000142   0x00000000   Code   RO         1995    .ARM.Collect$$libshutdown$$0000000C  c_p.l(libshutdown2.o)
    0x08000142   0x08000142   0x00000000   Code   RO         1998    .ARM.Collect$$libshutdown$$0000000F  c_p.l(libshutdown2.o)
    0x08000142   0x08000142   0x00000002   Code   RO         1999    .ARM.Collect$$libshutdown$$00000010  c_p.l(libshutdown2.o)
    0x08000144   0x08000144   0x00000000   Code   RO         1791    .ARM.Collect$$rtentry$$00000000  c_p.l(__rtentry.o)
    0x08000144   0x08000144   0x00000000   Code   RO         1810    .ARM.Collect$$rtentry$$00000002  c_p.l(__rtentry2.o)
    0x08000144   0x08000144   0x00000006   Code   RO         1822    .ARM.Collect$$rtentry$$00000004  c_p.l(__rtentry4.o)
    0x0800014a   0x0800014a   0x00000000   Code   RO         1812    .ARM.Collect$$rtentry$$00000009  c_p.l(__rtentry2.o)
    0x0800014a   0x0800014a   0x00000004   Code   RO         1813    .ARM.Collect$$rtentry$$0000000A  c_p.l(__rtentry2.o)
    0x0800014e   0x0800014e   0x00000000   Code   RO         1815    .ARM.Collect$$rtentry$$0000000C  c_p.l(__rtentry2.o)
    0x0800014e   0x0800014e   0x00000008   Code   RO         1816    .ARM.Collect$$rtentry$$0000000D  c_p.l(__rtentry2.o)
    0x08000156   0x08000156   0x00000002   Code   RO         2009    .ARM.Collect$$rtexit$$00000000  c_p.l(rtexit.o)
    0x08000158   0x08000158   0x00000000   Code   RO         2067    .ARM.Collect$$rtexit$$00000002  c_p.l(rtexit2.o)
    0x08000158   0x08000158   0x00000004   Code   RO         2068    .ARM.Collect$$rtexit$$00000003  c_p.l(rtexit2.o)
    0x0800015c   0x0800015c   0x00000006   Code   RO         2069    .ARM.Collect$$rtexit$$00000004  c_p.l(rtexit2.o)
    0x08000162   0x08000162   0x00000002   PAD
    0x08000164   0x08000164   0x00000038   Code   RO          139    .text               startup_stm32l053xx.o
    0x0800019c   0x0800019c   0x0000015a   Code   RO         1783    .text               c_p.l(aeabi_sdiv.o)
    0x080002f6   0x080002f6   0x00000006   Code   RO         1787    .text               c_p.l(heapauxi.o)
    0x080002fc   0x080002fc   0x0000003e   Code   RO         1849    .text               c_p.l(sys_stackheap_outer.o)
    0x0800033a   0x0800033a   0x00000010   Code   RO         1923    .text               c_p.l(exit.o)
    0x0800034a   0x0800034a   0x00000002   PAD
    0x0800034c   0x0800034c   0x00000008   Code   RO         2002    .text               c_p.l(libspace.o)
    0x08000354   0x08000354   0x00000002   Code   RO         2005    .text               c_p.l(use_no_semi.o)
    0x08000356   0x08000356   0x00000000   Code   RO         2007    .text               c_p.l(indicate_semi.o)
    0x08000356   0x08000356   0x00000002   PAD
    0x08000358   0x08000358   0x0000000c   Code   RO         2064    .text               c_p.l(sys_exit.o)
    0x08000364   0x08000364   0x00000010   Code   RO          145    i.Board_Init        board_init.o
    0x08000374   0x08000374   0x00000004   Code   RO           64    i.HardFault_Handler  stm32l0xx_it.o
    0x08000378   0x08000378   0x00000002   Code   RO           65    i.NMI_Handler       stm32l0xx_it.o
    0x0800037a   0x0800037a   0x00000002   Code   RO           66    i.PendSV_Handler    stm32l0xx_it.o
    0x0800037c   0x0800037c   0x00000128   Code   RO          146    i.RTC_AWU_Init      board_init.o
    0x080004a4   0x080004a4   0x00000040   Code   RO          147    i.RTC_IRQHandler    board_init.o
    0x080004e4   0x080004e4   0x00000002   Code   RO           67    i.SVC_Handler       stm32l0xx_it.o
    0x080004e6   0x080004e6   0x00000002   PAD
    0x080004e8   0x080004e8   0x0000002c   Code   RO          148    i.SYSTICK_Init      board_init.o
    0x08000514   0x08000514   0x00000014   Code   RO          149    i.SYS_GetTick       board_init.o
    0x08000528   0x08000528   0x00000010   Code   RO          150    i.SYS_IncTick       board_init.o
    0x08000538   0x08000538   0x00000008   Code   RO          151    i.SysTick_Handler   board_init.o
    0x08000540   0x08000540   0x00000170   Code   RO           99    i.SystemClock_Init  system_stm32l0xx.o
    0x080006b0   0x080006b0   0x00000114   Code   RO          100    i.SystemCoreClockUpdate  system_stm32l0xx.o
    0x080007c4   0x080007c4   0x00000074   Code   RO          101    i.SystemInit        system_stm32l0xx.o
    0x08000838   0x08000838   0x0000001c   Code   RO          154    i.USART2_IRQHandler  board_init.o
    0x08000854   0x08000854   0x00000094   Code   RO          155    i.USART2_Init       board_init.o
    0x080008e8   0x080008e8   0x00000020   Code   RO          157    i.__NVIC_EnableIRQ  board_init.o
    0x08000908   0x08000908   0x00000078   Code   RO          158    i.__NVIC_SetPriority  board_init.o
    0x08000980   0x08000980   0x00000010   Code   RO            3    i.main              main.o
    0x08000990   0x08000990   0x00000021   Data   RO          102    .constdata          system_stm32l0xx.o
    0x080009b1   0x080009b1   0x00000003   PAD
    0x080009b4   0x080009b4   0x00000020   Data   RO         2146    Region$$Table       anon$$obj.o


    Execution Region RW_IRAM1 (Exec base: 0x20000000, Load base: 0x080009d4, Size: 0x00000670, Max: 0x00002000, ABSOLUTE)

    Exec Addr    Load Addr    Size         Type   Attr      Idx    E Section Name        Object

    0x20000000   0x080009d4   0x00000004   Data   RW          103    .data               system_stm32l0xx.o
    0x20000004   0x080009d8   0x00000005   Data   RW          159    .data               board_init.o
    0x20000009   0x080009dd   0x00000003   PAD
    0x2000000c        -       0x00000060   Zero   RW         2003    .bss                c_p.l(libspace.o)
    0x2000006c   0x080009dd   0x00000004   PAD
    0x20000070        -       0x00000200   Zero   RW          137    HEAP                startup_stm32l053xx.o
    0x20000270        -       0x00000400   Zero   RW          136    STACK               startup_stm32l053xx.o


==============================================================================

Image component sizes


      Code (inc. data)   RO Data    RW Data    ZI Data      Debug   Object Name

       792         84          0          5          0      15128   board_init.o
        16          0          0          0          0     208935   main.o
        56         26        192          0       1536        600   startup_stm32l053xx.o
        10          0          0          0          0       1565   stm32l0xx_it.o
       760         72         33          4          0       2850   system_stm32l0xx.o

    ----------------------------------------------------------------------
      1636        182        260         12       1536     229078   Object Totals
         0          0         32          0          0          0   (incl. Generated)
         2          0          3          3          0          0   (incl. Padding)

    ----------------------------------------------------------------------

      Code (inc. data)   RO Data    RW Data    ZI Data      Debug   Library Member Name

         8          0          0          0          0         68   __main.o
         0          0          0          0          0          0   __rtentry.o
        12          0          0          0          0          0   __rtentry2.o
         6          0          0          0          0          0   __rtentry4.o
        60          8          0          0          0          0   __scatter.o
        26          0          0          0          0          0   __scatter_copy.o
        28          0          0          0          0          0   __scatter_zi.o
       346          0          0          0          0         92   aeabi_sdiv.o
        16          0          0          0          0         68   exit.o
         6          0          0          0          0        136   heapauxi.o
         0          0          0          0          0          0   indicate_semi.o
         2          0          0          0          0          0   libinit.o
         2          0          0          0          0          0   libinit2.o
         2          0          0          0          0          0   libshutdown.o
         2          0          0          0          0          0   libshutdown2.o
         8          4          0          0         96         68   libspace.o
         2          0          0          0          0          0   rtexit.o
        10          0          0          0          0          0   rtexit2.o
        12          4          0          0          0         60   sys_exit.o
        62          0          0          0          0         80   sys_stackheap_outer.o
         2          0          0          0          0         68   use_no_semi.o

    ----------------------------------------------------------------------
       620         16          0          0        100        640   Library Totals
         8          0          0          0          4          0   (incl. Padding)

    ----------------------------------------------------------------------

      Code (inc. data)   RO Data    RW Data    ZI Data      Debug   Library Name

       612         16          0          0         96        640   c_p.l

    ----------------------------------------------------------------------
       620         16          0          0        100        640   Library Totals

    ----------------------------------------------------------------------

==============================================================================


      Code (inc. data)   RO Data    RW Data    ZI Data      Debug   

      2256        198        260         12       1636     228870   Grand Totals
      2256        198        260         12       1636     228870   ELF Image Totals
      2256        198        260         12          0          0   ROM Totals

==============================================================================

    Total RO  Size (Code + RO Data)                 2516 (   2.46kB)
    Total RW  Size (RW Data + ZI Data)              1648 (   1.61kB)
    Total ROM Size (Code + RO Data + RW Data)       2528 (   2.47kB)

==============================================================================

