Component: ARM Compiler 5.06 update 6 (build 750) Tool: armlink [4d35ed]

==============================================================================

Section Cross References

    main.o(i.main) refers to board_init.o(i.Board_Init) for Board_Init
    main.o(i.main) refers to vl53l0x.o(i.VL53L0X_Init) for VL53L0X_Init
    main.o(i.main) refers to board_gpio.o(i.GPIO_SET_BIT) for GPIO_SET_BIT
    main.o(i.main) refers to board_init.o(i.Systick_DelayMs) for Systick_DelayMs
    main.o(i.main) refers to board_init.o(i.SYS_GetTick) for SYS_GetTick
    main.o(i.main) refers to board_init.o(i.USART2_TX) for USART2_TX
    main.o(i.main) refers to board_init.o(i.ExistLP_Mode) for ExistLP_Mode
    main.o(i.main) refers to vl53l0x_gen.o(i.readVL5Ll0x_PollingtMode) for readVL5Ll0x_PollingtMode
    main.o(i.main) refers to main.o(.bss) for .bss
    main.o(i.main) refers to main.o(.data) for .data
    board_init.o(i.Board_Init) refers to board_init.o(i.SystemClock_Init) for SystemClock_Init
    board_init.o(i.Board_Init) refers to board_gpio.o(i.GPIO_Init) for GPIO_Init
    board_init.o(i.Board_Init) refers to board_init.o(i.USART2_Init) for USART2_Init
    board_init.o(i.Board_Init) refers to board_init.o(i.RTC_AWU_Init) for RTC_AWU_Init
    board_init.o(i.Board_Init) refers to board_init.o(.data) for .data
    board_init.o(i.ExistLP_Mode) refers to board_init.o(i.SystemClock_Init) for SystemClock_Init
    board_init.o(i.ExistLP_Mode) refers to board_gpio.o(i.GPIO_Init) for GPIO_Init
    board_init.o(i.ExistLP_Mode) refers to board_init.o(i.USART2_Init) for USART2_Init
    board_init.o(i.RTC_AWU_Init) refers to board_init.o(i.__NVIC_SetPriority) for __NVIC_SetPriority
    board_init.o(i.RTC_IRQHandler) refers to board_init.o(i.SYS_IncTick) for SYS_IncTick
    board_init.o(i.SYS_GetTick) refers to board_init.o(.data) for .data
    board_init.o(i.SYS_IncTick) refers to board_init.o(.data) for .data
    board_init.o(i.SysTick_Handler) refers to board_init.o(i.SYS_IncTick) for SYS_IncTick
    board_init.o(i.Systick_DelayMs) refers to board_init.o(i.Systick_DelayUs) for Systick_DelayUs
    board_init.o(i.Systick_DelayUs) refers to fflti.o(.text) for __aeabi_ui2f
    board_init.o(i.Systick_DelayUs) refers to fmul.o(x$fpl$fmul) for __aeabi_fmul
    board_init.o(i.Systick_DelayUs) refers to ffixui.o(.text) for __aeabi_f2uiz
    board_init.o(i.Systick_DelayUs) refers to board_init.o(.data) for .data
    board_init.o(i.USART2_Init) refers to board_init.o(i.__NVIC_SetPriority) for __NVIC_SetPriority
    vl53l0x.o(i.VL53L0X_Init) refers to vl53l0x_i2c.o(i.VL53L0X_i2c_init) for VL53L0X_i2c_init
    vl53l0x.o(i.VL53L0X_Init) refers to board_gpio.o(i.GPIO_SET_BIT) for GPIO_SET_BIT
    vl53l0x.o(i.VL53L0X_Init) refers to board_init.o(i.Systick_DelayMs) for Systick_DelayMs
    vl53l0x.o(i.VL53L0X_Init) refers to vl53l0x.o(i.VL53L0X_SetAddress) for VL53L0X_SetAddress
    vl53l0x.o(i.VL53L0X_Init) refers to vl53l0x_api.o(i.VL53L0X_DataInit) for VL53L0X_DataInit
    vl53l0x.o(i.VL53L0X_Init) refers to vl53l0x_api.o(i.VL53L0X_GetDeviceInfo) for VL53L0X_GetDeviceInfo
    vl53l0x.o(i.VL53L0X_Init) refers to vl53l0x.o(.bss) for .bss
    vl53l0x.o(i.VL53L0X_Init) refers to vl53l0x_cali.o(.bss) for Vl53l0x_data
    vl53l0x.o(i.VL53L0X_Init) refers to vl53l0x.o(.data) for .data
    vl53l0x.o(i.VL53L0X_SetAddress) refers to vl53l0x_platform.o(i.VL53L0X_WrByte) for VL53L0X_WrByte
    vl53l0x.o(i.VL53L0X_SetAddress) refers to vl53l0x_platform.o(i.VL53L0X_RdWord) for VL53L0X_RdWord
    vl53l0x.o(i.VL53L0X_SetAddress) refers to vl53l0x_api.o(i.VL53L0X_SetDeviceAddress) for VL53L0X_SetDeviceAddress
    vl53l0x.o(i.VL53L0x_RESET) refers to board_gpio.o(i.GPIO_SET_BIT) for GPIO_SET_BIT
    vl53l0x.o(i.VL53L0x_RESET) refers to board_init.o(i.Systick_DelayMs) for Systick_DelayMs
    vl53l0x.o(i.VL53L0x_RESET) refers to vl53l0x.o(i.VL53L0X_SetAddress) for VL53L0X_SetAddress
    vl53l0x.o(i.VL53L0x_RESET) refers to vl53l0x_api.o(i.VL53L0X_DataInit) for VL53L0X_DataInit
    vl53l0x_cali.o(i.vl53l0x_adjust) refers to vl53l0x_api.o(i.VL53L0X_StaticInit) for VL53L0X_StaticInit
    vl53l0x_cali.o(i.vl53l0x_adjust) refers to vl53l0x_api.o(i.VL53L0X_PerformRefSpadManagement) for VL53L0X_PerformRefSpadManagement
    vl53l0x_cali.o(i.vl53l0x_adjust) refers to vl53l0x_api.o(i.VL53L0X_PerformRefCalibration) for VL53L0X_PerformRefCalibration
    vl53l0x_cali.o(i.vl53l0x_adjust) refers to vl53l0x_api.o(i.VL53L0X_PerformOffsetCalibration) for VL53L0X_PerformOffsetCalibration
    vl53l0x_cali.o(i.vl53l0x_adjust) refers to vl53l0x_api.o(i.VL53L0X_PerformXTalkCalibration) for VL53L0X_PerformXTalkCalibration
    vl53l0x_cali.o(i.vl53l0x_adjust) refers to rt_memcpy.o(.emb_text) for __aeabi_memcpy4
    vl53l0x_cali.o(i.vl53l0x_adjust) refers to vl53l0x_cali.o(.bss) for .bss
    vl53l0x_gen.o(i.VL53L0x_SetMode) refers to vl53l0x.o(i.VL53L0x_RESET) for VL53L0x_RESET
    vl53l0x_gen.o(i.VL53L0x_SetMode) refers to vl53l0x_api.o(i.VL53L0X_StaticInit) for VL53L0X_StaticInit
[...]
    ../clib/signal.c                         0x00000000   Number         0  defsig_cppl_inner.o ABSOLUTE
    ../clib/signal.c                         0x00000000   Number         0  defsig_segv_inner.o ABSOLUTE
    ../clib/signal.c                         0x00000000   Number         0  defsig_other.o ABSOLUTE
    ../clib/signal.s                         0x00000000   Number         0  defsig.o ABSOLUTE
    ../clib/stdlib.c                         0x00000000   Number         0  exit.o ABSOLUTE
    ../clib/string.c                         0x00000000   Number         0  strcpy.o ABSOLUTE
    ../fplib/cfplib/ffix.c                   0x00000000   Number         0  ffixui.o ABSOLUTE
    ../fplib/cfplib/fflt.c                   0x00000000   Number         0  fflti.o ABSOLUTE
    ../fplib/cfplib/fpinit.c                 0x00000000   Number         0  fpinit.o ABSOLUTE
    ../fplib/fmul6m.s                        0x00000000   Number         0  fmul.o ABSOLUTE
    ../fplib/usenofp.s                       0x00000000   Number         0  usenofp.o ABSOLUTE
    ..\App\Main.c                            0x00000000   Number         0  main.o ABSOLUTE
    ..\Driver\Board_GPIO.c                   0x00000000   Number         0  board_gpio.o ABSOLUTE
    ..\Driver\Board_Init.c                   0x00000000   Number         0  board_init.o ABSOLUTE
    ..\Sys\stm32l0xx_it.c                    0x00000000   Number         0  stm32l0xx_it.o ABSOLUTE
    ..\VL53L0x\App\VL53L0x.c                 0x00000000   Number         0  vl53l0x.o ABSOLUTE
    ..\VL53L0x\App\VL53L0x_Cali.c            0x00000000   Number         0  vl53l0x_cali.o ABSOLUTE
    ..\VL53L0x\App\VL53L0x_Gen.c             0x00000000   Number         0  vl53l0x_gen.o ABSOLUTE
    ..\VL53L0x\core\src\VL53L0x_API.c        0x00000000   Number         0  vl53l0x_api.o ABSOLUTE
    ..\VL53L0x\core\src\VL53L0x_API_Calibration.c 0x00000000   Number         0  vl53l0x_api_calibration.o ABSOLUTE
    ..\VL53L0x\core\src\VL53L0x_API_Core.c   0x00000000   Number         0  vl53l0x_api_core.o ABSOLUTE
    ..\VL53L0x\core\src\VL53L0x_API_Ranging.c 0x00000000   Number         0  vl53l0x_api_ranging.o ABSOLUTE
    ..\VL53L0x\core\src\VL53L0x_API_Strings.c 0x00000000   Number         0  vl53l0x_api_strings.o ABSOLUTE
    ..\VL53L0x\platform\src\VL53L0x_I2C.c    0x00000000   Number         0  vl53l0x_i2c.o ABSOLUTE
    ..\VL53L0x\platform\src\VL53L0x_platform.c 0x00000000   Number         0  vl53l0x_platform.o ABSOLUTE
    ..\\App\\Main.c                          0x00000000   Number         0  main.o ABSOLUTE
    ..\\Driver\\Board_GPIO.c                 0x00000000   Number         0  board_gpio.o ABSOLUTE
    ..\\Driver\\Board_Init.c                 0x00000000   Number         0  board_init.o ABSOLUTE
    ..\\VL53L0x\\App\\VL53L0x.c              0x00000000   Number         0  vl53l0x.o ABSOLUTE
    ..\\VL53L0x\\App\\VL53L0x_Cali.c         0x00000000   Number         0  vl53l0x_cali.o ABSOLUTE
    ..\\VL53L0x\\App\\VL53L0x_Gen.c          0x00000000   Number         0  vl53l0x_gen.o ABSOLUTE
    ..\\VL53L0x\\core\\src\\VL53L0x_API.c    0x00000000   Number         0  vl53l0x_api.o ABSOLUTE
    ..\\VL53L0x\\core\\src\\VL53L0x_API_Calibration.c 0x00000000   Number         0  vl53l0x_api_calibration.o ABSOLUTE
    ..\\VL53L0x\\core\\src\\VL53L0x_API_Core.c 0x00000000   Number         0  vl53l0x_api_core.o ABSOLUTE
    ..\\VL53L0x\\core\\src\\VL53L0x_API_Ranging.c 0x00000000   Number         0  vl53l0x_api_ranging.o ABSOLUTE
    ..\\VL53L0x\\core\\src\\VL53L0x_API_Strings.c 0x00000000   Number         0  vl53l0x_api_strings.o ABSOLUTE
    ..\\VL53L0x\\platform\\src\\VL53L0x_I2C.c 0x00000000   Number         0  vl53l0x_i2c.o ABSOLUTE
    ..\\VL53L0x\\platform\\src\\VL53L0x_platform.c 0x00000000   Number         0  vl53l0x_platform.o ABSOLUTE
    RTE\Device\STM32L051K8Ux\startup_stm32l051xx.s 0x00000000   Number         0  startup_stm32l051xx.o ABSOLUTE
    RTE\Device\STM32L051K8Ux\system_stm32l0xx.c 0x00000000   Number         0  system_stm32l0xx.o ABSOLUTE
    RTE\\Device\\STM32L051K8Ux\\system_stm32l0xx.c 0x00000000   Number         0  system_stm32l0xx.o ABSOLUTE
    dc.s                                     0x00000000   Number         0  dc.o ABSOLUTE
    RESET                                    0x08000000   Section      192  startup_stm32l051xx.o(RESET)
    !!!main                                  0x080000c0   Section        8  __main.o(!!!main)
    !!!scatter                               0x080000c8   Section       60  __scatter.o(!!!scatter)
    !!handler_zi                             0x08000104   Section       28  __scatter_zi.o(!!handler_zi)
    .ARM.Collect$$libinit$$00000000          0x08000120   Section        2  libinit.o(.ARM.Collect$$libinit$$00000000)
    .ARM.Collect$$libinit$$00000002          0x08000122   Section        0  libinit2.o(.ARM.Collect$$libinit$$00000002)
    .ARM.Collect$$libinit$$00000004          0x08000122   Section        0  libinit2.o(.ARM.Collect$$libinit$$00000004)
    .ARM.Collect$$libinit$$0000000A          0x08000122   Section        0  libinit2.o(.ARM.Collect$$libinit$$0000000A)
    .ARM.Collect$$libinit$$0000000C          0x08000122   Section        0  libinit2.o(.ARM.Collect$$libinit$$0000000C)
    .ARM.Collect$$libinit$$0000000E          0x08000122   Section        0  libinit2.o(.ARM.Collect$$libinit$$0000000E)
    .ARM.Collect$$libinit$$00000011          0x08000122   Section        0  libinit2.o(.ARM.Collect$$libinit$$00000011)
    .ARM.Collect$$libinit$$00000013          0x08000122   Section        0  libinit2.o(.ARM.Collect$$libinit$$00000013)
    .ARM.Collect$$libinit$$00000015          0x08000122   Section        0  libinit2.o(.ARM.Collect$$libinit$$00000015)
    .ARM.Collect$$libinit$$00000017          0x08000122   Section        0  libinit2.o(.ARM.Collect$$libinit$$00000017)
    .ARM.Collect$$libinit$$00000019          0x08000122   Section        0  libinit2.o(.ARM.Collect$$libinit$$00000019)
    .ARM.Collect$$libinit$$0000001B          0x08000122   Section        0  libinit2.o(.ARM.Collect$$libinit$$0000001B)
    .ARM.Collect$$libinit$$0000001D          0x08000122   Section        0  libinit2.o(.ARM.Collect$$libinit$$0000001D)
    .ARM.Collect$$libinit$$0000001F          0x08000122   Section        0  libinit2.o(.ARM.Collect$$libinit$$0000001F)
    .ARM.Collect$$libinit$$00000021          0x08000122   Section        0  libinit2.o(.ARM.Collect$$libinit$$00000021)
    .ARM.Collect$$libinit$$00000023          0x08000122   Section        0  libinit2.o(.ARM.Collect$$libinit$$00000023)
    .ARM.Collect$$libinit$$00000025          0x08000122   Section        0  libinit2.o(.ARM.Collect$$libinit$$00000025)
    .ARM.Collect$$libinit$$0000002C          0x08000122   Section        0  libinit2.o(.ARM.Collect$$libinit$$0000002C)
    .ARM.Collect$$libinit$$0000002E          0x08000122   Section        0  libinit2.o(.ARM.Collect$$libinit$$0000002E)
    .ARM.Collect$$libinit$$00000030          0x08000122   Section        0  libinit2.o(.ARM.Collect$$libinit$$00000030)
    .ARM.Collect$$libinit$$00000032          0x08000122   Section        0  libinit2.o(.ARM.Collect$$libinit$$00000032)
    .ARM.Collect$$libinit$$00000033          0x08000122   Section        2  libinit2.o(.ARM.Collect$$libinit$$00000033)
    .ARM.Collect$$libshutdown$$00000000      0x08000124   Section        2  libshutdown.o(.ARM.Collect$$libshutdown$$00000000)
    .ARM.Collect$$libshutdown$$00000002      0x08000126   Section        0  libshutdown2.o(.ARM.Collect$$libshutdown$$00000002)
    .ARM.Collect$$libshutdown$$00000004      0x08000126   Section        0  libshutdown2.o(.ARM.Collect$$libshutdown$$00000004)
    .ARM.Collect$$libshutdown$$00000007      0x08000126   Section        0  libshutdown2.o(.ARM.Collect$$libshutdown$$00000007)
    .ARM.Collect$$libshutdown$$0000000A      0x08000126   Section        0  libshutdown2.o(.ARM.Collect$$libshutdown$$0000000A)
    .ARM.Collect$$libshutdown$$0000000C      0x08000126   Section        0  libshutdown2.o(.ARM.Collect$$libshutdown$$0000000C)
    .ARM.Collect$$libshutdown$$0000000F      0x08000126   Section        0  libshutdown2.o(.ARM.Collect$$libshutdown$$0000000F)
    .ARM.Collect$$libshutdown$$00000010      0x08000126   Section        2  libshutdown2.o(.ARM.Collect$$libshutdown$$00000010)
    .ARM.Collect$$rtentry$$00000000          0x08000128   Section        0  __rtentry.o(.ARM.Collect$$rtentry$$00000000)
    .ARM.Collect$$rtentry$$00000002          0x08000128   Section        0  __rtentry2.o(.ARM.Collect$$rtentry$$00000002)
    .ARM.Collect$$rtentry$$00000004          0x08000128   Section        6  __rtentry4.o(.ARM.Collect$$rtentry$$00000004)
    .ARM.Collect$$rtentry$$00000009          0x0800012e   Section        0  __rtentry2.o(.ARM.Collect$$rtentry$$00000009)
    .ARM.Collect$$rtentry$$0000000A          0x0800012e   Section        4  __rtentry2.o(.ARM.Collect$$rtentry$$0000000A)
    .ARM.Collect$$rtentry$$0000000C          0x08000132   Section        0  __rtentry2.o(.ARM.Collect$$rtentry$$0000000C)
    .ARM.Collect$$rtentry$$0000000D          0x08000132   Section        8  __rtentry2.o(.ARM.Collect$$rtentry$$0000000D)
    .ARM.Collect$$rtexit$$00000000           0x0800013a   Section        2  rtexit.o(.ARM.Collect$$rtexit$$00000000)
    .ARM.Collect$$rtexit$$00000002           0x0800013c   Section        0  rtexit2.o(.ARM.Collect$$rtexit$$00000002)
    .ARM.Collect$$rtexit$$00000003           0x0800013c   Section        4  rtexit2.o(.ARM.Collect$$rtexit$$00000003)
    .ARM.Collect$$rtexit$$00000004           0x08000140   Section        6  rtexit2.o(.ARM.Collect$$rtexit$$00000004)
    .emb_text                                0x08000148   Section       56  rt_memcpy.o(.emb_text)
    .text                                    0x08000180   Section       56  startup_stm32l051xx.o(.text)
    .text                                    0x080001b8   Section        0  llmul.o(.text)
    .text                                    0x080001e8   Section        0  strcpy.o(.text)
    .text                                    0x08000234   Section        0  rt_memclr.o(.text)
    .text                                    0x08000274   Section      346  aeabi_sdiv.o(.text)
    .text                                    0x080003ce   Section        0  heapauxi.o(.text)
    .text                                    0x080003d4   Section        0  ffixui.o(.text)
    .text                                    0x08000404   Section        0  fflti.o(.text)
    .text                                    0x08000462   Section       62  sys_stackheap_outer.o(.text)
    .text                                    0x080004a0   Section        0  exit.o(.text)
    .text                                    0x080004b0   Section        8  libspace.o(.text)
    .text                                    0x080004b8   Section        0  sys_exit.o(.text)
    .text                                    0x080004c4   Section        2  use_no_semi.o(.text)
    .text                                    0x080004c6   Section        0  __dclz77c.o(.text)
    .text                                    0x080004c6   Section        0  indicate_semi.o(.text)
    i.Board_Init                             0x08000528   Section        0  board_init.o(i.Board_Init)
    i.ExistLP_Mode                           0x08000558   Section        0  board_init.o(i.ExistLP_Mode)
    i.GPIO_Init                              0x08000568   Section        0  board_gpio.o(i.GPIO_Init)
    i.GPIO_SET_BIT                           0x080005cc   Section        0  board_gpio.o(i.GPIO_SET_BIT)
    i.HardFault_Handler                      0x080005f8   Section        0  stm32l0xx_it.o(i.HardFault_Handler)
    i.I2C_Delay                              0x080005fa   Section        0  vl53l0x_i2c.o(i.I2C_Delay)
    i.NMI_Handler                            0x08000608   Section        0  stm32l0xx_it.o(i.NMI_Handler)
    i.PendSV_Handler                         0x0800060a   Section        0  stm32l0xx_it.o(i.PendSV_Handler)
    i.RTC_AWU_Init                           0x0800060c   Section        0  board_init.o(i.RTC_AWU_Init)
    RTC_AWU_Init                             0x0800060d   Thumb Code   194  board_init.o(i.RTC_AWU_Init)
    i.RTC_IRQHandler                         0x080006ec   Section        0  board_init.o(i.RTC_IRQHandler)
    i.SVC_Handler                            0x0800071c   Section        0  stm32l0xx_it.o(i.SVC_Handler)
    i.SYS_GetTick                            0x08000720   Section        0  board_init.o(i.SYS_GetTick)
    i.SYS_IncTick                            0x0800072c   Section        0  board_init.o(i.SYS_IncTick)
    SYS_IncTick                              0x0800072d   Thumb Code    10  board_init.o(i.SYS_IncTick)
    i.SysTick_Handler                        0x0800073c   Section        0  board_init.o(i.SysTick_Handler)
    i.SystemClock_Init                       0x08000744   Section        0  board_init.o(i.SystemClock_Init)
    i.SystemInit                             0x08000810   Section        0  system_stm32l0xx.o(i.SystemInit)
    i.Systick_DelayMs                        0x08000864   Section        0  board_init.o(i.Systick_DelayMs)
    i.Systick_DelayUs                        0x08000880   Section        0  board_init.o(i.Systick_DelayUs)
    i.USART2_IRQHandler                      0x080008c4   Section        0  board_init.o(i.USART2_IRQHandler)
    i.USART2_Init                            0x080008d4   Section        0  board_init.o(i.USART2_Init)
    USART2_Init                              0x080008d5   Thumb Code    88  board_init.o(i.USART2_Init)
    i.USART2_TX                              0x08000938   Section        0  board_init.o(i.USART2_TX)
    i.VL53L0X_CheckAndLoadInterruptSettings  0x0800096c   Section        0  vl53l0x_api.o(i.VL53L0X_CheckAndLoadInterruptSettings)
    i.VL53L0X_ClearInterruptMask             0x080009ec   Section        0  vl53l0x_api.o(i.VL53L0X_ClearInterruptMask)
    i.VL53L0X_DataInit                       0x08000a38   Section        0  vl53l0x_api.o(i.VL53L0X_DataInit)
    i.VL53L0X_GetDeviceInfo                  0x08000bd4   Section        0  vl53l0x_api.o(i.VL53L0X_GetDeviceInfo)
    i.VL53L0X_GetDeviceParameters            0x08000bdc   Section        0  vl53l0x_api.o(i.VL53L0X_GetDeviceParameters)
    i.VL53L0X_GetFractionEnable              0x08000c58   Section        0  vl53l0x_api.o(i.VL53L0X_GetFractionEnable)
    i.VL53L0X_GetInterMeasurementPeriodMilliSeconds 0x08000c72   Section        0  vl53l0x_api.o(i.VL53L0X_GetInterMeasurementPeriodMilliSeconds)
    i.VL53L0X_GetInterruptMaskStatus         0x08000cac   Section        0  vl53l0x_api.o(i.VL53L0X_GetInterruptMaskStatus)
    i.VL53L0X_GetInterruptThresholds         0x08000cce   Section        0  vl53l0x_api.o(i.VL53L0X_GetInterruptThresholds)
    i.VL53L0X_GetLimitCheckEnable            0x08000d02   Section        0  vl53l0x_api.o(i.VL53L0X_GetLimitCheckEnable)
    i.VL53L0X_GetLimitCheckValue             0x08000d1a   Section        0  vl53l0x_api.o(i.VL53L0X_GetLimitCheckValue)
    i.VL53L0X_GetMeasurementDataReady        0x08000da0   Section        0  vl53l0x_api.o(i.VL53L0X_GetMeasurementDataReady)
    i.VL53L0X_GetMeasurementTimingBudgetMicroSeconds 0x08000dda   Section        0  vl53l0x_api.o(i.VL53L0X_GetMeasurementTimingBudgetMicroSeconds)
    i.VL53L0X_GetOffsetCalibrationDataMicroMeter 0x08000de2   Section        0  vl53l0x_api.o(i.VL53L0X_GetOffsetCalibrationDataMicroMeter)
    i.VL53L0X_GetRangeStatusString           0x08000dea   Section        0  vl53l0x_api.o(i.VL53L0X_GetRangeStatusString)
    i.VL53L0X_GetRangingMeasurementData      0x08000df4   Section        0  vl53l0x_api.o(i.VL53L0X_GetRangingMeasurementData)
    i.VL53L0X_GetSequenceStepEnables         0x08000f20   Section        0  vl53l0x_api.o(i.VL53L0X_GetSequenceStepEnables)
    i.VL53L0X_GetVcselPulsePeriod            0x08000f92   Section        0  vl53l0x_api.o(i.VL53L0X_GetVcselPulsePeriod)
    i.VL53L0X_GetWrapAroundCheckEnable       0x08000f9a   Section        0  vl53l0x_api.o(i.VL53L0X_GetWrapAroundCheckEnable)
    i.VL53L0X_GetXTalkCompensationEnable     0x08000fc8   Section        0  vl53l0x_api.o(i.VL53L0X_GetXTalkCompensationEnable)
    i.VL53L0X_GetXTalkCompensationRateMegaCps 0x08000fd2   Section        0  vl53l0x_api.o(i.VL53L0X_GetXTalkCompensationRateMegaCps)
    i.VL53L0X_Init                           0x08001000   Section        0  vl53l0x.o(i.VL53L0X_Init)
    i.VL53L0X_PerformRefCalibration          0x080010cc   Section        0  vl53l0x_api.o(i.VL53L0X_PerformRefCalibration)
    i.VL53L0X_PerformRefSpadManagement       0x080010d6   Section        0  vl53l0x_api.o(i.VL53L0X_PerformRefSpadManagement)
    i.VL53L0X_PerformSingleMeasurement       0x080010de   Section        0  vl53l0x_api.o(i.VL53L0X_PerformSingleMeasurement)
    i.VL53L0X_PerformSingleRangingMeasurement 0x0800110c   Section        0  vl53l0x_api.o(i.VL53L0X_PerformSingleRangingMeasurement)
    i.VL53L0X_PollingDelay                   0x0800113c   Section        0  vl53l0x_platform.o(i.VL53L0X_PollingDelay)
    i.VL53L0X_RdByte                         0x0800114e   Section        0  vl53l0x_platform.o(i.VL53L0X_RdByte)
    i.VL53L0X_RdDWord                        0x08001168   Section        0  vl53l0x_platform.o(i.VL53L0X_RdDWord)
    i.VL53L0X_RdWord                         0x08001182   Section        0  vl53l0x_platform.o(i.VL53L0X_RdWord)
    i.VL53L0X_ReadMulti                      0x0800119c   Section        0  vl53l0x_platform.o(i.VL53L0X_ReadMulti)
    i.VL53L0X_SetAddress                     0x080011c0   Section        0  vl53l0x.o(i.VL53L0X_SetAddress)
    i.VL53L0X_SetDeviceAddress               0x08001220   Section        0  vl53l0x_api.o(i.VL53L0X_SetDeviceAddress)
    i.VL53L0X_SetDeviceMode                  0x0800122c   Section        0  vl53l0x_api.o(i.VL53L0X_SetDeviceMode)
    i.VL53L0X_SetGpioConfig                  0x08001252   Section        0  vl53l0x_api.o(i.VL53L0X_SetGpioConfig)
    i.VL53L0X_SetLimitCheckEnable            0x080013a2   Section        0  vl53l0x_api.o(i.VL53L0X_SetLimitCheckEnable)
    i.VL53L0X_SetLimitCheckValue             0x0800141e   Section        0  vl53l0x_api.o(i.VL53L0X_SetLimitCheckValue)
    i.VL53L0X_SetMeasurementTimingBudgetMicroSeconds 0x08001470   Section        0  vl53l0x_api.o(i.VL53L0X_SetMeasurementTimingBudgetMicroSeconds)
    i.VL53L0X_SetOffsetCalibrationDataMicroMeter 0x08001478   Section        0  vl53l0x_api.o(i.VL53L0X_SetOffsetCalibrationDataMicroMeter)
    i.VL53L0X_SetRefCalibration              0x08001480   Section        0  vl53l0x_api.o(i.VL53L0X_SetRefCalibration)
    i.VL53L0X_SetReferenceSpads              0x08001488   Section        0  vl53l0x_api.o(i.VL53L0X_SetReferenceSpads)
    i.VL53L0X_SetSequenceStepEnable          0x08001490   Section        0  vl53l0x_api.o(i.VL53L0X_SetSequenceStepEnable)
    i.VL53L0X_SetVcselPulsePeriod            0x08001530   Section        0  vl53l0x_api.o(i.VL53L0X_SetVcselPulsePeriod)
    i.VL53L0X_SetXTalkCompensationRateMegaCps 0x08001538   Section        0  vl53l0x_api.o(i.VL53L0X_SetXTalkCompensationRateMegaCps)
    i.VL53L0X_StartMeasurement               0x0800156e   Section        0  vl53l0x_api.o(i.VL53L0X_StartMeasurement)
    i.VL53L0X_StaticInit                     0x08001650   Section        0  vl53l0x_api.o(i.VL53L0X_StaticInit)
    i.VL53L0X_UpdateByte                     0x080017c0   Section        0  vl53l0x_platform.o(i.VL53L0X_UpdateByte)
    i.VL53L0X_WrByte                         0x08001804   Section        0  vl53l0x_platform.o(i.VL53L0X_WrByte)
    i.VL53L0X_WrWord                         0x0800181e   Section        0  vl53l0x_platform.o(i.VL53L0X_WrWord)
    i.VL53L0X_WriteMulti                     0x08001838   Section        0  vl53l0x_platform.o(i.VL53L0X_WriteMulti)
    i.VL53L0X_calc_dmax                      0x0800185c   Section        0  vl53l0x_api_core.o(i.VL53L0X_calc_dmax)
    i.VL53L0X_calc_macro_period_ps           0x08001950   Section        0  vl53l0x_api_core.o(i.VL53L0X_calc_macro_period_ps)
    i.VL53L0X_calc_sigma_estimate            0x0800196c   Section        0  vl53l0x_api_core.o(i.VL53L0X_calc_sigma_estimate)
    i.VL53L0X_calc_timeout_mclks             0x08001bcc   Section        0  vl53l0x_api_core.o(i.VL53L0X_calc_timeout_mclks)
    i.VL53L0X_calc_timeout_us                0x08001bf4   Section        0  vl53l0x_api_core.o(i.VL53L0X_calc_timeout_us)
    i.VL53L0X_check_part_used                0x08001c1c   Section        0  vl53l0x_api_strings.o(i.VL53L0X_check_part_used)
    i.VL53L0X_decode_timeout                 0x08001c54   Section        0  vl53l0x_api_core.o(i.VL53L0X_decode_timeout)
    i.VL53L0X_decode_vcsel_period            0x08001c5e   Section        0  vl53l0x_api_core.o(i.VL53L0X_decode_vcsel_period)
    i.VL53L0X_device_read_strobe             0x08001c66   Section        0  vl53l0x_api_core.o(i.VL53L0X_device_read_strobe)
    i.VL53L0X_encode_timeout                 0x08001cac   Section        0  vl53l0x_api_core.o(i.VL53L0X_encode_timeout)
    i.VL53L0X_encode_vcsel_period            0x08001cce   Section        0  vl53l0x_api_core.o(i.VL53L0X_encode_vcsel_period)
    i.VL53L0X_get_device_info                0x08001cd8   Section        0  vl53l0x_api_strings.o(i.VL53L0X_get_device_info)
    i.VL53L0X_get_info_from_device           0x08001d8c   Section        0  vl53l0x_api_core.o(i.VL53L0X_get_info_from_device)
    i.VL53L0X_get_measurement_timing_budget_micro_seconds 0x08002254   Section        0  vl53l0x_api_core.o(i.VL53L0X_get_measurement_timing_budget_micro_seconds)
    i.VL53L0X_get_offset_calibration_data_micro_meter 0x08002334   Section        0  vl53l0x_api_calibration.o(i.VL53L0X_get_offset_calibration_data_micro_meter)
    i.VL53L0X_get_pal_range_status           0x08002370   Section        0  vl53l0x_api_core.o(i.VL53L0X_get_pal_range_status)
    i.VL53L0X_get_range_status_string        0x08002570   Section        0  vl53l0x_api_strings.o(i.VL53L0X_get_range_status_string)
    i.VL53L0X_get_total_signal_rate          0x08002618   Section        0  vl53l0x_api_core.o(i.VL53L0X_get_total_signal_rate)
    i.VL53L0X_get_total_xtalk_rate           0x08002634   Section        0  vl53l0x_api_core.o(i.VL53L0X_get_total_xtalk_rate)
    i.VL53L0X_get_vcsel_pulse_period         0x08002662   Section        0  vl53l0x_api_core.o(i.VL53L0X_get_vcsel_pulse_period)
    i.VL53L0X_i2c_init                       0x08002694   Section        0  vl53l0x_i2c.o(i.VL53L0X_i2c_init)
    i.VL53L0X_isqrt                          0x080026d8   Section        0  vl53l0x_api_core.o(i.VL53L0X_isqrt)
    i.VL53L0X_load_tuning_settings           0x08002702   Section        0  vl53l0x_api_core.o(i.VL53L0X_load_tuning_settings)
    i.VL53L0X_measurement_poll_for_completion 0x08002798   Section        0  vl53l0x_api_core.o(i.VL53L0X_measurement_poll_for_completion)
    i.VL53L0X_perform_phase_calibration      0x080027ce   Section        0  vl53l0x_api_calibration.o(i.VL53L0X_perform_phase_calibration)
    i.VL53L0X_perform_ref_calibration        0x0800283e   Section        0  vl53l0x_api_calibration.o(i.VL53L0X_perform_ref_calibration)
    i.VL53L0X_perform_ref_spad_management    0x0800287e   Section        0  vl53l0x_api_calibration.o(i.VL53L0X_perform_ref_spad_management)
    i.VL53L0X_perform_single_ref_calibration 0x08002acc   Section        0  vl53l0x_api_calibration.o(i.VL53L0X_perform_single_ref_calibration)
    i.VL53L0X_perform_vhv_calibration        0x08002b04   Section        0  vl53l0x_api_calibration.o(i.VL53L0X_perform_vhv_calibration)
    i.VL53L0X_read_byte                      0x08002b78   Section        0  vl53l0x_i2c.o(i.VL53L0X_read_byte)
    i.VL53L0X_read_dword                     0x08002b82   Section        0  vl53l0x_i2c.o(i.VL53L0X_read_dword)
    i.VL53L0X_read_multi                     0x08002ba8   Section        0  vl53l0x_i2c.o(i.VL53L0X_read_multi)
    i.VL53L0X_read_word                      0x08002bc0   Section        0  vl53l0x_i2c.o(i.VL53L0X_read_word)
    i.VL53L0X_ref_calibration_io             0x08002bda   Section        0  vl53l0x_api_calibration.o(i.VL53L0X_ref_calibration_io)
    i.VL53L0X_set_measurement_timing_budget_micro_seconds 0x08002c8c   Section        0  vl53l0x_api_core.o(i.VL53L0X_set_measurement_timing_budget_micro_seconds)
    i.VL53L0X_set_offset_calibration_data_micro_meter 0x08002d78   Section        0  vl53l0x_api_calibration.o(i.VL53L0X_set_offset_calibration_data_micro_meter)
    i.VL53L0X_set_ref_calibration            0x08002dc4   Section        0  vl53l0x_api_calibration.o(i.VL53L0X_set_ref_calibration)
    i.VL53L0X_set_reference_spads            0x08002de4   Section        0  vl53l0x_api_calibration.o(i.VL53L0X_set_reference_spads)
    i.VL53L0X_set_vcsel_pulse_period         0x08002e98   Section        0  vl53l0x_api_core.o(i.VL53L0X_set_vcsel_pulse_period)
    i.VL53L0X_write_byte                     0x08003120   Section        0  vl53l0x_i2c.o(i.VL53L0X_write_byte)
    i.VL53L0X_write_multi                    0x0800312c   Section        0  vl53l0x_i2c.o(i.VL53L0X_write_multi)
    i.VL53L0X_write_word                     0x08003144   Section        0  vl53l0x_i2c.o(i.VL53L0X_write_word)
    i.VL53L0x_RESET                          0x08003178   Section        0  vl53l0x.o(i.VL53L0x_RESET)
    i.VL53L0x_SetMode                        0x080031c0   Section        0  vl53l0x_gen.o(i.VL53L0x_SetMode)
    i.VL53L0x_StartOneTimesSample            0x080032f0   Section        0  vl53l0x_gen.o(i.VL53L0x_StartOneTimesSample)
    i.VL_IIC_Ack                             0x0800331c   Section        0  vl53l0x_i2c.o(i.VL_IIC_Ack)
    i.VL_IIC_NAck                            0x08003358   Section        0  vl53l0x_i2c.o(i.VL_IIC_NAck)
    i.VL_IIC_Read_Byte                       0x08003394   Section        0  vl53l0x_i2c.o(i.VL_IIC_Read_Byte)
    i.VL_IIC_Read_nByte                      0x080033f0   Section        0  vl53l0x_i2c.o(i.VL_IIC_Read_nByte)
    i.VL_IIC_Send_Byte                       0x08003454   Section        0  vl53l0x_i2c.o(i.VL_IIC_Send_Byte)
    i.VL_IIC_Start                           0x080034b4   Section        0  vl53l0x_i2c.o(i.VL_IIC_Start)
    i.VL_IIC_Stop                            0x080034f8   Section        0  vl53l0x_i2c.o(i.VL_IIC_Stop)
    i.VL_IIC_Wait_Ack                        0x08003538   Section        0  vl53l0x_i2c.o(i.VL_IIC_Wait_Ack)
    i.VL_IIC_Write_nByte                     0x08003594   Section        0  vl53l0x_i2c.o(i.VL_IIC_Write_nByte)
    i.__ARM_common_switch8                   0x080035da   Section        0  vl53l0x_api.o(i.__ARM_common_switch8)
    i.__NVIC_SetPriority                     0x080035f4   Section        0  board_init.o(i.__NVIC_SetPriority)
    __NVIC_SetPriority                       0x080035f5   Thumb Code    60  board_init.o(i.__NVIC_SetPriority)
    i.enable_ref_spads                       0x08003638   Section        0  vl53l0x_api_calibration.o(i.enable_ref_spads)
    i.enable_spad_bit                        0x080036c6   Section        0  vl53l0x_api_calibration.o(i.enable_spad_bit)
    i.get_next_good_spad                     0x080036f0   Section        0  vl53l0x_api_calibration.o(i.get_next_good_spad)
    i.get_ref_spad_map                       0x08003748   Section        0  vl53l0x_api_calibration.o(i.get_ref_spad_map)
    i.get_sequence_step_timeout              0x08003756   Section        0  vl53l0x_api_core.o(i.get_sequence_step_timeout)
    i.is_aperture                            0x08003844   Section        0  vl53l0x_api_calibration.o(i.is_aperture)
    i.main                                   0x0800385c   Section        0  main.o(i.main)
    i.perform_ref_signal_measurement         0x08003960   Section        0  vl53l0x_api_calibration.o(i.perform_ref_signal_measurement)
    i.readVL5Ll0x_PollingtMode               0x080039c8   Section        0  vl53l0x_gen.o(i.readVL5Ll0x_PollingtMode)
    i.sequence_step_enabled                  0x08003a48   Section        0  vl53l0x_api.o(i.sequence_step_enabled)
    i.set_ref_spad_map                       0x08003a7c   Section        0  vl53l0x_api_calibration.o(i.set_ref_spad_map)
    i.set_sequence_step_timeout              0x08003a8a   Section        0  vl53l0x_api_core.o(i.set_sequence_step_timeout)
    x$fpl$fmul                               0x08003b98   Section      176  fmul.o(x$fpl$fmul)
    x$fpl$usenofp                            0x08003c48   Section        0  usenofp.o(x$fpl$usenofp)
    .data                                    0x20000000   Section       11  main.o(.data)
    .data                                    0x2000000c   Section        8  board_init.o(.data)
    uwSecond                                 0x20000010   Data           4  board_init.o(.data)
    .data                                    0x20000014   Section        1  vl53l0x.o(.data)
    .data                                    0x20000018   Section       64  vl53l0x.o(.data)
    .data                                    0x20000058   Section      681  vl53l0x_api.o(.data)
    .data                                    0x20000304   Section       16  vl53l0x_api_calibration.o(.data)
    .bss                                     0x20000314   Section      380  main.o(.bss)
    .bss                                     0x20000490   Section       99  vl53l0x.o(.bss)
    .bss                                     0x200004f4   Section       48  vl53l0x_cali.o(.bss)
    .bss                                     0x20000524   Section       32  vl53l0x_gen.o(.bss)
    buf                                      0x20000524   Data          32  vl53l0x_gen.o(.bss)
    .bss                                     0x20000544   Section       96  libspace.o(.bss)
    HEAP                                     0x200005a8   Section      512  startup_stm32l051xx.o(HEAP)
    Heap_Mem                                 0x200005a8   Data         512  startup_stm32l051xx.o(HEAP)
    STACK                                    0x200007a8   Section     1024  startup_stm32l051xx.o(STACK)
    Stack_Mem                                0x200007a8   Data        1024  startup_stm32l051xx.o(STACK)
    __initial_sp                             0x20000ba8   Data           0  startup_stm32l051xx.o(STACK)

    Global Symbols

    Symbol Name                              Value     Ov Type        Size  Object(Section)

    BuildAttributes$$THM_ISAv3M$S$PE$A:L22$X:L11$S22$IEEE1$IW$USESV6$~STKCKD$USESV7$~SHL$OSPACE$ROPI$EBA8$UX$STANDARDLIB$REQ8$PRES8$EABIv2 0x00000000   Number         0  anon$$obj.o ABSOLUTE
    __ARM_use_no_argv                        0x00000000   Number         0  main.o ABSOLUTE
    __ARM_exceptions_init                     - Undefined Weak Reference
    __alloca_initialize                       - Undefined Weak Reference
    __arm_preinit_                            - Undefined Weak Reference
    __cpp_initialize__aeabi_                  - Undefined Weak Reference
    __cxa_finalize                            - Undefined Weak Reference
    __rt_locale                               - Undefined Weak Reference
    __sigvec_lookup                           - Undefined Weak Reference
    _atexit_init                              - Undefined Weak Reference
    _call_atexit_fns                          - Undefined Weak Reference
    _clock_init                               - Undefined Weak Reference
    _fp_trap_init                             - Undefined Weak Reference
    _fp_trap_shutdown                         - Undefined Weak Reference
    _get_lc_collate                           - Undefined Weak Reference
    _get_lc_ctype                             - Undefined Weak Reference
    _get_lc_monetary                          - Undefined Weak Reference
    _get_lc_numeric                           - Undefined Weak Reference
    _get_lc_time                              - Undefined Weak Reference
    _getenv_init                              - Undefined Weak Reference
    _handle_redirection                       - Undefined Weak Reference
    _init_alloc                               - Undefined Weak Reference
    _init_user_alloc                          - Undefined Weak Reference
    _initio                                   - Undefined Weak Reference
    _rand_init                                - Undefined Weak Reference
    _signal_finish                            - Undefined Weak Reference
    _signal_init                              - Undefined Weak Reference
    _terminate_alloc                          - Undefined Weak Reference
    _terminate_user_alloc                     - Undefined Weak Reference
    _terminateio                              - Undefined Weak Reference
    __Vectors_Size                           0x000000c0   Number         0  startup_stm32l051xx.o ABSOLUTE
    __Vectors                                0x08000000   Data           4  startup_stm32l051xx.o(RESET)
    __Vectors_End                            0x080000c0   Data           0  startup_stm32l051xx.o(RESET)
    __main                                   0x080000c1   Thumb Code     8  __main.o(!!!main)
    __scatterload                            0x080000c9   Thumb Code     0  __scatter.o(!!!scatter)
    __scatterload_rt2                        0x080000c9   Thumb Code    52  __scatter.o(!!!scatter)
    __scatterload_rt2_thumb_only             0x080000c9   Thumb Code     0  __scatter.o(!!!scatter)
    __scatterload_null                       0x080000d9   Thumb Code     0  __scatter.o(!!!scatter)
    __scatterload_zeroinit                   0x08000105   Thumb Code    28  __scatter_zi.o(!!handler_zi)
    __rt_lib_init                            0x08000121   Thumb Code     0  libinit.o(.ARM.Collect$$libinit$$00000000)
    __rt_lib_init_alloca_1                   0x08000123   Thumb Code     0  libinit2.o(.ARM.Collect$$libinit$$0000002E)
    __rt_lib_init_argv_1                     0x08000123   Thumb Code     0  libinit2.o(.ARM.Collect$$libinit$$0000002C)
    __rt_lib_init_atexit_1                   0x08000123   Thumb Code     0  libinit2.o(.ARM.Collect$$libinit$$0000001B)
    __rt_lib_init_clock_1                    0x08000123   Thumb Code     0  libinit2.o(.ARM.Collect$$libinit$$00000021)
    __rt_lib_init_cpp_1                      0x08000123   Thumb Code     0  libinit2.o(.ARM.Collect$$libinit$$00000032)
    __rt_lib_init_exceptions_1               0x08000123   Thumb Code     0  libinit2.o(.ARM.Collect$$libinit$$00000030)
    __rt_lib_init_fp_1                       0x08000123   Thumb Code     0  libinit2.o(.ARM.Collect$$libinit$$00000002)
    __rt_lib_init_fp_trap_1                  0x08000123   Thumb Code     0  libinit2.o(.ARM.Collect$$libinit$$0000001F)
    __rt_lib_init_getenv_1                   0x08000123   Thumb Code     0  libinit2.o(.ARM.Collect$$libinit$$00000023)
    __rt_lib_init_heap_1                     0x08000123   Thumb Code     0  libinit2.o(.ARM.Collect$$libinit$$0000000A)
    __rt_lib_init_lc_collate_1               0x08000123   Thumb Code     0  libinit2.o(.ARM.Collect$$libinit$$00000011)
    __rt_lib_init_lc_ctype_1                 0x08000123   Thumb Code     0  libinit2.o(.ARM.Collect$$libinit$$00000013)
    __rt_lib_init_lc_monetary_1              0x08000123   Thumb Code     0  libinit2.o(.ARM.Collect$$libinit$$00000015)
    __rt_lib_init_lc_numeric_1               0x08000123   Thumb Code     0  libinit2.o(.ARM.Collect$$libinit$$00000017)
    __rt_lib_init_lc_time_1                  0x08000123   Thumb Code     0  libinit2.o(.ARM.Collect$$libinit$$00000019)
    __rt_lib_init_preinit_1                  0x08000123   Thumb Code     0  libinit2.o(.ARM.Collect$$libinit$$00000004)
    __rt_lib_init_rand_1                     0x08000123   Thumb Code     0  libinit2.o(.ARM.Collect$$libinit$$0000000E)
    __rt_lib_init_return                     0x08000123   Thumb Code     0  libinit2.o(.ARM.Collect$$libinit$$00000033)
    __rt_lib_init_signal_1                   0x08000123   Thumb Code     0  libinit2.o(.ARM.Collect$$libinit$$0000001D)
    __rt_lib_init_stdio_1                    0x08000123   Thumb Code     0  libinit2.o(.ARM.Collect$$libinit$$00000025)
    __rt_lib_init_user_alloc_1               0x08000123   Thumb Code     0  libinit2.o(.ARM.Collect$$libinit$$0000000C)
    __rt_lib_shutdown                        0x08000125   Thumb Code     0  libshutdown.o(.ARM.Collect$$libshutdown$$00000000)
    __rt_lib_shutdown_cpp_1                  0x08000127   Thumb Code     0  libshutdown2.o(.ARM.Collect$$libshutdown$$00000002)
    __rt_lib_shutdown_fp_trap_1              0x08000127   Thumb Code     0  libshutdown2.o(.ARM.Collect$$libshutdown$$00000007)
    __rt_lib_shutdown_heap_1                 0x08000127   Thumb Code     0  libshutdown2.o(.ARM.Collect$$libshutdown$$0000000F)
    __rt_lib_shutdown_return                 0x08000127   Thumb Code     0  libshutdown2.o(.ARM.Collect$$libshutdown$$00000010)
    __rt_lib_shutdown_signal_1               0x08000127   Thumb Code     0  libshutdown2.o(.ARM.Collect$$libshutdown$$0000000A)
    __rt_lib_shutdown_stdio_1                0x08000127   Thumb Code     0  libshutdown2.o(.ARM.Collect$$libshutdown$$00000004)
    __rt_lib_shutdown_user_alloc_1           0x08000127   Thumb Code     0  libshutdown2.o(.ARM.Collect$$libshutdown$$0000000C)
    __rt_entry                               0x08000129   Thumb Code     0  __rtentry.o(.ARM.Collect$$rtentry$$00000000)
    __rt_entry_presh_1                       0x08000129   Thumb Code     0  __rtentry2.o(.ARM.Collect$$rtentry$$00000002)
    __rt_entry_sh                            0x08000129   Thumb Code     0  __rtentry4.o(.ARM.Collect$$rtentry$$00000004)
    __rt_entry_li                            0x0800012f   Thumb Code     0  __rtentry2.o(.ARM.Collect$$rtentry$$0000000A)
    __rt_entry_postsh_1                      0x0800012f   Thumb Code     0  __rtentry2.o(.ARM.Collect$$rtentry$$00000009)
    __rt_entry_main                          0x08000133   Thumb Code     0  __rtentry2.o(.ARM.Collect$$rtentry$$0000000D)
    __rt_entry_postli_1                      0x08000133   Thumb Code     0  __rtentry2.o(.ARM.Collect$$rtentry$$0000000C)
    __rt_exit                                0x0800013b   Thumb Code     0  rtexit.o(.ARM.Collect$$rtexit$$00000000)
    __rt_exit_ls                             0x0800013d   Thumb Code     0  rtexit2.o(.ARM.Collect$$rtexit$$00000003)
    __rt_exit_prels_1                        0x0800013d   Thumb Code     0  rtexit2.o(.ARM.Collect$$rtexit$$00000002)
    __rt_exit_exit                           0x08000141   Thumb Code     0  rtexit2.o(.ARM.Collect$$rtexit$$00000004)
    __aeabi_memcpy4                          0x08000149   Thumb Code    56  rt_memcpy.o(.emb_text)
    __aeabi_memcpy8                          0x08000149   Thumb Code     0  rt_memcpy.o(.emb_text)
    Reset_Handler                            0x08000181   Thumb Code     8  startup_stm32l051xx.o(.text)
    ADC1_COMP_IRQHandler                     0x08000193   Thumb Code     0  startup_stm32l051xx.o(.text)
    DMA1_Channel1_IRQHandler                 0x08000193   Thumb Code     0  startup_stm32l051xx.o(.text)
    DMA1_Channel2_3_IRQHandler               0x08000193   Thumb Code     0  startup_stm32l051xx.o(.text)
    DMA1_Channel4_5_6_7_IRQHandler           0x08000193   Thumb Code     0  startup_stm32l051xx.o(.text)
    EXTI0_1_IRQHandler                       0x08000193   Thumb Code     0  startup_stm32l051xx.o(.text)
    EXTI2_3_IRQHandler                       0x08000193   Thumb Code     0  startup_stm32l051xx.o(.text)
    EXTI4_15_IRQHandler                      0x08000193   Thumb Code     0  startup_stm32l051xx.o(.text)
    FLASH_IRQHandler                         0x08000193   Thumb Code     0  startup_stm32l051xx.o(.text)
    I2C1_IRQHandler                          0x08000193   Thumb Code     0  startup_stm32l051xx.o(.text)
    I2C2_IRQHandler                          0x08000193   Thumb Code     0  startup_stm32l051xx.o(.text)
    LPTIM1_IRQHandler                        0x08000193   Thumb Code     0  startup_stm32l051xx.o(.text)
    LPUART1_IRQHandler                       0x08000193   Thumb Code     0  startup_stm32l051xx.o(.text)
    PVD_IRQHandler                           0x08000193   Thumb Code     0  startup_stm32l051xx.o(.text)
    RCC_IRQHandler                           0x08000193   Thumb Code     0  startup_stm32l051xx.o(.text)
    SPI1_IRQHandler                          0x08000193   Thumb Code     0  startup_stm32l051xx.o(.text)
    SPI2_IRQHandler                          0x08000193   Thumb Code     0  startup_stm32l051xx.o(.text)
    TIM21_IRQHandler                         0x08000193   Thumb Code     0  startup_stm32l051xx.o(.text)
    TIM22_IRQHandler                         0x08000193   Thumb Code     0  startup_stm32l051xx.o(.text)
    TIM2_IRQHandler                          0x08000193   Thumb Code     0  startup_stm32l051xx.o(.text)
    TIM6_IRQHandler                          0x08000193   Thumb Code     0  startup_stm32l051xx.o(.text)
    USART1_IRQHandler                        0x08000193   Thumb Code     0  startup_stm32l051xx.o(.text)
    WWDG_IRQHandler                          0x08000193   Thumb Code     0  startup_stm32l051xx.o(.text)
    __user_initial_stackheap                 0x08000195   Thumb Code     0  startup_stm32l051xx.o(.text)
    __aeabi_lmul                             0x080001b9   Thumb Code    48  llmul.o(.text)
    _ll_mul                                  0x080001b9   Thumb Code     0  llmul.o(.text)
    strcpy                                   0x080001e9   Thumb Code    70  strcpy.o(.text)
    _memset_w                                0x08000235   Thumb Code    26  rt_memclr.o(.text)
    _memset                                  0x0800024f   Thumb Code    30  rt_memclr.o(.text)
    __aeabi_memclr                           0x0800026d   Thumb Code     4  rt_memclr.o(.text)
    __rt_memclr                              0x0800026d   Thumb Code     0  rt_memclr.o(.text)
    __aeabi_memclr4                          0x08000271   Thumb Code     0  rt_memclr.o(.text)
    __aeabi_memclr8                          0x08000271   Thumb Code     0  rt_memclr.o(.text)
    __rt_memclr_w                            0x08000271   Thumb Code     4  rt_memclr.o(.text)
    __aeabi_uidiv                            0x08000275   Thumb Code     0  aeabi_sdiv.o(.text)
    __aeabi_uidivmod                         0x08000275   Thumb Code    20  aeabi_sdiv.o(.text)
    __aeabi_idiv                             0x08000289   Thumb Code     0  aeabi_sdiv.o(.text)
    __aeabi_idivmod                          0x08000289   Thumb Code   326  aeabi_sdiv.o(.text)
    __use_two_region_memory                  0x080003cf   Thumb Code     2  heapauxi.o(.text)
    __rt_heap_escrow$2region                 0x080003d1   Thumb Code     2  heapauxi.o(.text)
    __rt_heap_expand$2region                 0x080003d3   Thumb Code     2  heapauxi.o(.text)
    __aeabi_f2uiz                            0x080003d5   Thumb Code     0  ffixui.o(.text)
    _ffixu                                   0x080003d5   Thumb Code    48  ffixui.o(.text)
    __aeabi_i2f_normalise                    0x08000405   Thumb Code    72  fflti.o(.text)
    __aeabi_i2f                              0x0800044d   Thumb Code    16  fflti.o(.text)
    _fflt                                    0x0800044d   Thumb Code     0  fflti.o(.text)
    __aeabi_ui2f                             0x0800045d   Thumb Code     6  fflti.o(.text)
    _ffltu                                   0x0800045d   Thumb Code     0  fflti.o(.text)
    __user_setup_stackheap                   0x08000463   Thumb Code    62  sys_stackheap_outer.o(.text)
    exit                                     0x080004a1   Thumb Code    16  exit.o(.text)
    __user_libspace                          0x080004b1   Thumb Code     8  libspace.o(.text)
    __user_perproc_libspace                  0x080004b1   Thumb Code     0  libspace.o(.text)
    __user_perthread_libspace                0x080004b1   Thumb Code     0  libspace.o(.text)
    _sys_exit                                0x080004b9   Thumb Code     8  sys_exit.o(.text)
    __I$use$semihosting                      0x080004c5   Thumb Code     0  use_no_semi.o(.text)
    __use_no_semihosting_swi                 0x080004c5   Thumb Code     2  use_no_semi.o(.text)
    __decompress                             0x080004c7   Thumb Code     0  __dclz77c.o(.text)
    __decompress2                            0x080004c7   Thumb Code    96  __dclz77c.o(.text)
    __semihosting_library_function           0x080004c7   Thumb Code     0  indicate_semi.o(.text)
    Board_Init                               0x08000529   Thumb Code    38  board_init.o(i.Board_Init)
    ExistLP_Mode                             0x08000559   Thumb Code    16  board_init.o(i.ExistLP_Mode)
    GPIO_Init                                0x08000569   Thumb Code    92  board_gpio.o(i.GPIO_Init)
    GPIO_SET_BIT                             0x080005cd   Thumb Code    40  board_gpio.o(i.GPIO_SET_BIT)
    HardFault_Handler                        0x080005f9   Thumb Code     2  stm32l0xx_it.o(i.HardFault_Handler)
    I2C_Delay                                0x080005fb   Thumb Code    14  vl53l0x_i2c.o(i.I2C_Delay)
    NMI_Handler                              0x08000609   Thumb Code     2  stm32l0xx_it.o(i.NMI_Handler)
    PendSV_Handler                           0x0800060b   Thumb Code     2  stm32l0xx_it.o(i.PendSV_Handler)
    RTC_IRQHandler                           0x080006ed   Thumb Code    40  board_init.o(i.RTC_IRQHandler)
    SVC_Handler                              0x0800071d   Thumb Code     2  stm32l0xx_it.o(i.SVC_Handler)
    SYS_GetTick                              0x08000721   Thumb Code     6  board_init.o(i.SYS_GetTick)
    SysTick_Handler                          0x0800073d   Thumb Code     8  board_init.o(i.SysTick_Handler)
    SystemClock_Init                         0x08000745   Thumb Code   182  board_init.o(i.SystemClock_Init)
    SystemInit                               0x08000811   Thumb Code    66  system_stm32l0xx.o(i.SystemInit)
    Systick_DelayMs                          0x08000865   Thumb Code    26  board_init.o(i.Systick_DelayMs)
    Systick_DelayUs                          0x08000881   Thumb Code    60  board_init.o(i.Systick_DelayUs)
    USART2_IRQHandler                        0x080008c5   Thumb Code    12  board_init.o(i.USART2_IRQHandler)
    USART2_TX                                0x08000939   Thumb Code    48  board_init.o(i.USART2_TX)
    VL53L0X_CheckAndLoadInterruptSettings    0x0800096d   Thumb Code   124  vl53l0x_api.o(i.VL53L0X_CheckAndLoadInterruptSettings)
    VL53L0X_ClearInterruptMask               0x080009ed   Thumb Code    76  vl53l0x_api.o(i.VL53L0X_ClearInterruptMask)
    VL53L0X_DataInit                         0x08000a39   Thumb Code   404  vl53l0x_api.o(i.VL53L0X_DataInit)
    VL53L0X_GetDeviceInfo                    0x08000bd5   Thumb Code     8  vl53l0x_api.o(i.VL53L0X_GetDeviceInfo)
    VL53L0X_GetDeviceParameters              0x08000bdd   Thumb Code   124  vl53l0x_api.o(i.VL53L0X_GetDeviceParameters)
    VL53L0X_GetFractionEnable                0x08000c59   Thumb Code    26  vl53l0x_api.o(i.VL53L0X_GetFractionEnable)
    VL53L0X_GetInterMeasurementPeriodMilliSeconds 0x08000c73   Thumb Code    58  vl53l0x_api.o(i.VL53L0X_GetInterMeasurementPeriodMilliSeconds)
    VL53L0X_GetInterruptMaskStatus           0x08000cad   Thumb Code    34  vl53l0x_api.o(i.VL53L0X_GetInterruptMaskStatus)
    VL53L0X_GetInterruptThresholds           0x08000ccf   Thumb Code    52  vl53l0x_api.o(i.VL53L0X_GetInterruptThresholds)
    VL53L0X_GetLimitCheckEnable              0x08000d03   Thumb Code    24  vl53l0x_api.o(i.VL53L0X_GetLimitCheckEnable)
    VL53L0X_GetLimitCheckValue               0x08000d1b   Thumb Code   134  vl53l0x_api.o(i.VL53L0X_GetLimitCheckValue)
    VL53L0X_GetMeasurementDataReady          0x08000da1   Thumb Code    58  vl53l0x_api.o(i.VL53L0X_GetMeasurementDataReady)
    VL53L0X_GetMeasurementTimingBudgetMicroSeconds 0x08000ddb   Thumb Code     8  vl53l0x_api.o(i.VL53L0X_GetMeasurementTimingBudgetMicroSeconds)
    VL53L0X_GetOffsetCalibrationDataMicroMeter 0x08000de3   Thumb Code     8  vl53l0x_api.o(i.VL53L0X_GetOffsetCalibrationDataMicroMeter)
    VL53L0X_GetRangeStatusString             0x08000deb   Thumb Code     8  vl53l0x_api.o(i.VL53L0X_GetRangeStatusString)
    VL53L0X_GetRangingMeasurementData        0x08000df5   Thumb Code   290  vl53l0x_api.o(i.VL53L0X_GetRangingMeasurementData)
    VL53L0X_GetSequenceStepEnables           0x08000f21   Thumb Code   114  vl53l0x_api.o(i.VL53L0X_GetSequenceStepEnables)
    VL53L0X_GetVcselPulsePeriod              0x08000f93   Thumb Code     8  vl53l0x_api.o(i.VL53L0X_GetVcselPulsePeriod)
    VL53L0X_GetWrapAroundCheckEnable         0x08000f9b   Thumb Code    46  vl53l0x_api.o(i.VL53L0X_GetWrapAroundCheckEnable)
    VL53L0X_GetXTalkCompensationEnable       0x08000fc9   Thumb Code    10  vl53l0x_api.o(i.VL53L0X_GetXTalkCompensationEnable)
    VL53L0X_GetXTalkCompensationRateMegaCps  0x08000fd3   Thumb Code    46  vl53l0x_api.o(i.VL53L0X_GetXTalkCompensationRateMegaCps)
    VL53L0X_Init                             0x08001001   Thumb Code   184  vl53l0x.o(i.VL53L0X_Init)
    VL53L0X_PerformRefCalibration            0x080010cd   Thumb Code    10  vl53l0x_api.o(i.VL53L0X_PerformRefCalibration)
    VL53L0X_PerformRefSpadManagement         0x080010d7   Thumb Code     8  vl53l0x_api.o(i.VL53L0X_PerformRefSpadManagement)
    VL53L0X_PerformSingleMeasurement         0x080010df   Thumb Code    46  vl53l0x_api.o(i.VL53L0X_PerformSingleMeasurement)
    VL53L0X_PerformSingleRangingMeasurement  0x0800110d   Thumb Code    48  vl53l0x_api.o(i.VL53L0X_PerformSingleRangingMeasurement)
    VL53L0X_PollingDelay                     0x0800113d   Thumb Code    18  vl53l0x_platform.o(i.VL53L0X_PollingDelay)
    VL53L0X_RdByte                           0x0800114f   Thumb Code    26  vl53l0x_platform.o(i.VL53L0X_RdByte)
    VL53L0X_RdDWord                          0x08001169   Thumb Code    26  vl53l0x_platform.o(i.VL53L0X_RdDWord)
    VL53L0X_RdWord                           0x08001183   Thumb Code    26  vl53l0x_platform.o(i.VL53L0X_RdWord)
    VL53L0X_ReadMulti                        0x0800119d   Thumb Code    34  vl53l0x_platform.o(i.VL53L0X_ReadMulti)
    VL53L0X_SetAddress                       0x080011c1   Thumb Code    92  vl53l0x.o(i.VL53L0X_SetAddress)
    VL53L0X_SetDeviceAddress                 0x08001221   Thumb Code    12  vl53l0x_api.o(i.VL53L0X_SetDeviceAddress)
    VL53L0X_SetDeviceMode                    0x0800122d   Thumb Code    38  vl53l0x_api.o(i.VL53L0X_SetDeviceMode)
    VL53L0X_SetGpioConfig                    0x08001253   Thumb Code   336  vl53l0x_api.o(i.VL53L0X_SetGpioConfig)
    VL53L0X_SetLimitCheckEnable              0x080013a3   Thumb Code   124  vl53l0x_api.o(i.VL53L0X_SetLimitCheckEnable)
    VL53L0X_SetLimitCheckValue               0x0800141f   Thumb Code    82  vl53l0x_api.o(i.VL53L0X_SetLimitCheckValue)
    VL53L0X_SetMeasurementTimingBudgetMicroSeconds 0x08001471   Thumb Code     8  vl53l0x_api.o(i.VL53L0X_SetMeasurementTimingBudgetMicroSeconds)
    VL53L0X_SetOffsetCalibrationDataMicroMeter 0x08001479   Thumb Code     8  vl53l0x_api.o(i.VL53L0X_SetOffsetCalibrationDataMicroMeter)
    VL53L0X_SetRefCalibration                0x08001481   Thumb Code     8  vl53l0x_api.o(i.VL53L0X_SetRefCalibration)
    VL53L0X_SetReferenceSpads                0x08001489   Thumb Code     8  vl53l0x_api.o(i.VL53L0X_SetReferenceSpads)
    VL53L0X_SetSequenceStepEnable            0x08001491   Thumb Code   160  vl53l0x_api.o(i.VL53L0X_SetSequenceStepEnable)
    VL53L0X_SetVcselPulsePeriod              0x08001531   Thumb Code     8  vl53l0x_api.o(i.VL53L0X_SetVcselPulsePeriod)
    VL53L0X_SetXTalkCompensationRateMegaCps  0x08001539   Thumb Code    54  vl53l0x_api.o(i.VL53L0X_SetXTalkCompensationRateMegaCps)
    VL53L0X_StartMeasurement                 0x0800156f   Thumb Code   224  vl53l0x_api.o(i.VL53L0X_StartMeasurement)
    VL53L0X_StaticInit                       0x08001651   Thumb Code   364  vl53l0x_api.o(i.VL53L0X_StaticInit)
    VL53L0X_UpdateByte                       0x080017c1   Thumb Code    68  vl53l0x_platform.o(i.VL53L0X_UpdateByte)
    VL53L0X_WrByte                           0x08001805   Thumb Code    26  vl53l0x_platform.o(i.VL53L0X_WrByte)
    VL53L0X_WrWord                           0x0800181f   Thumb Code    26  vl53l0x_platform.o(i.VL53L0X_WrWord)
    VL53L0X_WriteMulti                       0x08001839   Thumb Code    34  vl53l0x_platform.o(i.VL53L0X_WriteMulti)
    VL53L0X_calc_dmax                        0x0800185d   Thumb Code   238  vl53l0x_api_core.o(i.VL53L0X_calc_dmax)
    VL53L0X_calc_macro_period_ps             0x08001951   Thumb Code    22  vl53l0x_api_core.o(i.VL53L0X_calc_macro_period_ps)
    VL53L0X_calc_sigma_estimate              0x0800196d   Thumb Code   578  vl53l0x_api_core.o(i.VL53L0X_calc_sigma_estimate)
    VL53L0X_calc_timeout_mclks               0x08001bcd   Thumb Code    40  vl53l0x_api_core.o(i.VL53L0X_calc_timeout_mclks)
    VL53L0X_calc_timeout_us                  0x08001bf5   Thumb Code    40  vl53l0x_api_core.o(i.VL53L0X_calc_timeout_us)
    VL53L0X_check_part_used                  0x08001c1d   Thumb Code    56  vl53l0x_api_strings.o(i.VL53L0X_check_part_used)
    VL53L0X_decode_timeout                   0x08001c55   Thumb Code    10  vl53l0x_api_core.o(i.VL53L0X_decode_timeout)
    VL53L0X_decode_vcsel_period              0x08001c5f   Thumb Code     8  vl53l0x_api_core.o(i.VL53L0X_decode_vcsel_period)
    VL53L0X_device_read_strobe               0x08001c67   Thumb Code    70  vl53l0x_api_core.o(i.VL53L0X_device_read_strobe)
    VL53L0X_encode_timeout                   0x08001cad   Thumb Code    34  vl53l0x_api_core.o(i.VL53L0X_encode_timeout)
    VL53L0X_encode_vcsel_period              0x08001ccf   Thumb Code     8  vl53l0x_api_core.o(i.VL53L0X_encode_vcsel_period)
    VL53L0X_get_device_info                  0x08001cd9   Thumb Code   110  vl53l0x_api_strings.o(i.VL53L0X_get_device_info)
    VL53L0X_get_info_from_device             0x08001d8d   Thumb Code  1224  vl53l0x_api_core.o(i.VL53L0X_get_info_from_device)
    VL53L0X_get_measurement_timing_budget_micro_seconds 0x08002255   Thumb Code   216  vl53l0x_api_core.o(i.VL53L0X_get_measurement_timing_budget_micro_seconds)
    VL53L0X_get_offset_calibration_data_micro_meter 0x08002335   Thumb Code    56  vl53l0x_api_calibration.o(i.VL53L0X_get_offset_calibration_data_micro_meter)
    VL53L0X_get_pal_range_status             0x08002371   Thumb Code   512  vl53l0x_api_core.o(i.VL53L0X_get_pal_range_status)
    VL53L0X_get_range_status_string          0x08002571   Thumb Code    56  vl53l0x_api_strings.o(i.VL53L0X_get_range_status_string)
    VL53L0X_get_total_signal_rate            0x08002619   Thumb Code    28  vl53l0x_api_core.o(i.VL53L0X_get_total_signal_rate)
    VL53L0X_get_total_xtalk_rate             0x08002635   Thumb Code    46  vl53l0x_api_core.o(i.VL53L0X_get_total_xtalk_rate)
    VL53L0X_get_vcsel_pulse_period           0x08002663   Thumb Code    50  vl53l0x_api_core.o(i.VL53L0X_get_vcsel_pulse_period)
    VL53L0X_i2c_init                         0x08002695   Thumb Code    62  vl53l0x_i2c.o(i.VL53L0X_i2c_init)
    VL53L0X_isqrt                            0x080026d9   Thumb Code    42  vl53l0x_api_core.o(i.VL53L0X_isqrt)
    VL53L0X_load_tuning_settings             0x08002703   Thumb Code   150  vl53l0x_api_core.o(i.VL53L0X_load_tuning_settings)
    VL53L0X_measurement_poll_for_completion  0x08002799   Thumb Code    54  vl53l0x_api_core.o(i.VL53L0X_measurement_poll_for_completion)
    VL53L0X_perform_phase_calibration        0x080027cf   Thumb Code   112  vl53l0x_api_calibration.o(i.VL53L0X_perform_phase_calibration)
    VL53L0X_perform_ref_calibration          0x0800283f   Thumb Code    64  vl53l0x_api_calibration.o(i.VL53L0X_perform_ref_calibration)
    VL53L0X_perform_ref_spad_management      0x0800287f   Thumb Code   590  vl53l0x_api_calibration.o(i.VL53L0X_perform_ref_spad_management)
    VL53L0X_perform_single_ref_calibration   0x08002acd   Thumb Code    56  vl53l0x_api_calibration.o(i.VL53L0X_perform_single_ref_calibration)
    VL53L0X_perform_vhv_calibration          0x08002b05   Thumb Code   116  vl53l0x_api_calibration.o(i.VL53L0X_perform_vhv_calibration)
    VL53L0X_read_byte                        0x08002b79   Thumb Code    10  vl53l0x_i2c.o(i.VL53L0X_read_byte)
    VL53L0X_read_dword                       0x08002b83   Thumb Code    38  vl53l0x_i2c.o(i.VL53L0X_read_dword)
    VL53L0X_read_multi                       0x08002ba9   Thumb Code    24  vl53l0x_i2c.o(i.VL53L0X_read_multi)
    VL53L0X_read_word                        0x08002bc1   Thumb Code    26  vl53l0x_i2c.o(i.VL53L0X_read_word)
    VL53L0X_ref_calibration_io               0x08002bdb   Thumb Code   178  vl53l0x_api_calibration.o(i.VL53L0X_ref_calibration_io)
    VL53L0X_set_measurement_timing_budget_micro_seconds 0x08002c8d   Thumb Code   224  vl53l0x_api_core.o(i.VL53L0X_set_measurement_timing_budget_micro_seconds)
    VL53L0X_set_offset_calibration_data_micro_meter 0x08002d79   Thumb Code    66  vl53l0x_api_calibration.o(i.VL53L0X_set_offset_calibration_data_micro_meter)
    VL53L0X_set_ref_calibration              0x08002dc5   Thumb Code    32  vl53l0x_api_calibration.o(i.VL53L0X_set_ref_calibration)
    VL53L0X_set_reference_spads              0x08002de5   Thumb Code   180  vl53l0x_api_calibration.o(i.VL53L0X_set_reference_spads)
    VL53L0X_set_vcsel_pulse_period           0x08002e99   Thumb Code   642  vl53l0x_api_core.o(i.VL53L0X_set_vcsel_pulse_period)
    VL53L0X_write_byte                       0x08003121   Thumb Code    12  vl53l0x_i2c.o(i.VL53L0X_write_byte)
    VL53L0X_write_multi                      0x0800312d   Thumb Code    24  vl53l0x_i2c.o(i.VL53L0X_write_multi)
    VL53L0X_write_word                       0x08003145   Thumb Code    50  vl53l0x_i2c.o(i.VL53L0X_write_word)
    VL53L0x_RESET                            0x08003179   Thumb Code    66  vl53l0x.o(i.VL53L0x_RESET)
    VL53L0x_SetMode                          0x080031c1   Thumb Code   292  vl53l0x_gen.o(i.VL53L0x_SetMode)
    VL53L0x_StartOneTimesSample              0x080032f1   Thumb Code    44  vl53l0x_gen.o(i.VL53L0x_StartOneTimesSample)
    VL_IIC_Ack                               0x0800331d   Thumb Code    56  vl53l0x_i2c.o(i.VL_IIC_Ack)
    VL_IIC_NAck                              0x08003359   Thumb Code    56  vl53l0x_i2c.o(i.VL_IIC_NAck)
    VL_IIC_Read_Byte                         0x08003395   Thumb Code    88  vl53l0x_i2c.o(i.VL_IIC_Read_Byte)
    VL_IIC_Read_nByte                        0x080033f1   Thumb Code    98  vl53l0x_i2c.o(i.VL_IIC_Read_nByte)
    VL_IIC_Send_Byte                         0x08003455   Thumb Code    90  vl53l0x_i2c.o(i.VL_IIC_Send_Byte)
    VL_IIC_Start                             0x080034b5   Thumb Code    62  vl53l0x_i2c.o(i.VL_IIC_Start)
    VL_IIC_Stop                              0x080034f9   Thumb Code    58  vl53l0x_i2c.o(i.VL_IIC_Stop)
    VL_IIC_Wait_Ack                          0x08003539   Thumb Code    84  vl53l0x_i2c.o(i.VL_IIC_Wait_Ack)
    VL_IIC_Write_nByte                       0x08003595   Thumb Code    70  vl53l0x_i2c.o(i.VL_IIC_Write_nByte)
    __ARM_common_switch8                     0x080035db   Thumb Code    26  vl53l0x_api.o(i.__ARM_common_switch8)
    enable_ref_spads                         0x08003639   Thumb Code   142  vl53l0x_api_calibration.o(i.enable_ref_spads)
    enable_spad_bit                          0x080036c7   Thumb Code    42  vl53l0x_api_calibration.o(i.enable_spad_bit)
    get_next_good_spad                       0x080036f1   Thumb Code    88  vl53l0x_api_calibration.o(i.get_next_good_spad)
    get_ref_spad_map                         0x08003749   Thumb Code    14  vl53l0x_api_calibration.o(i.get_ref_spad_map)
    get_sequence_step_timeout                0x08003757   Thumb Code   236  vl53l0x_api_core.o(i.get_sequence_step_timeout)
    is_aperture                              0x08003845   Thumb Code    20  vl53l0x_api_calibration.o(i.is_aperture)
    main                                     0x0800385d   Thumb Code   220  main.o(i.main)
    perform_ref_signal_measurement           0x08003961   Thumb Code   102  vl53l0x_api_calibration.o(i.perform_ref_signal_measurement)
    readVL5Ll0x_PollingtMode                 0x080039c9   Thumb Code   122  vl53l0x_gen.o(i.readVL5Ll0x_PollingtMode)
    sequence_step_enabled                    0x08003a49   Thumb Code    52  vl53l0x_api.o(i.sequence_step_enabled)
    set_ref_spad_map                         0x08003a7d   Thumb Code    14  vl53l0x_api_calibration.o(i.set_ref_spad_map)
    set_sequence_step_timeout                0x08003a8b   Thumb Code   268  vl53l0x_api_core.o(i.set_sequence_step_timeout)
    __aeabi_fmul                             0x08003b99   Thumb Code     0  fmul.o(x$fpl$fmul)
    _fmul                                    0x08003b99   Thumb Code   172  fmul.o(x$fpl$fmul)
    Region$$Table$$Base                      0x08003c48   Number         0  anon$$obj.o(Region$$Table)
    __I$use$fp                               0x08003c48   Number         0  usenofp.o(x$fpl$usenofp)
    Region$$Table$$Limit                     0x08003c68   Number         0  anon$$obj.o(Region$$Table)
    bitVal                                   0x20000000   Data           1  main.o(.data)
    Distance_data                            0x20000002   Data           2  main.o(.data)
    TXBuff                                   0x20000004   Data           7  main.o(.data)
    systick_usFac                            0x2000000c   Data           4  board_init.o(.data)
    AjustOK                                  0x20000014   Data           1  vl53l0x.o(.data)
    Mode_data                                0x20000018   Data          64  vl53l0x.o(.data)
    DefaultTuningSettings                    0x20000058   Data         243  vl53l0x_api.o(.data)
    InterruptThresholdSettings               0x2000014b   Data         438  vl53l0x_api.o(.data)
    refArrayQuadrants                        0x20000304   Data          16  vl53l0x_api_calibration.o(.data)
    vl53l0x_dev                              0x20000314   Data         352  main.o(.bss)
    VL53L0x_Data                             0x20000474   Data          28  main.o(.bss)
    vl53l0x_dev_info                         0x20000490   Data          99  vl53l0x.o(.bss)
    Vl53l0x_adjust                           0x200004f4   Data          24  vl53l0x_cali.o(.bss)
    Vl53l0x_data                             0x2000050c   Data          24  vl53l0x_cali.o(.bss)
    __libspace_start                         0x20000544   Data          96  libspace.o(.bss)
    __temporary_stack_top$libspace           0x200005a4   Data           0  libspace.o(.bss)



==============================================================================

Memory Map of the image

  Image Entry point : 0x080000c1

  Load Region LR_IROM1 (Base: 0x08000000, Size: 0x00003f7c, Max: 0x00010000, ABSOLUTE, COMPRESSED[0x00003f1c])

    Execution Region ER_IROM1 (Exec base: 0x08000000, Load base: 0x08000000, Size: 0x00003c68, Max: 0x00010000, ABSOLUTE)

    Exec Addr    Load Addr    Size         Type   Attr      Idx    E Section Name        Object

    0x08000000   0x08000000   0x000000c0   Data   RO         1649    RESET               startup_stm32l051xx.o
    0x080000c0   0x080000c0   0x00000008   Code   RO         1706  * !!!main             c_p.l(__main.o)
    0x080000c8   0x080000c8   0x0000003c   Code   RO         1884    !!!scatter          c_p.l(__scatter.o)
    0x08000104   0x08000104   0x0000001c   Code   RO         1886    !!handler_zi        c_p.l(__scatter_zi.o)
    0x08000120   0x08000120   0x00000002   Code   RO         1751    .ARM.Collect$$libinit$$00000000  c_p.l(libinit.o)
    0x08000122   0x08000122   0x00000000   Code   RO         1765    .ARM.Collect$$libinit$$00000002  c_p.l(libinit2.o)
    0x08000122   0x08000122   0x00000000   Code   RO         1767    .ARM.Collect$$libinit$$00000004  c_p.l(libinit2.o)
    0x08000122   0x08000122   0x00000000   Code   RO         1770    .ARM.Collect$$libinit$$0000000A  c_p.l(libinit2.o)
    0x08000122   0x08000122   0x00000000   Code   RO         1772    .ARM.Collect$$libinit$$0000000C  c_p.l(libinit2.o)
    0x08000122   0x08000122   0x00000000   Code   RO         1774    .ARM.Collect$$libinit$$0000000E  c_p.l(libinit2.o)
    0x08000122   0x08000122   0x00000000   Code   RO         1777    .ARM.Collect$$libinit$$00000011  c_p.l(libinit2.o)
    0x08000122   0x08000122   0x00000000   Code   RO         1779    .ARM.Collect$$libinit$$00000013  c_p.l(libinit2.o)
    0x08000122   0x08000122   0x00000000   Code   RO         1781    .ARM.Collect$$libinit$$00000015  c_p.l(libinit2.o)
    0x08000122   0x08000122   0x00000000   Code   RO         1783    .ARM.Collect$$libinit$$00000017  c_p.l(libinit2.o)
    0x08000122   0x08000122   0x00000000   Code   RO         1785    .ARM.Collect$$libinit$$00000019  c_p.l(libinit2.o)
    0x08000122   0x08000122   0x00000000   Code   RO         1787    .ARM.Collect$$libinit$$0000001B  c_p.l(libinit2.o)
    0x08000122   0x08000122   0x00000000   Code   RO         1789    .ARM.Collect$$libinit$$0000001D  c_p.l(libinit2.o)
    0x08000122   0x08000122   0x00000000   Code   RO         1791    .ARM.Collect$$libinit$$0000001F  c_p.l(libinit2.o)
    0x08000122   0x08000122   0x00000000   Code   RO         1793    .ARM.Collect$$libinit$$00000021  c_p.l(libinit2.o)
    0x08000122   0x08000122   0x00000000   Code   RO         1795    .ARM.Collect$$libinit$$00000023  c_p.l(libinit2.o)
    0x08000122   0x08000122   0x00000000   Code   RO         1797    .ARM.Collect$$libinit$$00000025  c_p.l(libinit2.o)
    0x08000122   0x08000122   0x00000000   Code   RO         1801    .ARM.Collect$$libinit$$0000002C  c_p.l(libinit2.o)
    0x08000122   0x08000122   0x00000000   Code   RO         1803    .ARM.Collect$$libinit$$0000002E  c_p.l(libinit2.o)
    0x08000122   0x08000122   0x00000000   Code   RO         1805    .ARM.Collect$$libinit$$00000030  c_p.l(libinit2.o)
    0x08000122   0x08000122   0x00000000   Code   RO         1807    .ARM.Collect$$libinit$$00000032  c_p.l(libinit2.o)
    0x08000122   0x08000122   0x00000002   Code   RO         1808    .ARM.Collect$$libinit$$00000033  c_p.l(libinit2.o)
    0x08000124   0x08000124   0x00000002   Code   RO         1839    .ARM.Collect$$libshutdown$$00000000  c_p.l(libshutdown.o)
    0x08000126   0x08000126   0x00000000   Code   RO         1865    .ARM.Collect$$libshutdown$$00000002  c_p.l(libshutdown2.o)
    0x08000126   0x08000126   0x00000000   Code   RO         1867    .ARM.Collect$$libshutdown$$00000004  c_p.l(libshutdown2.o)
    0x08000126   0x08000126   0x00000000   Code   RO         1870    .ARM.Collect$$libshutdown$$00000007  c_p.l(libshutdown2.o)
    0x08000126   0x08000126   0x00000000   Code   RO         1873    .ARM.Collect$$libshutdown$$0000000A  c_p.l(libshutdown2.o)
    0x08000126   0x08000126   0x00000000   Code   RO         1875    .ARM.Collect$$libshutdown$$0000000C  c_p.l(libshutdown2.o)
    0x08000126   0x08000126   0x00000000   Code   RO         1878    .ARM.Collect$$libshutdown$$0000000F  c_p.l(libshutdown2.o)
    0x08000126   0x08000126   0x00000002   Code   RO         1879    .ARM.Collect$$libshutdown$$00000010  c_p.l(libshutdown2.o)
    0x08000128   0x08000128   0x00000000   Code   RO         1714    .ARM.Collect$$rtentry$$00000000  c_p.l(__rtentry.o)
    0x08000128   0x08000128   0x00000000   Code   RO         1721    .ARM.Collect$$rtentry$$00000002  c_p.l(__rtentry2.o)
    0x08000128   0x08000128   0x00000006   Code   RO         1733    .ARM.Collect$$rtentry$$00000004  c_p.l(__rtentry4.o)
    0x0800012e   0x0800012e   0x00000000   Code   RO         1723    .ARM.Collect$$rtentry$$00000009  c_p.l(__rtentry2.o)
    0x0800012e   0x0800012e   0x00000004   Code   RO         1724    .ARM.Collect$$rtentry$$0000000A  c_p.l(__rtentry2.o)
    0x08000132   0x08000132   0x00000000   Code   RO         1726    .ARM.Collect$$rtentry$$0000000C  c_p.l(__rtentry2.o)
    0x08000132   0x08000132   0x00000008   Code   RO         1727    .ARM.Collect$$rtentry$$0000000D  c_p.l(__rtentry2.o)
    0x0800013a   0x0800013a   0x00000002   Code   RO         1756    .ARM.Collect$$rtexit$$00000000  c_p.l(rtexit.o)
    0x0800013c   0x0800013c   0x00000000   Code   RO         1812    .ARM.Collect$$rtexit$$00000002  c_p.l(rtexit2.o)
    0x0800013c   0x0800013c   0x00000004   Code   RO         1813    .ARM.Collect$$rtexit$$00000003  c_p.l(rtexit2.o)
    0x08000140   0x08000140   0x00000006   Code   RO         1814    .ARM.Collect$$rtexit$$00000004  c_p.l(rtexit2.o)
    0x08000146   0x08000146   0x00000002   PAD
    0x08000148   0x08000148   0x00000038   Code   RO         1694    .emb_text           c_p.l(rt_memcpy.o)
    0x08000180   0x08000180   0x00000038   Code   RO         1650    .text               startup_stm32l051xx.o
    0x080001b8   0x080001b8   0x00000030   Code   RO         1690    .text               c_p.l(llmul.o)
    0x080001e8   0x080001e8   0x0000004c   Code   RO         1692    .text               c_p.l(strcpy.o)
    0x08000234   0x08000234   0x00000040   Code   RO         1698    .text               c_p.l(rt_memclr.o)
    0x08000274   0x08000274   0x0000015a   Code   RO         1700    .text               c_p.l(aeabi_sdiv.o)
    0x080003ce   0x080003ce   0x00000006   Code   RO         1704    .text               c_p.l(heapauxi.o)
    0x080003d4   0x080003d4   0x00000030   Code   RO         1708    .text               fz_ps.l(ffixui.o)
    0x08000404   0x08000404   0x0000005e   Code   RO         1710    .text               fz_ps.l(fflti.o)
    0x08000462   0x08000462   0x0000003e   Code   RO         1737    .text               c_p.l(sys_stackheap_outer.o)
    0x080004a0   0x080004a0   0x00000010   Code   RO         1740    .text               c_p.l(exit.o)
    0x080004b0   0x080004b0   0x00000008   Code   RO         1752    .text               c_p.l(libspace.o)
    0x080004b8   0x080004b8   0x0000000c   Code   RO         1809    .text               c_p.l(sys_exit.o)
    0x080004c4   0x080004c4   0x00000002   Code   RO         1828    .text               c_p.l(use_no_semi.o)
    0x080004c6   0x080004c6   0x00000000   Code   RO         1830    .text               c_p.l(indicate_semi.o)
    0x080004c6   0x080004c6   0x00000060   Code   RO         1882    .text               c_p.l(__dclz77c.o)
    0x08000526   0x08000526   0x00000002   PAD
    0x08000528   0x08000528   0x00000030   Code   RO          199    i.Board_Init        board_init.o
    0x08000558   0x08000558   0x00000010   Code   RO          200    i.ExistLP_Mode      board_init.o
    0x08000568   0x08000568   0x00000064   Code   RO          154    i.GPIO_Init         board_gpio.o
    0x080005cc   0x080005cc   0x0000002c   Code   RO          155    i.GPIO_SET_BIT      board_gpio.o
    0x080005f8   0x080005f8   0x00000002   Code   RO          118    i.HardFault_Handler  stm32l0xx_it.o
    0x080005fa   0x080005fa   0x0000000e   Code   RO         1419    i.I2C_Delay         vl53l0x_i2c.o
    0x08000608   0x08000608   0x00000002   Code   RO          119    i.NMI_Handler       stm32l0xx_it.o
    0x0800060a   0x0800060a   0x00000002   Code   RO          120    i.PendSV_Handler    stm32l0xx_it.o
    0x0800060c   0x0800060c   0x000000e0   Code   RO          201    i.RTC_AWU_Init      board_init.o
    0x080006ec   0x080006ec   0x00000030   Code   RO          202    i.RTC_IRQHandler    board_init.o
    0x0800071c   0x0800071c   0x00000002   Code   RO          121    i.SVC_Handler       stm32l0xx_it.o
    0x0800071e   0x0800071e   0x00000002   PAD
    0x08000720   0x08000720   0x0000000c   Code   RO          203    i.SYS_GetTick       board_init.o
    0x0800072c   0x0800072c   0x00000010   Code   RO          204    i.SYS_IncTick       board_init.o
    0x0800073c   0x0800073c   0x00000008   Code   RO          205    i.SysTick_Handler   board_init.o
    0x08000744   0x08000744   0x000000cc   Code   RO          206    i.SystemClock_Init  board_init.o
    0x08000810   0x08000810   0x00000054   Code   RO         1657    i.SystemInit        system_stm32l0xx.o
    0x08000864   0x08000864   0x0000001a   Code   RO          207    i.Systick_DelayMs   board_init.o
    0x0800087e   0x0800087e   0x00000002   PAD
    0x08000880   0x08000880   0x00000044   Code   RO          208    i.Systick_DelayUs   board_init.o
    0x080008c4   0x080008c4   0x00000010   Code   RO          210    i.USART2_IRQHandler  board_init.o
    0x080008d4   0x080008d4   0x00000064   Code   RO          211    i.USART2_Init       board_init.o
    0x08000938   0x08000938   0x00000034   Code   RO          212    i.USART2_TX         board_init.o
    0x0800096c   0x0800096c   0x00000080   Code   RO          415    i.VL53L0X_CheckAndLoadInterruptSettings  vl53l0x_api.o
    0x080009ec   0x080009ec   0x0000004c   Code   RO          416    i.VL53L0X_ClearInterruptMask  vl53l0x_api.o
    0x08000a38   0x08000a38   0x0000019c   Code   RO          417    i.VL53L0X_DataInit  vl53l0x_api.o
    0x08000bd4   0x08000bd4   0x00000008   Code   RO          421    i.VL53L0X_GetDeviceInfo  vl53l0x_api.o
    0x08000bdc   0x08000bdc   0x0000007c   Code   RO          423    i.VL53L0X_GetDeviceParameters  vl53l0x_api.o
    0x08000c58   0x08000c58   0x0000001a   Code   RO          425    i.VL53L0X_GetFractionEnable  vl53l0x_api.o
    0x08000c72   0x08000c72   0x0000003a   Code   RO          429    i.VL53L0X_GetInterMeasurementPeriodMilliSeconds  vl53l0x_api.o
    0x08000cac   0x08000cac   0x00000022   Code   RO          430    i.VL53L0X_GetInterruptMaskStatus  vl53l0x_api.o
    0x08000cce   0x08000cce   0x00000034   Code   RO          431    i.VL53L0X_GetInterruptThresholds  vl53l0x_api.o
    0x08000d02   0x08000d02   0x00000018   Code   RO          433    i.VL53L0X_GetLimitCheckEnable  vl53l0x_api.o
    0x08000d1a   0x08000d1a   0x00000086   Code   RO          436    i.VL53L0X_GetLimitCheckValue  vl53l0x_api.o
    0x08000da0   0x08000da0   0x0000003a   Code   RO          439    i.VL53L0X_GetMeasurementDataReady  vl53l0x_api.o
    0x08000dda   0x08000dda   0x00000008   Code   RO          441    i.VL53L0X_GetMeasurementTimingBudgetMicroSeconds  vl53l0x_api.o
    0x08000de2   0x08000de2   0x00000008   Code   RO          445    i.VL53L0X_GetOffsetCalibrationDataMicroMeter  vl53l0x_api.o
    0x08000dea   0x08000dea   0x00000008   Code   RO          452    i.VL53L0X_GetRangeStatusString  vl53l0x_api.o
    0x08000df2   0x08000df2   0x00000002   PAD
    0x08000df4   0x08000df4   0x0000012c   Code   RO          453    i.VL53L0X_GetRangingMeasurementData  vl53l0x_api.o
    0x08000f20   0x08000f20   0x00000072   Code   RO          457    i.VL53L0X_GetSequenceStepEnables  vl53l0x_api.o
    0x08000f92   0x08000f92   0x00000008   Code   RO          466    i.VL53L0X_GetVcselPulsePeriod  vl53l0x_api.o
    0x08000f9a   0x08000f9a   0x0000002e   Code   RO          468    i.VL53L0X_GetWrapAroundCheckEnable  vl53l0x_api.o
    0x08000fc8   0x08000fc8   0x0000000a   Code   RO          469    i.VL53L0X_GetXTalkCompensationEnable  vl53l0x_api.o
    0x08000fd2   0x08000fd2   0x0000002e   Code   RO          470    i.VL53L0X_GetXTalkCompensationRateMegaCps  vl53l0x_api.o
    0x08001000   0x08001000   0x000000cc   Code   RO          306    i.VL53L0X_Init      vl53l0x.o
    0x080010cc   0x080010cc   0x0000000a   Code   RO          472    i.VL53L0X_PerformRefCalibration  vl53l0x_api.o
    0x080010d6   0x080010d6   0x00000008   Code   RO          473    i.VL53L0X_PerformRefSpadManagement  vl53l0x_api.o
    0x080010de   0x080010de   0x0000002e   Code   RO          475    i.VL53L0X_PerformSingleMeasurement  vl53l0x_api.o
    0x0800110c   0x0800110c   0x00000030   Code   RO          476    i.VL53L0X_PerformSingleRangingMeasurement  vl53l0x_api.o
    0x0800113c   0x0800113c   0x00000012   Code   RO         1560    i.VL53L0X_PollingDelay  vl53l0x_platform.o
    0x0800114e   0x0800114e   0x0000001a   Code   RO         1561    i.VL53L0X_RdByte    vl53l0x_platform.o
    0x08001168   0x08001168   0x0000001a   Code   RO         1562    i.VL53L0X_RdDWord   vl53l0x_platform.o
    0x08001182   0x08001182   0x0000001a   Code   RO         1563    i.VL53L0X_RdWord    vl53l0x_platform.o
    0x0800119c   0x0800119c   0x00000022   Code   RO         1564    i.VL53L0X_ReadMulti  vl53l0x_platform.o
    0x080011be   0x080011be   0x00000002   PAD
    0x080011c0   0x080011c0   0x00000060   Code   RO          307    i.VL53L0X_SetAddress  vl53l0x.o
    0x08001220   0x08001220   0x0000000c   Code   RO          480    i.VL53L0X_SetDeviceAddress  vl53l0x_api.o
    0x0800122c   0x0800122c   0x00000026   Code   RO          481    i.VL53L0X_SetDeviceMode  vl53l0x_api.o
    0x08001252   0x08001252   0x00000150   Code   RO          484    i.VL53L0X_SetGpioConfig  vl53l0x_api.o
    0x080013a2   0x080013a2   0x0000007c   Code   RO          489    i.VL53L0X_SetLimitCheckEnable  vl53l0x_api.o
    0x0800141e   0x0800141e   0x00000052   Code   RO          490    i.VL53L0X_SetLimitCheckValue  vl53l0x_api.o
    0x08001470   0x08001470   0x00000008   Code   RO          492    i.VL53L0X_SetMeasurementTimingBudgetMicroSeconds  vl53l0x_api.o
    0x08001478   0x08001478   0x00000008   Code   RO          494    i.VL53L0X_SetOffsetCalibrationDataMicroMeter  vl53l0x_api.o
    0x08001480   0x08001480   0x00000008   Code   RO          497    i.VL53L0X_SetRefCalibration  vl53l0x_api.o
    0x08001488   0x08001488   0x00000008   Code   RO          498    i.VL53L0X_SetReferenceSpads  vl53l0x_api.o
    0x08001490   0x08001490   0x000000a0   Code   RO          499    i.VL53L0X_SetSequenceStepEnable  vl53l0x_api.o
    0x08001530   0x08001530   0x00000008   Code   RO          504    i.VL53L0X_SetVcselPulsePeriod  vl53l0x_api.o
    0x08001538   0x08001538   0x00000036   Code   RO          507    i.VL53L0X_SetXTalkCompensationRateMegaCps  vl53l0x_api.o
    0x0800156e   0x0800156e   0x000000e0   Code   RO          508    i.VL53L0X_StartMeasurement  vl53l0x_api.o
    0x0800164e   0x0800164e   0x00000002   PAD
    0x08001650   0x08001650   0x00000170   Code   RO          509    i.VL53L0X_StaticInit  vl53l0x_api.o
    0x080017c0   0x080017c0   0x00000044   Code   RO         1565    i.VL53L0X_UpdateByte  vl53l0x_platform.o
    0x08001804   0x08001804   0x0000001a   Code   RO         1566    i.VL53L0X_WrByte    vl53l0x_platform.o
    0x0800181e   0x0800181e   0x0000001a   Code   RO         1568    i.VL53L0X_WrWord    vl53l0x_platform.o
    0x08001838   0x08001838   0x00000022   Code   RO         1569    i.VL53L0X_WriteMulti  vl53l0x_platform.o
    0x0800185a   0x0800185a   0x00000002   PAD
    0x0800185c   0x0800185c   0x000000f4   Code   RO         1187    i.VL53L0X_calc_dmax  vl53l0x_api_core.o
    0x08001950   0x08001950   0x0000001c   Code   RO         1188    i.VL53L0X_calc_macro_period_ps  vl53l0x_api_core.o
    0x0800196c   0x0800196c   0x00000260   Code   RO         1189    i.VL53L0X_calc_sigma_estimate  vl53l0x_api_core.o
    0x08001bcc   0x08001bcc   0x00000028   Code   RO         1190    i.VL53L0X_calc_timeout_mclks  vl53l0x_api_core.o
    0x08001bf4   0x08001bf4   0x00000028   Code   RO         1191    i.VL53L0X_calc_timeout_us  vl53l0x_api_core.o
    0x08001c1c   0x08001c1c   0x00000038   Code   RO         1357    i.VL53L0X_check_part_used  vl53l0x_api_strings.o
    0x08001c54   0x08001c54   0x0000000a   Code   RO         1192    i.VL53L0X_decode_timeout  vl53l0x_api_core.o
    0x08001c5e   0x08001c5e   0x00000008   Code   RO         1193    i.VL53L0X_decode_vcsel_period  vl53l0x_api_core.o
    0x08001c66   0x08001c66   0x00000046   Code   RO         1194    i.VL53L0X_device_read_strobe  vl53l0x_api_core.o
    0x08001cac   0x08001cac   0x00000022   Code   RO         1195    i.VL53L0X_encode_timeout  vl53l0x_api_core.o
    0x08001cce   0x08001cce   0x00000008   Code   RO         1196    i.VL53L0X_encode_vcsel_period  vl53l0x_api_core.o
    0x08001cd6   0x08001cd6   0x00000002   PAD
    0x08001cd8   0x08001cd8   0x000000b4   Code   RO         1359    i.VL53L0X_get_device_info  vl53l0x_api_strings.o
    0x08001d8c   0x08001d8c   0x000004c8   Code   RO         1197    i.VL53L0X_get_info_from_device  vl53l0x_api_core.o
    0x08002254   0x08002254   0x000000e0   Code   RO         1198    i.VL53L0X_get_measurement_timing_budget_micro_seconds  vl53l0x_api_core.o
    0x08002334   0x08002334   0x0000003c   Code   RO         1035    i.VL53L0X_get_offset_calibration_data_micro_meter  vl53l0x_api_calibration.o
    0x08002370   0x08002370   0x00000200   Code   RO         1199    i.VL53L0X_get_pal_range_status  vl53l0x_api_core.o
    0x08002570   0x08002570   0x000000a8   Code   RO         1363    i.VL53L0X_get_range_status_string  vl53l0x_api_strings.o
    0x08002618   0x08002618   0x0000001c   Code   RO         1200    i.VL53L0X_get_total_signal_rate  vl53l0x_api_core.o
    0x08002634   0x08002634   0x0000002e   Code   RO         1201    i.VL53L0X_get_total_xtalk_rate  vl53l0x_api_core.o
    0x08002662   0x08002662   0x00000032   Code   RO         1202    i.VL53L0X_get_vcsel_pulse_period  vl53l0x_api_core.o
    0x08002694   0x08002694   0x00000044   Code   RO         1420    i.VL53L0X_i2c_init  vl53l0x_i2c.o
    0x080026d8   0x080026d8   0x0000002a   Code   RO         1203    i.VL53L0X_isqrt     vl53l0x_api_core.o
    0x08002702   0x08002702   0x00000096   Code   RO         1204    i.VL53L0X_load_tuning_settings  vl53l0x_api_core.o
    0x08002798   0x08002798   0x00000036   Code   RO         1205    i.VL53L0X_measurement_poll_for_completion  vl53l0x_api_core.o
    0x080027ce   0x080027ce   0x00000070   Code   RO         1039    i.VL53L0X_perform_phase_calibration  vl53l0x_api_calibration.o
    0x0800283e   0x0800283e   0x00000040   Code   RO         1040    i.VL53L0X_perform_ref_calibration  vl53l0x_api_calibration.o
    0x0800287e   0x0800287e   0x0000024e   Code   RO         1041    i.VL53L0X_perform_ref_spad_management  vl53l0x_api_calibration.o
    0x08002acc   0x08002acc   0x00000038   Code   RO         1042    i.VL53L0X_perform_single_ref_calibration  vl53l0x_api_calibration.o
    0x08002b04   0x08002b04   0x00000074   Code   RO         1043    i.VL53L0X_perform_vhv_calibration  vl53l0x_api_calibration.o
    0x08002b78   0x08002b78   0x0000000a   Code   RO         1421    i.VL53L0X_read_byte  vl53l0x_i2c.o
    0x08002b82   0x08002b82   0x00000026   Code   RO         1422    i.VL53L0X_read_dword  vl53l0x_i2c.o
    0x08002ba8   0x08002ba8   0x00000018   Code   RO         1423    i.VL53L0X_read_multi  vl53l0x_i2c.o
    0x08002bc0   0x08002bc0   0x0000001a   Code   RO         1424    i.VL53L0X_read_word  vl53l0x_i2c.o
    0x08002bda   0x08002bda   0x000000b2   Code   RO         1045    i.VL53L0X_ref_calibration_io  vl53l0x_api_calibration.o
    0x08002c8c   0x08002c8c   0x000000ec   Code   RO         1208    i.VL53L0X_set_measurement_timing_budget_micro_seconds  vl53l0x_api_core.o
    0x08002d78   0x08002d78   0x0000004c   Code   RO         1046    i.VL53L0X_set_offset_calibration_data_micro_meter  vl53l0x_api_calibration.o
    0x08002dc4   0x08002dc4   0x00000020   Code   RO         1047    i.VL53L0X_set_ref_calibration  vl53l0x_api_calibration.o
    0x08002de4   0x08002de4   0x000000b4   Code   RO         1048    i.VL53L0X_set_reference_spads  vl53l0x_api_calibration.o
    0x08002e98   0x08002e98   0x00000288   Code   RO         1209    i.VL53L0X_set_vcsel_pulse_period  vl53l0x_api_core.o
    0x08003120   0x08003120   0x0000000c   Code   RO         1425    i.VL53L0X_write_byte  vl53l0x_i2c.o
    0x0800312c   0x0800312c   0x00000018   Code   RO         1427    i.VL53L0X_write_multi  vl53l0x_i2c.o
    0x08003144   0x08003144   0x00000032   Code   RO         1428    i.VL53L0X_write_word  vl53l0x_i2c.o
    0x08003176   0x08003176   0x00000002   PAD
    0x08003178   0x08003178   0x00000048   Code   RO          308    i.VL53L0x_RESET     vl53l0x.o
    0x080031c0   0x080031c0   0x00000130   Code   RO          382    i.VL53L0x_SetMode   vl53l0x_gen.o
    0x080032f0   0x080032f0   0x0000002c   Code   RO          383    i.VL53L0x_StartOneTimesSample  vl53l0x_gen.o
    0x0800331c   0x0800331c   0x0000003c   Code   RO         1429    i.VL_IIC_Ack        vl53l0x_i2c.o
    0x08003358   0x08003358   0x0000003c   Code   RO         1430    i.VL_IIC_NAck       vl53l0x_i2c.o
    0x08003394   0x08003394   0x0000005c   Code   RO         1432    i.VL_IIC_Read_Byte  vl53l0x_i2c.o
    0x080033f0   0x080033f0   0x00000062   Code   RO         1433    i.VL_IIC_Read_nByte  vl53l0x_i2c.o
    0x08003452   0x08003452   0x00000002   PAD
    0x08003454   0x08003454   0x00000060   Code   RO         1434    i.VL_IIC_Send_Byte  vl53l0x_i2c.o
    0x080034b4   0x080034b4   0x00000044   Code   RO         1435    i.VL_IIC_Start      vl53l0x_i2c.o
    0x080034f8   0x080034f8   0x00000040   Code   RO         1436    i.VL_IIC_Stop       vl53l0x_i2c.o
    0x08003538   0x08003538   0x0000005c   Code   RO         1437    i.VL_IIC_Wait_Ack   vl53l0x_i2c.o
    0x08003594   0x08003594   0x00000046   Code   RO         1439    i.VL_IIC_Write_nByte  vl53l0x_i2c.o
    0x080035da   0x080035da   0x0000001a   Code   RO         1011    i.__ARM_common_switch8  vl53l0x_api.o
    0x080035f4   0x080035f4   0x00000044   Code   RO          213    i.__NVIC_SetPriority  board_init.o
    0x08003638   0x08003638   0x0000008e   Code   RO         1050    i.enable_ref_spads  vl53l0x_api_calibration.o
    0x080036c6   0x080036c6   0x0000002a   Code   RO         1051    i.enable_spad_bit   vl53l0x_api_calibration.o
    0x080036f0   0x080036f0   0x00000058   Code   RO         1052    i.get_next_good_spad  vl53l0x_api_calibration.o
    0x08003748   0x08003748   0x0000000e   Code   RO         1053    i.get_ref_spad_map  vl53l0x_api_calibration.o
    0x08003756   0x08003756   0x000000ec   Code   RO         1210    i.get_sequence_step_timeout  vl53l0x_api_core.o
    0x08003842   0x08003842   0x00000002   PAD
    0x08003844   0x08003844   0x00000018   Code   RO         1054    i.is_aperture       vl53l0x_api_calibration.o
    0x0800385c   0x0800385c   0x00000104   Code   RO            4    i.main              main.o
    0x08003960   0x08003960   0x00000066   Code   RO         1055    i.perform_ref_signal_measurement  vl53l0x_api_calibration.o
    0x080039c6   0x080039c6   0x00000002   PAD
    0x080039c8   0x080039c8   0x00000080   Code   RO          384    i.readVL5Ll0x_PollingtMode  vl53l0x_gen.o
    0x08003a48   0x08003a48   0x00000034   Code   RO          513    i.sequence_step_enabled  vl53l0x_api.o
    0x08003a7c   0x08003a7c   0x0000000e   Code   RO         1056    i.set_ref_spad_map  vl53l0x_api_calibration.o
    0x08003a8a   0x08003a8a   0x0000010c   Code   RO         1211    i.set_sequence_step_timeout  vl53l0x_api_core.o
    0x08003b96   0x08003b96   0x00000002   PAD
    0x08003b98   0x08003b98   0x000000b0   Code   RO         1712    x$fpl$fmul          fz_ps.l(fmul.o)
    0x08003c48   0x08003c48   0x00000000   Code   RO         1719    x$fpl$usenofp       fz_ps.l(usenofp.o)
    0x08003c48   0x08003c48   0x00000020   Data   RO         1880    Region$$Table       anon$$obj.o


    Execution Region RW_IRAM1 (Exec base: 0x20000000, Load base: 0x08003c68, Size: 0x00000ba8, Max: 0x00002000, ABSOLUTE, COMPRESSED[0x000002b4])

    Exec Addr    Load Addr    Size         Type   Attr      Idx    E Section Name        Object

    0x20000000   COMPRESSED   0x0000000b   Data   RW            6    .data               main.o
    0x2000000b   COMPRESSED   0x00000001   PAD
    0x2000000c   COMPRESSED   0x00000008   Data   RW          214    .data               board_init.o
    0x20000014   COMPRESSED   0x00000001   Data   RW          310    .data               vl53l0x.o
    0x20000015   COMPRESSED   0x00000003   PAD
    0x20000018   COMPRESSED   0x00000040   Data   RW          311    .data               vl53l0x.o
    0x20000058   COMPRESSED   0x000002a9   Data   RW          514    .data               vl53l0x_api.o
    0x20000301   COMPRESSED   0x00000003   PAD
    0x20000304   COMPRESSED   0x00000010   Data   RW         1057    .data               vl53l0x_api_calibration.o
    0x20000314        -       0x0000017c   Zero   RW            5    .bss                main.o
    0x20000490        -       0x00000063   Zero   RW          309    .bss                vl53l0x.o
    0x200004f3   COMPRESSED   0x00000001   PAD
    0x200004f4        -       0x00000030   Zero   RW          348    .bss                vl53l0x_cali.o
    0x20000524        -       0x00000020   Zero   RW          385    .bss                vl53l0x_gen.o
    0x20000544        -       0x00000060   Zero   RW         1753    .bss                c_p.l(libspace.o)
    0x200005a4   COMPRESSED   0x00000004   PAD
    0x200005a8        -       0x00000200   Zero   RW         1648    HEAP                startup_stm32l051xx.o
    0x200007a8        -       0x00000400   Zero   RW         1647    STACK               startup_stm32l051xx.o


==============================================================================

Image component sizes


      Code (inc. data)   RO Data    RW Data    ZI Data      Debug   Object Name

       144         12          0          0          0       1483   board_gpio.o
       906        118          0          8          0      17264   board_init.o
       260         40          0         11        380     225609   main.o
        56         26        192          0       1536        636   startup_stm32l051xx.o
         8          0          0          0          0       1573   stm32l0xx_it.o
        84         18          0          0          0        465   system_stm32l0xx.o
       372         30          0         65         99       3421   vl53l0x.o
      3310         82          0        681          0      34756   vl53l0x_api.o
      1890         18          0         16          0      17995   vl53l0x_api_calibration.o
      4808         68          0          0          0      28439   vl53l0x_api_core.o
       404        190          0          0          0       3162   vl53l0x_api_strings.o
         0          0          0          0         48        806   vl53l0x_cali.o
       476         18          0          0         32       3299   vl53l0x_gen.o
       966         44          0          0          0      11494   vl53l0x_i2c.o
       284          0          0          0          0      16679   vl53l0x_platform.o

    ----------------------------------------------------------------------
     13992        664        224        788       2096     367081   Object Totals
         0          0         32          0          0          0   (incl. Generated)
        24          0          0          7          1          0   (incl. Padding)

    ----------------------------------------------------------------------

      Code (inc. data)   RO Data    RW Data    ZI Data      Debug   Library Member Name

        96          0          0          0          0          0   __dclz77c.o
         8          0          0          0          0         68   __main.o
         0          0          0          0          0          0   __rtentry.o
        12          0          0          0          0          0   __rtentry2.o
         6          0          0          0          0          0   __rtentry4.o
        60          8          0          0          0          0   __scatter.o
        28          0          0          0          0          0   __scatter_zi.o
       346          0          0          0          0         92   aeabi_sdiv.o
        16          0          0          0          0         68   exit.o
         6          0          0          0          0        136   heapauxi.o
         0          0          0          0          0          0   indicate_semi.o
         2          0          0          0          0          0   libinit.o
         2          0          0          0          0          0   libinit2.o
         2          0          0          0          0          0   libshutdown.o
         2          0          0          0          0          0   libshutdown2.o
         8          4          0          0         96         68   libspace.o
        48          0          0          0          0         72   llmul.o
        64          0          0          0          0        108   rt_memclr.o
        56          0          0          0          0         68   rt_memcpy.o
         2          0          0          0          0          0   rtexit.o
        10          0          0          0          0          0   rtexit2.o
        76          6          0          0          0         72   strcpy.o
        12          4          0          0          0         60   sys_exit.o
        62          0          0          0          0         80   sys_stackheap_outer.o
         2          0          0          0          0         68   use_no_semi.o
        48          0          0          0          0         60   ffixui.o
        94          0          0          0          0         92   fflti.o
       176          4          0          0          0         80   fmul.o
         0          0          0          0          0          0   usenofp.o

    ----------------------------------------------------------------------
      1248         26          0          0        100       1192   Library Totals
         4          0          0          0          4          0   (incl. Padding)

    ----------------------------------------------------------------------

      Code (inc. data)   RO Data    RW Data    ZI Data      Debug   Library Name

       926         22          0          0         96        960   c_p.l
       318          4          0          0          0        232   fz_ps.l

    ----------------------------------------------------------------------
      1248         26          0          0        100       1192   Library Totals

    ----------------------------------------------------------------------

==============================================================================


      Code (inc. data)   RO Data    RW Data    ZI Data      Debug   

     15240        690        224        788       2196     361957   Grand Totals
     15240        690        224        692       2196     361957   ELF Image Totals (compressed)
     15240        690        224        692          0          0   ROM Totals

==============================================================================

    Total RO  Size (Code + RO Data)                15464 (  15.10kB)
    Total RW  Size (RW Data + ZI Data)              2984 (   2.91kB)
    Total ROM Size (Code + RO Data + RW Data)      16156 (  15.78kB)

==============================================================================

