<html>
<body>
<pre>
<h1>µVision Build Log</h1>
<h2>Tool Versions:</h2>
IDE-Version: ¦ÌVision V5.33.0.0
Copyright (C) 2020 ARM Ltd and ARM Germany GmbH. All rights reserved.
License Information: ZhaoSir ZhaoSir, ZhaoSir, LIC=21E4T-R7UR0-MM09I-TV92G-06QJ5-QDQTK
 
Tool Versions:
Toolchain:       MDK-ARM Plus  Version: 5.33.0.0
Toolchain Path:  C:\Keil_v5\ARM\ARMCC\Bin
C Compiler:      Armcc.exe V5.06 update 7 (build 960)
Assembler:       Armasm.exe V5.06 update 7 (build 960)
Linker/Locator:  ArmLink.exe V5.06 update 7 (build 960)
Library Manager: ArmAr.exe V5.06 update 7 (build 960)
Hex Converter:   FromElf.exe V5.06 update 7 (build 960)
CPU DLL:         SARMCM3.DLL V5.33.0.0
Dialog DLL:      DARMCM1.DLL V1.19.4.0
Target DLL:      STLink\ST-LINKIII-KEIL_SWO.dll V3.0.8.0
Dialog DLL:      TARMCM1.DLL V1.14.3.0
 
<h2>Project:</h2>
D:\MyCode\MDK\STM32L051_VL53L0X_Sample_V2\Projects\STM32L051_VL53L0X_Sample_V2.uvprojx
Project File Date:  12/05/2020

<h2>Output:</h2>
*** Using Compiler 'V5.06 update 7 (build 960)', folder: 'C:\Keil_v5\ARM\ARMCC\Bin'
Build target 'VL53L0x_Sample'
compiling Board_GPIO.c...
..\Driver\Board_GPIO.c(211): warning:  #61-D: integer operation result is out of range
  	GPIOA->MODER &= ~(0X3 << 30);                                               // 
..\Driver\Board_GPIO.c: 1 warning, 0 errors
linking...
Program Size: Code=7588 RO-data=224 RW-data=24 ZI-data=2360  
".\Objects\STM32L051_VL53L0X_Sample_V2.axf" - 0 Error(s), 1 Warning(s).

<h2>Software Packages used:</h2>

Package Vendor: ARM
                http://www.keil.com/pack/ARM.CMSIS.5.7.0.pack
                ARM.CMSIS.5.7.0
                CMSIS (Cortex Microcontroller Software Interface Standard)
   * Component: CORE Version: 5.4.0

Package Vendor: Keil
                http://www.keil.com/pack/Keil.STM32L0xx_DFP.2.1.0.pack
                Keil.STM32L0xx_DFP.2.1.0
                STMicroelectronics STM32L0 Series Device Support, Drivers and Examples
   * Component: Startup Version: 1.0.0

<h2>Collection of Component include folders:</h2>
  .\RTE\_VL53L0x_Sample
  C:\Users\ZhaoSir\AppData\Local\Arm\Packs\ARM\CMSIS\5.7.0\CMSIS\Core\Include
  C:\Users\ZhaoSir\AppData\Local\Arm\Packs\Keil\STM32L0xx_DFP\2.1.0\Drivers\CMSIS\Device\ST\STM32L0xx\Include

<h2>Collection of Component Files used:</h2>

   * Component: ARM::CMSIS:CORE:5.4.0

   * Component: Keil.Standalone::Device:Startup:1.0.0
      Source file:   Drivers\CMSIS\Device\ST\STM32L0xx\Source\Templates\arm\startup_stm32l051xx.s
      Source file:   MDK\Device\Source\ARM\STM32L0xx_OPT.s
      Include file:  Drivers\CMSIS\Device\ST\STM32L0xx\Include\stm32l0xx.h
      Source file:   Drivers\CMSIS\Device\ST\STM32L0xx\Source\Templates\system_stm32l0xx.c
Build Time Elapsed:  00:00:00
</pre>
</body>
</html>
