<!doctype html public "-//w3c//dtd html 4.0 transitional//en">
<html><head>
<title>Static Call Graph - [.\Objects\STM32L051_VL53L0X_Sample_V2.axf]</title></head>
<body><HR>
<H1>Static Call Graph for image .\Objects\STM32L051_VL53L0X_Sample_V2.axf</H1><HR>
<BR><P>#&#060CALLGRAPH&#062# ARM Linker, 5060750: Last Updated: Thu Nov 26 22:16:49 2020
<BR><P>
<H3>Maximum Stack Usage =        944 bytes + Unknown(Functions without stacksize, Cycles, Untraceable Function Pointers)</H3><H3>
Call chain for Maximum Stack Depth:</H3>
__rt_entry_main &rArr; main &rArr; readVL5Ll0x_PollingtMode &rArr; VL53L0x_SetMode &rArr; VL53L0X_StaticInit &rArr; VL53L0X_perform_ref_spad_management &rArr; perform_ref_signal_measurement &rArr; VL53L0X_PerformSingleRangingMeasurement &rArr; VL53L0X_GetRangingMeasurementData &rArr; VL53L0X_get_pal_range_status &rArr; VL53L0X_calc_sigma_estimate &rArr; VL53L0X_calc_dmax
<P>
<H3>
Functions with no stack information
</H3><UL>
 <LI><a href="#[3c]">__user_initial_stackheap</a>
</UL>
</UL>
<P>
<H3>
Mutually Recursive functions
</H3> <LI><a href="#[16]">ADC1_COMP_IRQHandler</a>&nbsp;&nbsp;&nbsp;&rArr;&nbsp;&nbsp;&nbsp;<a href="#[16]">ADC1_COMP_IRQHandler</a><BR>
</UL>
<P>
<H3>
Function Pointers
</H3><UL>
 <LI><a href="#[16]">ADC1_COMP_IRQHandler</a> from startup_stm32l051xx.o(.text) referenced from startup_stm32l051xx.o(RESET)
 <LI><a href="#[13]">DMA1_Channel1_IRQHandler</a> from startup_stm32l051xx.o(.text) referenced from startup_stm32l051xx.o(RESET)
 <LI><a href="#[14]">DMA1_Channel2_3_IRQHandler</a> from startup_stm32l051xx.o(.text) referenced from startup_stm32l051xx.o(RESET)
 <LI><a href="#[15]">DMA1_Channel4_5_6_7_IRQHandler</a> from startup_stm32l051xx.o(.text) referenced from startup_stm32l051xx.o(RESET)
 <LI><a href="#[10]">EXTI0_1_IRQHandler</a> from startup_stm32l051xx.o(.text) referenced from startup_stm32l051xx.o(RESET)
 <LI><a href="#[11]">EXTI2_3_IRQHandler</a> from startup_stm32l051xx.o(.text) referenced from startup_stm32l051xx.o(RESET)
 <LI><a href="#[12]">EXTI4_15_IRQHandler</a> from startup_stm32l051xx.o(.text) referenced from startup_stm32l051xx.o(RESET)
 <LI><a href="#[e]">FLASH_IRQHandler</a> from startup_stm32l051xx.o(.text) referenced from startup_stm32l051xx.o(RESET)
 <LI><a href="#[7]">HardFault_Handler</a> from stm32l0xx_it.o(i.HardFault_Handler) referenced from startup_stm32l051xx.o(RESET)
 <LI><a href="#[1c]">I2C1_IRQHandler</a> from startup_stm32l051xx.o(.text) referenced from startup_stm32l051xx.o(RESET)
 <LI><a href="#[1d]">I2C2_IRQHandler</a> from startup_stm32l051xx.o(.text) referenced from startup_stm32l051xx.o(RESET)
 <LI><a href="#[17]">LPTIM1_IRQHandler</a> from startup_stm32l051xx.o(.text) referenced from startup_stm32l051xx.o(RESET)
 <LI><a href="#[22]">LPUART1_IRQHandler</a> from startup_stm32l051xx.o(.text) referenced from startup_stm32l051xx.o(RESET)
 <LI><a href="#[6]">NMI_Handler</a> from stm32l0xx_it.o(i.NMI_Handler) referenced from startup_stm32l051xx.o(RESET)
 <LI><a href="#[c]">PVD_IRQHandler</a> from startup_stm32l051xx.o(.text) referenced from startup_stm32l051xx.o(RESET)
 <LI><a href="#[9]">PendSV_Handler</a> from stm32l0xx_it.o(i.PendSV_Handler) referenced from startup_stm32l051xx.o(RESET)
 <LI><a href="#[f]">RCC_IRQHandler</a> from startup_stm32l051xx.o(.text) referenced from startup_stm32l051xx.o(RESET)
 <LI><a href="#[d]">RTC_IRQHandler</a> from board_init.o(i.RTC_IRQHandler) referenced from startup_stm32l051xx.o(RESET)
 <LI><a href="#[5]">Reset_Handler</a> from startup_stm32l051xx.o(.text) referenced from startup_stm32l051xx.o(RESET)
 <LI><a href="#[1e]">SPI1_IRQHandler</a> from startup_stm32l051xx.o(.text) referenced from startup_stm32l051xx.o(RESET)
 <LI><a href="#[1f]">SPI2_IRQHandler</a> from startup_stm32l051xx.o(.text) referenced from startup_stm32l051xx.o(RESET)
 <LI><a href="#[8]">SVC_Handler</a> from stm32l0xx_it.o(i.SVC_Handler) referenced from startup_stm32l051xx.o(RESET)
 <LI><a href="#[a]">SysTick_Handler</a> from board_init.o(i.SysTick_Handler) referenced from startup_stm32l051xx.o(RESET)
 <LI><a href="#[23]">SystemInit</a> from system_stm32l0xx.o(i.SystemInit) referenced from startup_stm32l051xx.o(.text)
 <LI><a href="#[1a]">TIM21_IRQHandler</a> from startup_stm32l051xx.o(.text) referenced from startup_stm32l051xx.o(RESET)
 <LI><a href="#[1b]">TIM22_IRQHandler</a> from startup_stm32l051xx.o(.text) referenced from startup_stm32l051xx.o(RESET)
 <LI><a href="#[18]">TIM2_IRQHandler</a> from startup_stm32l051xx.o(.text) referenced from startup_stm32l051xx.o(RESET)
 <LI><a href="#[19]">TIM6_IRQHandler</a> from startup_stm32l051xx.o(.text) referenced from startup_stm32l051xx.o(RESET)
 <LI><a href="#[20]">USART1_IRQHandler</a> from startup_stm32l051xx.o(.text) referenced from startup_stm32l051xx.o(RESET)
 <LI><a href="#[21]">USART2_IRQHandler</a> from board_init.o(i.USART2_IRQHandler) referenced from startup_stm32l051xx.o(RESET)
 <LI><a href="#[b]">WWDG_IRQHandler</a> from startup_stm32l051xx.o(.text) referenced from startup_stm32l051xx.o(RESET)
 <LI><a href="#[25]">__main</a> from __main.o(!!!main) referenced from startup_stm32l051xx.o(.text)
</UL>
<P>
<H3>
Global Symbols
</H3>
<P><STRONG><a name="[25]"></a>__main</STRONG> (Thumb, 8 bytes, Stack size 0 bytes, __main.o(!!!main))
<BR><BR>[Calls]<UL><LI><a href="#[26]">&gt;&gt;</a>&nbsp;&nbsp;&nbsp;__scatterload
<LI><a href="#[27]">&gt;&gt;</a>&nbsp;&nbsp;&nbsp;__rt_entry
</UL>

<P><STRONG><a name="[26]"></a>__scatterload</STRONG> (Thumb, 0 bytes, Stack size unknown bytes, __scatter.o(!!!scatter))
<BR><BR>[Called By]<UL><LI><a href="#[25]">&gt;&gt;</a>&nbsp;&nbsp;&nbsp;__main
</UL>

<P><STRONG><a name="[28]"></a>__scatterload_rt2</STRONG> (Thumb, 52 bytes, Stack size unknown bytes, __scatter.o(!!!scatter), UNUSED)
<BR><BR>[Calls]<UL><LI><a href="#[27]">&gt;&gt;</a>&nbsp;&nbsp;&nbsp;__rt_entry
</UL>

<P><STRONG><a name="[cb]"></a>__scatterload_rt2_thumb_only</STRONG> (Thumb, 0 bytes, Stack size unknown bytes, __scatter.o(!!!scatter), UNUSED)

<P><STRONG><a name="[cc]"></a>__scatterload_null</STRONG> (Thumb, 0 bytes, Stack size unknown bytes, __scatter.o(!!!scatter), UNUSED)

<P><STRONG><a name="[cd]"></a>__scatterload_zeroinit</STRONG> (Thumb, 28 bytes, Stack size unknown bytes, __scatter_zi.o(!!handler_zi), UNUSED)

<P><STRONG><a name="[2c]"></a>__rt_lib_init</STRONG> (Thumb, 0 bytes, Stack size unknown bytes, libinit.o(.ARM.Collect$$libinit$$00000000))
<BR><BR>[Called By]<UL><LI><a href="#[2b]">&gt;&gt;</a>&nbsp;&nbsp;&nbsp;__rt_entry_li
</UL>

<P><STRONG><a name="[ce]"></a>__rt_lib_init_alloca_1</STRONG> (Thumb, 0 bytes, Stack size unknown bytes, libinit2.o(.ARM.Collect$$libinit$$0000002E))

<P><STRONG><a name="[cf]"></a>__rt_lib_init_argv_1</STRONG> (Thumb, 0 bytes, Stack size unknown bytes, libinit2.o(.ARM.Collect$$libinit$$0000002C))

<P><STRONG><a name="[d0]"></a>__rt_lib_init_atexit_1</STRONG> (Thumb, 0 bytes, Stack size unknown bytes, libinit2.o(.ARM.Collect$$libinit$$0000001B))

<P><STRONG><a name="[d1]"></a>__rt_lib_init_clock_1</STRONG> (Thumb, 0 bytes, Stack size unknown bytes, libinit2.o(.ARM.Collect$$libinit$$00000021))

<P><STRONG><a name="[d2]"></a>__rt_lib_init_cpp_1</STRONG> (Thumb, 0 bytes, Stack size unknown bytes, libinit2.o(.ARM.Collect$$libinit$$00000032))

<P><STRONG><a name="[d3]"></a>__rt_lib_init_exceptions_1</STRONG> (Thumb, 0 bytes, Stack size unknown bytes, libinit2.o(.ARM.Collect$$libinit$$00000030))

<P><STRONG><a name="[d4]"></a>__rt_lib_init_fp_1</STRONG> (Thumb, 0 bytes, Stack size unknown bytes, libinit2.o(.ARM.Collect$$libinit$$00000002))

<P><STRONG><a name="[d5]"></a>__rt_lib_init_fp_trap_1</STRONG> (Thumb, 0 bytes, Stack size unknown bytes, libinit2.o(.ARM.Collect$$libinit$$0000001F))

<P><STRONG><a name="[d6]"></a>__rt_lib_init_getenv_1</STRONG> (Thumb, 0 bytes, Stack size unknown bytes, libinit2.o(.ARM.Collect$$libinit$$00000023))

<P><STRONG><a name="[d7]"></a>__rt_lib_init_heap_1</STRONG> (Thumb, 0 bytes, Stack size unknown bytes, libinit2.o(.ARM.Collect$$libinit$$0000000A))

<P><STRONG><a name="[d8]"></a>__rt_lib_init_lc_collate_1</STRONG> (Thumb, 0 bytes, Stack size unknown bytes, libinit2.o(.ARM.Collect$$libinit$$00000011))

<P><STRONG><a name="[d9]"></a>__rt_lib_init_lc_ctype_1</STRONG> (Thumb, 0 bytes, Stack size unknown bytes, libinit2.o(.ARM.Collect$$libinit$$00000013))

<P><STRONG><a name="[da]"></a>__rt_lib_init_lc_monetary_1</STRONG> (Thumb, 0 bytes, Stack size unknown bytes, libinit2.o(.ARM.Collect$$libinit$$00000015))

<P><STRONG><a name="[db]"></a>__rt_lib_init_lc_numeric_1</STRONG> (Thumb, 0 bytes, Stack size unknown bytes, libinit2.o(.ARM.Collect$$libinit$$00000017))

<P><STRONG><a name="[dc]"></a>__rt_lib_init_lc_time_1</STRONG> (Thumb, 0 bytes, Stack size unknown bytes, libinit2.o(.ARM.Collect$$libinit$$00000019))

<P><STRONG><a name="[dd]"></a>__rt_lib_init_preinit_1</STRONG> (Thumb, 0 bytes, Stack size unknown bytes, libinit2.o(.ARM.Collect$$libinit$$00000004))

<P><STRONG><a name="[de]"></a>__rt_lib_init_rand_1</STRONG> (Thumb, 0 bytes, Stack size unknown bytes, libinit2.o(.ARM.Collect$$libinit$$0000000E))

<P><STRONG><a name="[df]"></a>__rt_lib_init_return</STRONG> (Thumb, 0 bytes, Stack size unknown bytes, libinit2.o(.ARM.Collect$$libinit$$00000033))

<P><STRONG><a name="[e0]"></a>__rt_lib_init_signal_1</STRONG> (Thumb, 0 bytes, Stack size unknown bytes, libinit2.o(.ARM.Collect$$libinit$$0000001D))

<P><STRONG><a name="[e1]"></a>__rt_lib_init_stdio_1</STRONG> (Thumb, 0 bytes, Stack size unknown bytes, libinit2.o(.ARM.Collect$$libinit$$00000025))

<P><STRONG><a name="[e2]"></a>__rt_lib_init_user_alloc_1</STRONG> (Thumb, 0 bytes, Stack size unknown bytes, libinit2.o(.ARM.Collect$$libinit$$0000000C))

<P><STRONG><a name="[31]"></a>__rt_lib_shutdown</STRONG> (Thumb, 0 bytes, Stack size unknown bytes, libshutdown.o(.ARM.Collect$$libshutdown$$00000000))
<BR><BR>[Called By]<UL><LI><a href="#[30]">&gt;&gt;</a>&nbsp;&nbsp;&nbsp;__rt_exit_ls
</UL>

<P><STRONG><a name="[e3]"></a>__rt_lib_shutdown_cpp_1</STRONG> (Thumb, 0 bytes, Stack size unknown bytes, libshutdown2.o(.ARM.Collect$$libshutdown$$00000002))

<P><STRONG><a name="[e4]"></a>__rt_lib_shutdown_fp_trap_1</STRONG> (Thumb, 0 bytes, Stack size unknown bytes, libshutdown2.o(.ARM.Collect$$libshutdown$$00000007))

<P><STRONG><a name="[e5]"></a>__rt_lib_shutdown_heap_1</STRONG> (Thumb, 0 bytes, Stack size unknown bytes, libshutdown2.o(.ARM.Collect$$libshutdown$$0000000F))

<P><STRONG><a name="[e6]"></a>__rt_lib_shutdown_return</STRONG> (Thumb, 0 bytes, Stack size unknown bytes, libshutdown2.o(.ARM.Collect$$libshutdown$$00000010))

<P><STRONG><a name="[e7]"></a>__rt_lib_shutdown_signal_1</STRONG> (Thumb, 0 bytes, Stack size unknown bytes, libshutdown2.o(.ARM.Collect$$libshutdown$$0000000A))

<P><STRONG><a name="[e8]"></a>__rt_lib_shutdown_stdio_1</STRONG> (Thumb, 0 bytes, Stack size unknown bytes, libshutdown2.o(.ARM.Collect$$libshutdown$$00000004))

<P><STRONG><a name="[e9]"></a>__rt_lib_shutdown_user_alloc_1</STRONG> (Thumb, 0 bytes, Stack size unknown bytes, libshutdown2.o(.ARM.Collect$$libshutdown$$0000000C))

<P><STRONG><a name="[27]"></a>__rt_entry</STRONG> (Thumb, 0 bytes, Stack size unknown bytes, __rtentry.o(.ARM.Collect$$rtentry$$00000000))
<BR><BR>[Called By]<UL><LI><a href="#[28]">&gt;&gt;</a>&nbsp;&nbsp;&nbsp;__scatterload_rt2
<LI><a href="#[25]">&gt;&gt;</a>&nbsp;&nbsp;&nbsp;__main
</UL>

<P><STRONG><a name="[ea]"></a>__rt_entry_presh_1</STRONG> (Thumb, 0 bytes, Stack size unknown bytes, __rtentry2.o(.ARM.Collect$$rtentry$$00000002))

<P><STRONG><a name="[29]"></a>__rt_entry_sh</STRONG> (Thumb, 0 bytes, Stack size unknown bytes, __rtentry4.o(.ARM.Collect$$rtentry$$00000004))
<BR><BR>[Stack]<UL><LI>Max Depth = 8 + Unknown Stack Size
<LI>Call Chain = __rt_entry_sh &rArr; __user_setup_stackheap
</UL>
<BR>[Calls]<UL><LI><a href="#[2a]">&gt;&gt;</a>&nbsp;&nbsp;&nbsp;__user_setup_stackheap
</UL>

<P><STRONG><a name="[2b]"></a>__rt_entry_li</STRONG> (Thumb, 0 bytes, Stack size unknown bytes, __rtentry2.o(.ARM.Collect$$rtentry$$0000000A))
<BR><BR>[Calls]<UL><LI><a href="#[2c]">&gt;&gt;</a>&nbsp;&nbsp;&nbsp;__rt_lib_init
</UL>

<P><STRONG><a name="[eb]"></a>__rt_entry_postsh_1</STRONG> (Thumb, 0 bytes, Stack size unknown bytes, __rtentry2.o(.ARM.Collect$$rtentry$$00000009))

<P><STRONG><a name="[2d]"></a>__rt_entry_main</STRONG> (Thumb, 0 bytes, Stack size unknown bytes, __rtentry2.o(.ARM.Collect$$rtentry$$0000000D))
<BR><BR>[Stack]<UL><LI>Max Depth = 944 + Unknown Stack Size
<LI>Call Chain = __rt_entry_main &rArr; main &rArr; readVL5Ll0x_PollingtMode &rArr; VL53L0x_SetMode &rArr; VL53L0X_StaticInit &rArr; VL53L0X_perform_ref_spad_management &rArr; perform_ref_signal_measurement &rArr; VL53L0X_PerformSingleRangingMeasurement &rArr; VL53L0X_GetRangingMeasurementData &rArr; VL53L0X_get_pal_range_status &rArr; VL53L0X_calc_sigma_estimate &rArr; VL53L0X_calc_dmax
</UL>
<BR>[Calls]<UL><LI><a href="#[2e]">&gt;&gt;</a>&nbsp;&nbsp;&nbsp;main
<LI><a href="#[2f]">&gt;&gt;</a>&nbsp;&nbsp;&nbsp;exit
</UL>

<P><STRONG><a name="[ec]"></a>__rt_entry_postli_1</STRONG> (Thumb, 0 bytes, Stack size unknown bytes, __rtentry2.o(.ARM.Collect$$rtentry$$0000000C))

<P><STRONG><a name="[3e]"></a>__rt_exit</STRONG> (Thumb, 0 bytes, Stack size unknown bytes, rtexit.o(.ARM.Collect$$rtexit$$00000000))
<BR><BR>[Called By]<UL><LI><a href="#[2f]">&gt;&gt;</a>&nbsp;&nbsp;&nbsp;exit
</UL>

<P><STRONG><a name="[30]"></a>__rt_exit_ls</STRONG> (Thumb, 0 bytes, Stack size unknown bytes, rtexit2.o(.ARM.Collect$$rtexit$$00000003))
<BR><BR>[Calls]<UL><LI><a href="#[31]">&gt;&gt;</a>&nbsp;&nbsp;&nbsp;__rt_lib_shutdown
</UL>

<P><STRONG><a name="[ed]"></a>__rt_exit_prels_1</STRONG> (Thumb, 0 bytes, Stack size unknown bytes, rtexit2.o(.ARM.Collect$$rtexit$$00000002))

<P><STRONG><a name="[32]"></a>__rt_exit_exit</STRONG> (Thumb, 0 bytes, Stack size unknown bytes, rtexit2.o(.ARM.Collect$$rtexit$$00000004))
<BR><BR>[Calls]<UL><LI><a href="#[33]">&gt;&gt;</a>&nbsp;&nbsp;&nbsp;_sys_exit
</UL>

<P><STRONG><a name="[55]"></a>__aeabi_memcpy4</STRONG> (Thumb, 56 bytes, Stack size 0 bytes, rt_memcpy.o(.emb_text))
<BR><BR>[Called By]<UL><LI><a href="#[95]">&gt;&gt;</a>&nbsp;&nbsp;&nbsp;VL53L0X_StaticInit
<LI><a href="#[52]">&gt;&gt;</a>&nbsp;&nbsp;&nbsp;VL53L0X_DataInit
<LI><a href="#[7c]">&gt;&gt;</a>&nbsp;&nbsp;&nbsp;VL53L0X_perform_ref_spad_management
<LI><a href="#[6d]">&gt;&gt;</a>&nbsp;&nbsp;&nbsp;VL53L0X_GetRangingMeasurementData
</UL>

<P><STRONG><a name="[ee]"></a>__aeabi_memcpy8</STRONG> (Thumb, 0 bytes, Stack size 0 bytes, rt_memcpy.o(.emb_text), UNUSED)

<P><STRONG><a name="[5]"></a>Reset_Handler</STRONG> (Thumb, 8 bytes, Stack size 0 bytes, startup_stm32l051xx.o(.text))
<BR>[Address Reference Count : 1]<UL><LI> startup_stm32l051xx.o(RESET)
</UL>
<P><STRONG><a name="[16]"></a>ADC1_COMP_IRQHandler</STRONG> (Thumb, 0 bytes, Stack size 0 bytes, startup_stm32l051xx.o(.text))
<BR><BR>[Calls]<UL><LI><a href="#[16]">&gt;&gt;</a>&nbsp;&nbsp;&nbsp;ADC1_COMP_IRQHandler
</UL>
<BR>[Called By]<UL><LI><a href="#[16]">&gt;&gt;</a>&nbsp;&nbsp;&nbsp;ADC1_COMP_IRQHandler
</UL>
<BR>[Address Reference Count : 1]<UL><LI> startup_stm32l051xx.o(RESET)
</UL>
<P><STRONG><a name="[13]"></a>DMA1_Channel1_IRQHandler</STRONG> (Thumb, 0 bytes, Stack size 0 bytes, startup_stm32l051xx.o(.text))
<BR>[Address Reference Count : 1]<UL><LI> startup_stm32l051xx.o(RESET)
</UL>
<P><STRONG><a name="[14]"></a>DMA1_Channel2_3_IRQHandler</STRONG> (Thumb, 0 bytes, Stack size 0 bytes, startup_stm32l051xx.o(.text))
<BR>[Address Reference Count : 1]<UL><LI> startup_stm32l051xx.o(RESET)
</UL>
<P><STRONG><a name="[15]"></a>DMA1_Channel4_5_6_7_IRQHandler</STRONG> (Thumb, 0 bytes, Stack size 0 bytes, startup_stm32l051xx.o(.text))
<BR>[Address Reference Count : 1]<UL><LI> startup_stm32l051xx.o(RESET)
</UL>
<P><STRONG><a name="[10]"></a>EXTI0_1_IRQHandler</STRONG> (Thumb, 0 bytes, Stack size 0 bytes, startup_stm32l051xx.o(.text))
<BR>[Address Reference Count : 1]<UL><LI> startup_stm32l051xx.o(RESET)
</UL>
<P><STRONG><a name="[11]"></a>EXTI2_3_IRQHandler</STRONG> (Thumb, 0 bytes, Stack size 0 bytes, startup_stm32l051xx.o(.text))
<BR>[Address Reference Count : 1]<UL><LI> startup_stm32l051xx.o(RESET)
</UL>
<P><STRONG><a name="[12]"></a>EXTI4_15_IRQHandler</STRONG> (Thumb, 0 bytes, Stack size 0 bytes, startup_stm32l051xx.o(.text))
<BR>[Address Reference Count : 1]<UL><LI> startup_stm32l051xx.o(RESET)
</UL>
<P><STRONG><a name="[e]"></a>FLASH_IRQHandler</STRONG> (Thumb, 0 bytes, Stack size 0 bytes, startup_stm32l051xx.o(.text))
<BR>[Address Reference Count : 1]<UL><LI> startup_stm32l051xx.o(RESET)
</UL>
<P><STRONG><a name="[1c]"></a>I2C1_IRQHandler</STRONG> (Thumb, 0 bytes, Stack size 0 bytes, startup_stm32l051xx.o(.text))
<BR>[Address Reference Count : 1]<UL><LI> startup_stm32l051xx.o(RESET)
</UL>
<P><STRONG><a name="[1d]"></a>I2C2_IRQHandler</STRONG> (Thumb, 0 bytes, Stack size 0 bytes, startup_stm32l051xx.o(.text))
<BR>[Address Reference Count : 1]<UL><LI> startup_stm32l051xx.o(RESET)
</UL>
<P><STRONG><a name="[17]"></a>LPTIM1_IRQHandler</STRONG> (Thumb, 0 bytes, Stack size 0 bytes, startup_stm32l051xx.o(.text))
<BR>[Address Reference Count : 1]<UL><LI> startup_stm32l051xx.o(RESET)
</UL>
<P><STRONG><a name="[22]"></a>LPUART1_IRQHandler</STRONG> (Thumb, 0 bytes, Stack size 0 bytes, startup_stm32l051xx.o(.text))
<BR>[Address Reference Count : 1]<UL><LI> startup_stm32l051xx.o(RESET)
</UL>
<P><STRONG><a name="[c]"></a>PVD_IRQHandler</STRONG> (Thumb, 0 bytes, Stack size 0 bytes, startup_stm32l051xx.o(.text))
<BR>[Address Reference Count : 1]<UL><LI> startup_stm32l051xx.o(RESET)
</UL>
<P><STRONG><a name="[f]"></a>RCC_IRQHandler</STRONG> (Thumb, 0 bytes, Stack size 0 bytes, startup_stm32l051xx.o(.text))
<BR>[Address Reference Count : 1]<UL><LI> startup_stm32l051xx.o(RESET)
</UL>
<P><STRONG><a name="[1e]"></a>SPI1_IRQHandler</STRONG> (Thumb, 0 bytes, Stack size 0 bytes, startup_stm32l051xx.o(.text))
<BR>[Address Reference Count : 1]<UL><LI> startup_stm32l051xx.o(RESET)
</UL>
<P><STRONG><a name="[1f]"></a>SPI2_IRQHandler</STRONG> (Thumb, 0 bytes, Stack size 0 bytes, startup_stm32l051xx.o(.text))
<BR>[Address Reference Count : 1]<UL><LI> startup_stm32l051xx.o(RESET)
</UL>
<P><STRONG><a name="[1a]"></a>TIM21_IRQHandler</STRONG> (Thumb, 0 bytes, Stack size 0 bytes, startup_stm32l051xx.o(.text))
<BR>[Address Reference Count : 1]<UL><LI> startup_stm32l051xx.o(RESET)
</UL>
<P><STRONG><a name="[1b]"></a>TIM22_IRQHandler</STRONG> (Thumb, 0 bytes, Stack size 0 bytes, startup_stm32l051xx.o(.text))
<BR>[Address Reference Count : 1]<UL><LI> startup_stm32l051xx.o(RESET)
</UL>
<P><STRONG><a name="[18]"></a>TIM2_IRQHandler</STRONG> (Thumb, 0 bytes, Stack size 0 bytes, startup_stm32l051xx.o(.text))
<BR>[Address Reference Count : 1]<UL><LI> startup_stm32l051xx.o(RESET)
</UL>
<P><STRONG><a name="[19]"></a>TIM6_IRQHandler</STRONG> (Thumb, 0 bytes, Stack size 0 bytes, startup_stm32l051xx.o(.text))
<BR>[Address Reference Count : 1]<UL><LI> startup_stm32l051xx.o(RESET)
</UL>
<P><STRONG><a name="[20]"></a>USART1_IRQHandler</STRONG> (Thumb, 0 bytes, Stack size 0 bytes, startup_stm32l051xx.o(.text))
<BR>[Address Reference Count : 1]<UL><LI> startup_stm32l051xx.o(RESET)
</UL>
<P><STRONG><a name="[b]"></a>WWDG_IRQHandler</STRONG> (Thumb, 0 bytes, Stack size 0 bytes, startup_stm32l051xx.o(.text))
<BR>[Address Reference Count : 1]<UL><LI> startup_stm32l051xx.o(RESET)
</UL>
<P><STRONG><a name="[3c]"></a>__user_initial_stackheap</STRONG> (Thumb, 0 bytes, Stack size unknown bytes, startup_stm32l051xx.o(.text))
<BR><BR>[Called By]<UL><LI><a href="#[2a]">&gt;&gt;</a>&nbsp;&nbsp;&nbsp;__user_setup_stackheap
</UL>

<P><STRONG><a name="[a0]"></a>__aeabi_lmul</STRONG> (Thumb, 48 bytes, Stack size 12 bytes, llmul.o(.text))
<BR><BR>[Stack]<UL><LI>Max Depth = 12<LI>Call Chain = __aeabi_lmul
</UL>
<BR>[Called By]<UL><LI><a href="#[9f]">&gt;&gt;</a>&nbsp;&nbsp;&nbsp;VL53L0X_calc_macro_period_ps
</UL>

<P><STRONG><a name="[ef]"></a>_ll_mul</STRONG> (Thumb, 0 bytes, Stack size 12 bytes, llmul.o(.text), UNUSED)

<P><STRONG><a name="[a7]"></a>strcpy</STRONG> (Thumb, 70 bytes, Stack size 16 bytes, strcpy.o(.text))
<BR><BR>[Stack]<UL><LI>Max Depth = 16<LI>Call Chain = strcpy
</UL>
<BR>[Called By]<UL><LI><a href="#[a6]">&gt;&gt;</a>&nbsp;&nbsp;&nbsp;VL53L0X_check_part_used
<LI><a href="#[6c]">&gt;&gt;</a>&nbsp;&nbsp;&nbsp;VL53L0X_get_range_status_string
<LI><a href="#[97]">&gt;&gt;</a>&nbsp;&nbsp;&nbsp;VL53L0X_get_info_from_device
<LI><a href="#[59]">&gt;&gt;</a>&nbsp;&nbsp;&nbsp;VL53L0X_get_device_info
</UL>

<P><STRONG><a name="[35]"></a>_memset_w</STRONG> (Thumb, 26 bytes, Stack size 0 bytes, rt_memclr.o(.text))
<BR><BR>[Called By]<UL><LI><a href="#[37]">&gt;&gt;</a>&nbsp;&nbsp;&nbsp;__rt_memclr_w
<LI><a href="#[34]">&gt;&gt;</a>&nbsp;&nbsp;&nbsp;_memset
</UL>

<P><STRONG><a name="[34]"></a>_memset</STRONG> (Thumb, 30 bytes, Stack size 0 bytes, rt_memclr.o(.text))
<BR><BR>[Calls]<UL><LI><a href="#[35]">&gt;&gt;</a>&nbsp;&nbsp;&nbsp;_memset_w
</UL>
<BR>[Called By]<UL><LI><a href="#[36]">&gt;&gt;</a>&nbsp;&nbsp;&nbsp;__aeabi_memclr
</UL>

<P><STRONG><a name="[36]"></a>__aeabi_memclr</STRONG> (Thumb, 4 bytes, Stack size 0 bytes, rt_memclr.o(.text))
<BR><BR>[Calls]<UL><LI><a href="#[34]">&gt;&gt;</a>&nbsp;&nbsp;&nbsp;_memset
</UL>
<BR>[Called By]<UL><LI><a href="#[bc]">&gt;&gt;</a>&nbsp;&nbsp;&nbsp;VL53L0x_StartOneTimesSample
</UL>

<P><STRONG><a name="[f0]"></a>__rt_memclr</STRONG> (Thumb, 0 bytes, Stack size 0 bytes, rt_memclr.o(.text), UNUSED)

<P><STRONG><a name="[96]"></a>__aeabi_memclr4</STRONG> (Thumb, 0 bytes, Stack size 0 bytes, rt_memclr.o(.text))
<BR><BR>[Called By]<UL><LI><a href="#[95]">&gt;&gt;</a>&nbsp;&nbsp;&nbsp;VL53L0X_StaticInit
</UL>

<P><STRONG><a name="[f1]"></a>__aeabi_memclr8</STRONG> (Thumb, 0 bytes, Stack size 0 bytes, rt_memclr.o(.text), UNUSED)

<P><STRONG><a name="[37]"></a>__rt_memclr_w</STRONG> (Thumb, 4 bytes, Stack size 0 bytes, rt_memclr.o(.text), UNUSED)
<BR><BR>[Calls]<UL><LI><a href="#[35]">&gt;&gt;</a>&nbsp;&nbsp;&nbsp;_memset_w
</UL>

<P><STRONG><a name="[f2]"></a>__aeabi_uidiv</STRONG> (Thumb, 0 bytes, Stack size 0 bytes, aeabi_sdiv.o(.text), UNUSED)

<P><STRONG><a name="[65]"></a>__aeabi_uidivmod</STRONG> (Thumb, 20 bytes, Stack size 0 bytes, aeabi_sdiv.o(.text))
<BR><BR>[Called By]<UL><LI><a href="#[a5]">&gt;&gt;</a>&nbsp;&nbsp;&nbsp;VL53L0X_calc_timeout_us
<LI><a href="#[a4]">&gt;&gt;</a>&nbsp;&nbsp;&nbsp;VL53L0X_calc_timeout_mclks
<LI><a href="#[a1]">&gt;&gt;</a>&nbsp;&nbsp;&nbsp;VL53L0X_calc_sigma_estimate
<LI><a href="#[9d]">&gt;&gt;</a>&nbsp;&nbsp;&nbsp;VL53L0X_calc_dmax
<LI><a href="#[b3]">&gt;&gt;</a>&nbsp;&nbsp;&nbsp;get_next_good_spad
<LI><a href="#[b4]">&gt;&gt;</a>&nbsp;&nbsp;&nbsp;enable_spad_bit
<LI><a href="#[70]">&gt;&gt;</a>&nbsp;&nbsp;&nbsp;VL53L0X_get_pal_range_status
<LI><a href="#[6d]">&gt;&gt;</a>&nbsp;&nbsp;&nbsp;VL53L0X_GetRangingMeasurementData
<LI><a href="#[5b]">&gt;&gt;</a>&nbsp;&nbsp;&nbsp;VL53L0X_GetInterMeasurementPeriodMilliSeconds
</UL>

<P><STRONG><a name="[f3]"></a>__aeabi_idiv</STRONG> (Thumb, 0 bytes, Stack size 8 bytes, aeabi_sdiv.o(.text), UNUSED)

<P><STRONG><a name="[6f]"></a>__aeabi_idivmod</STRONG> (Thumb, 326 bytes, Stack size 8 bytes, aeabi_sdiv.o(.text))
<BR><BR>[Stack]<UL><LI>Max Depth = 8<LI>Call Chain = __aeabi_idivmod
</UL>
<BR>[Called By]<UL><LI><a href="#[c8]">&gt;&gt;</a>&nbsp;&nbsp;&nbsp;readVL5Ll0x_PollingtMode
<LI><a href="#[8c]">&gt;&gt;</a>&nbsp;&nbsp;&nbsp;VL53L0X_set_offset_calibration_data_micro_meter
<LI><a href="#[6d]">&gt;&gt;</a>&nbsp;&nbsp;&nbsp;VL53L0X_GetRangingMeasurementData
</UL>

<P><STRONG><a name="[f4]"></a>__use_two_region_memory</STRONG> (Thumb, 2 bytes, Stack size 0 bytes, heapauxi.o(.text), UNUSED)

<P><STRONG><a name="[f5]"></a>__rt_heap_escrow$2region</STRONG> (Thumb, 2 bytes, Stack size 0 bytes, heapauxi.o(.text), UNUSED)

<P><STRONG><a name="[f6]"></a>__rt_heap_expand$2region</STRONG> (Thumb, 2 bytes, Stack size 0 bytes, heapauxi.o(.text), UNUSED)

<P><STRONG><a name="[4b]"></a>__aeabi_f2uiz</STRONG> (Thumb, 0 bytes, Stack size 0 bytes, ffixui.o(.text))
<BR><BR>[Called By]<UL><LI><a href="#[49]">&gt;&gt;</a>&nbsp;&nbsp;&nbsp;Systick_DelayUs
</UL>

<P><STRONG><a name="[f7]"></a>_ffixu</STRONG> (Thumb, 48 bytes, Stack size 0 bytes, ffixui.o(.text), UNUSED)

<P><STRONG><a name="[39]"></a>__aeabi_i2f_normalise</STRONG> (Thumb, 72 bytes, Stack size 0 bytes, fflti.o(.text))
<BR><BR>[Called By]<UL><LI><a href="#[3a]">&gt;&gt;</a>&nbsp;&nbsp;&nbsp;__aeabi_ui2f
<LI><a href="#[38]">&gt;&gt;</a>&nbsp;&nbsp;&nbsp;__aeabi_i2f
</UL>

<P><STRONG><a name="[38]"></a>__aeabi_i2f</STRONG> (Thumb, 16 bytes, Stack size 0 bytes, fflti.o(.text), UNUSED)
<BR><BR>[Calls]<UL><LI><a href="#[39]">&gt;&gt;</a>&nbsp;&nbsp;&nbsp;__aeabi_i2f_normalise
</UL>

<P><STRONG><a name="[f8]"></a>_fflt</STRONG> (Thumb, 0 bytes, Stack size 0 bytes, fflti.o(.text), UNUSED)

<P><STRONG><a name="[3a]"></a>__aeabi_ui2f</STRONG> (Thumb, 6 bytes, Stack size 0 bytes, fflti.o(.text))
<BR><BR>[Calls]<UL><LI><a href="#[39]">&gt;&gt;</a>&nbsp;&nbsp;&nbsp;__aeabi_i2f_normalise
</UL>
<BR>[Called By]<UL><LI><a href="#[49]">&gt;&gt;</a>&nbsp;&nbsp;&nbsp;Systick_DelayUs
</UL>

<P><STRONG><a name="[f9]"></a>_ffltu</STRONG> (Thumb, 0 bytes, Stack size 0 bytes, fflti.o(.text), UNUSED)

<P><STRONG><a name="[2a]"></a>__user_setup_stackheap</STRONG> (Thumb, 62 bytes, Stack size 8 bytes, sys_stackheap_outer.o(.text))
<BR><BR>[Stack]<UL><LI>Max Depth = 8 + Unknown Stack Size
<LI>Call Chain = __user_setup_stackheap
</UL>
<BR>[Calls]<UL><LI><a href="#[3b]">&gt;&gt;</a>&nbsp;&nbsp;&nbsp;__user_perproc_libspace
<LI><a href="#[3c]">&gt;&gt;</a>&nbsp;&nbsp;&nbsp;__user_initial_stackheap
</UL>
<BR>[Called By]<UL><LI><a href="#[29]">&gt;&gt;</a>&nbsp;&nbsp;&nbsp;__rt_entry_sh
</UL>

<P><STRONG><a name="[2f]"></a>exit</STRONG> (Thumb, 16 bytes, Stack size 8 bytes, exit.o(.text))
<BR><BR>[Stack]<UL><LI>Max Depth = 8 + Unknown Stack Size
<LI>Call Chain = exit
</UL>
<BR>[Calls]<UL><LI><a href="#[3e]">&gt;&gt;</a>&nbsp;&nbsp;&nbsp;__rt_exit
<LI><a href="#[3d]">&gt;&gt;</a>&nbsp;&nbsp;&nbsp;_call_atexit_fns (Weak Reference)
</UL>
<BR>[Called By]<UL><LI><a href="#[2d]">&gt;&gt;</a>&nbsp;&nbsp;&nbsp;__rt_entry_main
</UL>

<P><STRONG><a name="[fa]"></a>__user_libspace</STRONG> (Thumb, 8 bytes, Stack size 0 bytes, libspace.o(.text), UNUSED)

<P><STRONG><a name="[3b]"></a>__user_perproc_libspace</STRONG> (Thumb, 0 bytes, Stack size 0 bytes, libspace.o(.text))
<BR><BR>[Called By]<UL><LI><a href="#[2a]">&gt;&gt;</a>&nbsp;&nbsp;&nbsp;__user_setup_stackheap
</UL>

<P><STRONG><a name="[fb]"></a>__user_perthread_libspace</STRONG> (Thumb, 0 bytes, Stack size 0 bytes, libspace.o(.text), UNUSED)

<P><STRONG><a name="[33]"></a>_sys_exit</STRONG> (Thumb, 8 bytes, Stack size 0 bytes, sys_exit.o(.text))
<BR><BR>[Called By]<UL><LI><a href="#[32]">&gt;&gt;</a>&nbsp;&nbsp;&nbsp;__rt_exit_exit
</UL>

<P><STRONG><a name="[fc]"></a>__I$use$semihosting</STRONG> (Thumb, 0 bytes, Stack size 0 bytes, use_no_semi.o(.text), UNUSED)

<P><STRONG><a name="[fd]"></a>__use_no_semihosting_swi</STRONG> (Thumb, 2 bytes, Stack size 0 bytes, use_no_semi.o(.text), UNUSED)

<P><STRONG><a name="[fe]"></a>__decompress</STRONG> (Thumb, 0 bytes, Stack size unknown bytes, __dclz77c.o(.text), UNUSED)

<P><STRONG><a name="[ff]"></a>__decompress2</STRONG> (Thumb, 96 bytes, Stack size unknown bytes, __dclz77c.o(.text), UNUSED)

<P><STRONG><a name="[100]"></a>__semihosting_library_function</STRONG> (Thumb, 0 bytes, Stack size unknown bytes, indicate_semi.o(.text), UNUSED)

<P><STRONG><a name="[3f]"></a>Board_Init</STRONG> (Thumb, 24 bytes, Stack size 8 bytes, board_init.o(i.Board_Init))
<BR><BR>[Stack]<UL><LI>Max Depth = 32<LI>Call Chain = Board_Init &rArr; USART2_Init &rArr; __NVIC_SetPriority
</UL>
<BR>[Calls]<UL><LI><a href="#[40]">&gt;&gt;</a>&nbsp;&nbsp;&nbsp;SystemClock_Init
<LI><a href="#[42]">&gt;&gt;</a>&nbsp;&nbsp;&nbsp;USART2_Init
<LI><a href="#[43]">&gt;&gt;</a>&nbsp;&nbsp;&nbsp;SYSTICK_Init
<LI><a href="#[44]">&gt;&gt;</a>&nbsp;&nbsp;&nbsp;RTC_AWU_Init
<LI><a href="#[41]">&gt;&gt;</a>&nbsp;&nbsp;&nbsp;GPIO_Init
</UL>
<BR>[Called By]<UL><LI><a href="#[2e]">&gt;&gt;</a>&nbsp;&nbsp;&nbsp;main
</UL>

<P><STRONG><a name="[41]"></a>GPIO_Init</STRONG> (Thumb, 60 bytes, Stack size 0 bytes, board_gpio.o(i.GPIO_Init))
<BR><BR>[Called By]<UL><LI><a href="#[3f]">&gt;&gt;</a>&nbsp;&nbsp;&nbsp;Board_Init
</UL>

<P><STRONG><a name="[77]"></a>GPIO_SET_BIT</STRONG> (Thumb, 56 bytes, Stack size 12 bytes, board_gpio.o(i.GPIO_SET_BIT))
<BR><BR>[Stack]<UL><LI>Max Depth = 12<LI>Call Chain = GPIO_SET_BIT
</UL>
<BR>[Called By]<UL><LI><a href="#[ba]">&gt;&gt;</a>&nbsp;&nbsp;&nbsp;VL53L0x_RESET
<LI><a href="#[75]">&gt;&gt;</a>&nbsp;&nbsp;&nbsp;VL53L0X_Init
<LI><a href="#[2e]">&gt;&gt;</a>&nbsp;&nbsp;&nbsp;main
</UL>

<P><STRONG><a name="[7]"></a>HardFault_Handler</STRONG> (Thumb, 4 bytes, Stack size 0 bytes, stm32l0xx_it.o(i.HardFault_Handler))
<BR>[Address Reference Count : 1]<UL><LI> startup_stm32l051xx.o(RESET)
</UL>
<P><STRONG><a name="[be]"></a>I2C_Delay</STRONG> (Thumb, 14 bytes, Stack size 0 bytes, vl53l0x_i2c.o(i.I2C_Delay))
<BR><BR>[Called By]<UL><LI><a href="#[c3]">&gt;&gt;</a>&nbsp;&nbsp;&nbsp;VL_IIC_Wait_Ack
<LI><a href="#[c4]">&gt;&gt;</a>&nbsp;&nbsp;&nbsp;VL_IIC_Stop
<LI><a href="#[c1]">&gt;&gt;</a>&nbsp;&nbsp;&nbsp;VL_IIC_Start
<LI><a href="#[c2]">&gt;&gt;</a>&nbsp;&nbsp;&nbsp;VL_IIC_Send_Byte
<LI><a href="#[c0]">&gt;&gt;</a>&nbsp;&nbsp;&nbsp;VL_IIC_Read_Byte
<LI><a href="#[bf]">&gt;&gt;</a>&nbsp;&nbsp;&nbsp;VL_IIC_NAck
<LI><a href="#[bd]">&gt;&gt;</a>&nbsp;&nbsp;&nbsp;VL_IIC_Ack
</UL>

<P><STRONG><a name="[6]"></a>NMI_Handler</STRONG> (Thumb, 2 bytes, Stack size 0 bytes, stm32l0xx_it.o(i.NMI_Handler))
<BR>[Address Reference Count : 1]<UL><LI> startup_stm32l051xx.o(RESET)
</UL>
<P><STRONG><a name="[9]"></a>PendSV_Handler</STRONG> (Thumb, 2 bytes, Stack size 0 bytes, stm32l0xx_it.o(i.PendSV_Handler))
<BR>[Address Reference Count : 1]<UL><LI> startup_stm32l051xx.o(RESET)
</UL>
<P><STRONG><a name="[d]"></a>RTC_IRQHandler</STRONG> (Thumb, 46 bytes, Stack size 8 bytes, board_init.o(i.RTC_IRQHandler))
<BR><BR>[Stack]<UL><LI>Max Depth = 8<LI>Call Chain = RTC_IRQHandler
</UL>
<BR>[Calls]<UL><LI><a href="#[47]">&gt;&gt;</a>&nbsp;&nbsp;&nbsp;SYS_IncTick
</UL>
<BR>[Address Reference Count : 1]<UL><LI> startup_stm32l051xx.o(RESET)
</UL>
<P><STRONG><a name="[8]"></a>SVC_Handler</STRONG> (Thumb, 2 bytes, Stack size 0 bytes, stm32l0xx_it.o(i.SVC_Handler))
<BR>[Address Reference Count : 1]<UL><LI> startup_stm32l051xx.o(RESET)
</UL>
<P><STRONG><a name="[c7]"></a>SYS_GetTick</STRONG> (Thumb, 6 bytes, Stack size 0 bytes, board_init.o(i.SYS_GetTick))
<BR><BR>[Called By]<UL><LI><a href="#[2e]">&gt;&gt;</a>&nbsp;&nbsp;&nbsp;main
</UL>

<P><STRONG><a name="[a]"></a>SysTick_Handler</STRONG> (Thumb, 8 bytes, Stack size 8 bytes, board_init.o(i.SysTick_Handler))
<BR><BR>[Stack]<UL><LI>Max Depth = 8<LI>Call Chain = SysTick_Handler
</UL>
<BR>[Calls]<UL><LI><a href="#[47]">&gt;&gt;</a>&nbsp;&nbsp;&nbsp;SYS_IncTick
</UL>
<BR>[Address Reference Count : 1]<UL><LI> startup_stm32l051xx.o(RESET)
</UL>
<P><STRONG><a name="[40]"></a>SystemClock_Init</STRONG> (Thumb, 308 bytes, Stack size 0 bytes, board_init.o(i.SystemClock_Init))
<BR><BR>[Called By]<UL><LI><a href="#[3f]">&gt;&gt;</a>&nbsp;&nbsp;&nbsp;Board_Init
</UL>

<P><STRONG><a name="[23]"></a>SystemInit</STRONG> (Thumb, 88 bytes, Stack size 0 bytes, system_stm32l0xx.o(i.SystemInit))
<BR>[Address Reference Count : 1]<UL><LI> startup_stm32l051xx.o(.text)
</UL>
<P><STRONG><a name="[48]"></a>Systick_DelayMs</STRONG> (Thumb, 24 bytes, Stack size 8 bytes, board_init.o(i.Systick_DelayMs))
<BR><BR>[Stack]<UL><LI>Max Depth = 48<LI>Call Chain = Systick_DelayMs &rArr; Systick_DelayUs &rArr; __aeabi_fmul
</UL>
<BR>[Calls]<UL><LI><a href="#[49]">&gt;&gt;</a>&nbsp;&nbsp;&nbsp;Systick_DelayUs
</UL>
<BR>[Called By]<UL><LI><a href="#[bb]">&gt;&gt;</a>&nbsp;&nbsp;&nbsp;VL53L0x_SetMode
<LI><a href="#[ba]">&gt;&gt;</a>&nbsp;&nbsp;&nbsp;VL53L0x_RESET
<LI><a href="#[c8]">&gt;&gt;</a>&nbsp;&nbsp;&nbsp;readVL5Ll0x_PollingtMode
<LI><a href="#[75]">&gt;&gt;</a>&nbsp;&nbsp;&nbsp;VL53L0X_Init
<LI><a href="#[2e]">&gt;&gt;</a>&nbsp;&nbsp;&nbsp;main
</UL>

<P><STRONG><a name="[49]"></a>Systick_DelayUs</STRONG> (Thumb, 100 bytes, Stack size 24 bytes, board_init.o(i.Systick_DelayUs))
<BR><BR>[Stack]<UL><LI>Max Depth = 40<LI>Call Chain = Systick_DelayUs &rArr; __aeabi_fmul
</UL>
<BR>[Calls]<UL><LI><a href="#[4a]">&gt;&gt;</a>&nbsp;&nbsp;&nbsp;__aeabi_fmul
<LI><a href="#[3a]">&gt;&gt;</a>&nbsp;&nbsp;&nbsp;__aeabi_ui2f
<LI><a href="#[4b]">&gt;&gt;</a>&nbsp;&nbsp;&nbsp;__aeabi_f2uiz
</UL>
<BR>[Called By]<UL><LI><a href="#[48]">&gt;&gt;</a>&nbsp;&nbsp;&nbsp;Systick_DelayMs
</UL>

<P><STRONG><a name="[21]"></a>USART2_IRQHandler</STRONG> (Thumb, 22 bytes, Stack size 0 bytes, board_init.o(i.USART2_IRQHandler))
<BR>[Address Reference Count : 1]<UL><LI> startup_stm32l051xx.o(RESET)
</UL>
<P><STRONG><a name="[c9]"></a>USART2_TX</STRONG> (Thumb, 50 bytes, Stack size 0 bytes, board_init.o(i.USART2_TX))
<BR><BR>[Called By]<UL><LI><a href="#[2e]">&gt;&gt;</a>&nbsp;&nbsp;&nbsp;main
</UL>

<P><STRONG><a name="[4c]"></a>VL53L0X_CheckAndLoadInterruptSettings</STRONG> (Thumb, 126 bytes, Stack size 32 bytes, vl53l0x_api.o(i.VL53L0X_CheckAndLoadInterruptSettings))
<BR><BR>[Stack]<UL><LI>Max Depth = 180<LI>Call Chain = VL53L0X_CheckAndLoadInterruptSettings &rArr; VL53L0X_load_tuning_settings &rArr; VL53L0X_WriteMulti &rArr; VL53L0X_write_multi &rArr; VL_IIC_Write_nByte &rArr; VL_IIC_Wait_Ack &rArr; VL_IIC_Stop
</UL>
<BR>[Calls]<UL><LI><a href="#[4f]">&gt;&gt;</a>&nbsp;&nbsp;&nbsp;VL53L0X_WrByte
<LI><a href="#[4e]">&gt;&gt;</a>&nbsp;&nbsp;&nbsp;VL53L0X_load_tuning_settings
<LI><a href="#[4d]">&gt;&gt;</a>&nbsp;&nbsp;&nbsp;VL53L0X_GetInterruptThresholds
</UL>
<BR>[Called By]<UL><LI><a href="#[7e]">&gt;&gt;</a>&nbsp;&nbsp;&nbsp;VL53L0X_StartMeasurement
</UL>

<P><STRONG><a name="[50]"></a>VL53L0X_ClearInterruptMask</STRONG> (Thumb, 84 bytes, Stack size 24 bytes, vl53l0x_api.o(i.VL53L0X_ClearInterruptMask))
<BR><BR>[Stack]<UL><LI>Max Depth = 136<LI>Call Chain = VL53L0X_ClearInterruptMask &rArr; VL53L0X_WrByte &rArr; VL53L0X_write_byte &rArr; VL53L0X_write_multi &rArr; VL_IIC_Write_nByte &rArr; VL_IIC_Wait_Ack &rArr; VL_IIC_Stop
</UL>
<BR>[Calls]<UL><LI><a href="#[4f]">&gt;&gt;</a>&nbsp;&nbsp;&nbsp;VL53L0X_WrByte
<LI><a href="#[51]">&gt;&gt;</a>&nbsp;&nbsp;&nbsp;VL53L0X_RdByte
</UL>
<BR>[Called By]<UL><LI><a href="#[80]">&gt;&gt;</a>&nbsp;&nbsp;&nbsp;VL53L0X_PerformSingleRangingMeasurement
<LI><a href="#[ad]">&gt;&gt;</a>&nbsp;&nbsp;&nbsp;VL53L0X_perform_single_ref_calibration
<LI><a href="#[87]">&gt;&gt;</a>&nbsp;&nbsp;&nbsp;VL53L0X_SetGpioConfig
</UL>

<P><STRONG><a name="[52]"></a>VL53L0X_DataInit</STRONG> (Thumb, 462 bytes, Stack size 88 bytes, vl53l0x_api.o(i.VL53L0X_DataInit))
<BR><BR>[Stack]<UL><LI>Max Depth = 424<LI>Call Chain = VL53L0X_DataInit &rArr; VL53L0X_GetDeviceParameters &rArr; VL53L0X_GetMeasurementTimingBudgetMicroSeconds &rArr; VL53L0X_get_measurement_timing_budget_micro_seconds &rArr; get_sequence_step_timeout &rArr; VL53L0X_GetVcselPulsePeriod &rArr; VL53L0X_get_vcsel_pulse_period &rArr; VL53L0X_RdByte &rArr; VL53L0X_read_byte &rArr; VL53L0X_read_multi &rArr; VL_IIC_Read_nByte &rArr; VL_IIC_Read_Byte &rArr; VL_IIC_NAck
</UL>
<BR>[Calls]<UL><LI><a href="#[57]">&gt;&gt;</a>&nbsp;&nbsp;&nbsp;VL53L0X_SetLimitCheckValue
<LI><a href="#[56]">&gt;&gt;</a>&nbsp;&nbsp;&nbsp;VL53L0X_SetLimitCheckEnable
<LI><a href="#[4f]">&gt;&gt;</a>&nbsp;&nbsp;&nbsp;VL53L0X_WrByte
<LI><a href="#[55]">&gt;&gt;</a>&nbsp;&nbsp;&nbsp;__aeabi_memcpy4
<LI><a href="#[53]">&gt;&gt;</a>&nbsp;&nbsp;&nbsp;VL53L0X_UpdateByte
<LI><a href="#[51]">&gt;&gt;</a>&nbsp;&nbsp;&nbsp;VL53L0X_RdByte
<LI><a href="#[54]">&gt;&gt;</a>&nbsp;&nbsp;&nbsp;VL53L0X_GetDeviceParameters
</UL>
<BR>[Called By]<UL><LI><a href="#[ba]">&gt;&gt;</a>&nbsp;&nbsp;&nbsp;VL53L0x_RESET
<LI><a href="#[75]">&gt;&gt;</a>&nbsp;&nbsp;&nbsp;VL53L0X_Init
</UL>

<P><STRONG><a name="[58]"></a>VL53L0X_GetDeviceInfo</STRONG> (Thumb, 22 bytes, Stack size 16 bytes, vl53l0x_api.o(i.VL53L0X_GetDeviceInfo))
<BR><BR>[Stack]<UL><LI>Max Depth = 320<LI>Call Chain = VL53L0X_GetDeviceInfo &rArr; VL53L0X_get_device_info &rArr; VL53L0X_check_part_used &rArr; VL53L0X_get_info_from_device &rArr; VL53L0X_device_read_strobe &rArr; VL53L0X_WrByte &rArr; VL53L0X_write_byte &rArr; VL53L0X_write_multi &rArr; VL_IIC_Write_nByte &rArr; VL_IIC_Wait_Ack &rArr; VL_IIC_Stop
</UL>
<BR>[Calls]<UL><LI><a href="#[59]">&gt;&gt;</a>&nbsp;&nbsp;&nbsp;VL53L0X_get_device_info
</UL>
<BR>[Called By]<UL><LI><a href="#[75]">&gt;&gt;</a>&nbsp;&nbsp;&nbsp;VL53L0X_Init
</UL>

<P><STRONG><a name="[5a]"></a>VL53L0X_GetDeviceMode</STRONG> (Thumb, 10 bytes, Stack size 0 bytes, vl53l0x_api.o(i.VL53L0X_GetDeviceMode))
<BR><BR>[Called By]<UL><LI><a href="#[7e]">&gt;&gt;</a>&nbsp;&nbsp;&nbsp;VL53L0X_StartMeasurement
<LI><a href="#[7d]">&gt;&gt;</a>&nbsp;&nbsp;&nbsp;VL53L0X_PerformSingleMeasurement
<LI><a href="#[54]">&gt;&gt;</a>&nbsp;&nbsp;&nbsp;VL53L0X_GetDeviceParameters
</UL>

<P><STRONG><a name="[54]"></a>VL53L0X_GetDeviceParameters</STRONG> (Thumb, 174 bytes, Stack size 24 bytes, vl53l0x_api.o(i.VL53L0X_GetDeviceParameters))
<BR><BR>[Stack]<UL><LI>Max Depth = 336<LI>Call Chain = VL53L0X_GetDeviceParameters &rArr; VL53L0X_GetMeasurementTimingBudgetMicroSeconds &rArr; VL53L0X_get_measurement_timing_budget_micro_seconds &rArr; get_sequence_step_timeout &rArr; VL53L0X_GetVcselPulsePeriod &rArr; VL53L0X_get_vcsel_pulse_period &rArr; VL53L0X_RdByte &rArr; VL53L0X_read_byte &rArr; VL53L0X_read_multi &rArr; VL_IIC_Read_nByte &rArr; VL_IIC_Read_Byte &rArr; VL_IIC_NAck
</UL>
<BR>[Calls]<UL><LI><a href="#[5c]">&gt;&gt;</a>&nbsp;&nbsp;&nbsp;VL53L0X_GetXTalkCompensationRateMegaCps
<LI><a href="#[60]">&gt;&gt;</a>&nbsp;&nbsp;&nbsp;VL53L0X_GetWrapAroundCheckEnable
<LI><a href="#[5d]">&gt;&gt;</a>&nbsp;&nbsp;&nbsp;VL53L0X_GetOffsetCalibrationDataMicroMeter
<LI><a href="#[61]">&gt;&gt;</a>&nbsp;&nbsp;&nbsp;VL53L0X_GetMeasurementTimingBudgetMicroSeconds
<LI><a href="#[5e]">&gt;&gt;</a>&nbsp;&nbsp;&nbsp;VL53L0X_GetLimitCheckValue
<LI><a href="#[5f]">&gt;&gt;</a>&nbsp;&nbsp;&nbsp;VL53L0X_GetLimitCheckEnable
<LI><a href="#[5b]">&gt;&gt;</a>&nbsp;&nbsp;&nbsp;VL53L0X_GetInterMeasurementPeriodMilliSeconds
<LI><a href="#[5a]">&gt;&gt;</a>&nbsp;&nbsp;&nbsp;VL53L0X_GetDeviceMode
</UL>
<BR>[Called By]<UL><LI><a href="#[95]">&gt;&gt;</a>&nbsp;&nbsp;&nbsp;VL53L0X_StaticInit
<LI><a href="#[52]">&gt;&gt;</a>&nbsp;&nbsp;&nbsp;VL53L0X_DataInit
</UL>

<P><STRONG><a name="[62]"></a>VL53L0X_GetFractionEnable</STRONG> (Thumb, 36 bytes, Stack size 16 bytes, vl53l0x_api.o(i.VL53L0X_GetFractionEnable))
<BR><BR>[Stack]<UL><LI>Max Depth = 128<LI>Call Chain = VL53L0X_GetFractionEnable &rArr; VL53L0X_RdByte &rArr; VL53L0X_read_byte &rArr; VL53L0X_read_multi &rArr; VL_IIC_Read_nByte &rArr; VL_IIC_Read_Byte &rArr; VL_IIC_NAck
</UL>
<BR>[Calls]<UL><LI><a href="#[51]">&gt;&gt;</a>&nbsp;&nbsp;&nbsp;VL53L0X_RdByte
</UL>
<BR>[Called By]<UL><LI><a href="#[95]">&gt;&gt;</a>&nbsp;&nbsp;&nbsp;VL53L0X_StaticInit
</UL>

<P><STRONG><a name="[5b]"></a>VL53L0X_GetInterMeasurementPeriodMilliSeconds</STRONG> (Thumb, 68 bytes, Stack size 24 bytes, vl53l0x_api.o(i.VL53L0X_GetInterMeasurementPeriodMilliSeconds))
<BR><BR>[Stack]<UL><LI>Max Depth = 140<LI>Call Chain = VL53L0X_GetInterMeasurementPeriodMilliSeconds &rArr; VL53L0X_RdWord &rArr; VL53L0X_read_word &rArr; VL53L0X_read_multi &rArr; VL_IIC_Read_nByte &rArr; VL_IIC_Read_Byte &rArr; VL_IIC_NAck
</UL>
<BR>[Calls]<UL><LI><a href="#[63]">&gt;&gt;</a>&nbsp;&nbsp;&nbsp;VL53L0X_RdWord
<LI><a href="#[65]">&gt;&gt;</a>&nbsp;&nbsp;&nbsp;__aeabi_uidivmod
<LI><a href="#[64]">&gt;&gt;</a>&nbsp;&nbsp;&nbsp;VL53L0X_RdDWord
</UL>
<BR>[Called By]<UL><LI><a href="#[54]">&gt;&gt;</a>&nbsp;&nbsp;&nbsp;VL53L0X_GetDeviceParameters
</UL>

<P><STRONG><a name="[66]"></a>VL53L0X_GetInterruptMaskStatus</STRONG> (Thumb, 50 bytes, Stack size 24 bytes, vl53l0x_api.o(i.VL53L0X_GetInterruptMaskStatus))
<BR><BR>[Stack]<UL><LI>Max Depth = 136<LI>Call Chain = VL53L0X_GetInterruptMaskStatus &rArr; VL53L0X_RdByte &rArr; VL53L0X_read_byte &rArr; VL53L0X_read_multi &rArr; VL_IIC_Read_nByte &rArr; VL_IIC_Read_Byte &rArr; VL_IIC_NAck
</UL>
<BR>[Calls]<UL><LI><a href="#[51]">&gt;&gt;</a>&nbsp;&nbsp;&nbsp;VL53L0X_RdByte
</UL>
<BR>[Called By]<UL><LI><a href="#[68]">&gt;&gt;</a>&nbsp;&nbsp;&nbsp;VL53L0X_GetMeasurementDataReady
</UL>

<P><STRONG><a name="[4d]"></a>VL53L0X_GetInterruptThresholds</STRONG> (Thumb, 62 bytes, Stack size 24 bytes, vl53l0x_api.o(i.VL53L0X_GetInterruptThresholds))
<BR><BR>[Stack]<UL><LI>Max Depth = 140<LI>Call Chain = VL53L0X_GetInterruptThresholds &rArr; VL53L0X_RdWord &rArr; VL53L0X_read_word &rArr; VL53L0X_read_multi &rArr; VL_IIC_Read_nByte &rArr; VL_IIC_Read_Byte &rArr; VL_IIC_NAck
</UL>
<BR>[Calls]<UL><LI><a href="#[63]">&gt;&gt;</a>&nbsp;&nbsp;&nbsp;VL53L0X_RdWord
</UL>
<BR>[Called By]<UL><LI><a href="#[4c]">&gt;&gt;</a>&nbsp;&nbsp;&nbsp;VL53L0X_CheckAndLoadInterruptSettings
</UL>

<P><STRONG><a name="[5f]"></a>VL53L0X_GetLimitCheckEnable</STRONG> (Thumb, 28 bytes, Stack size 12 bytes, vl53l0x_api.o(i.VL53L0X_GetLimitCheckEnable))
<BR><BR>[Stack]<UL><LI>Max Depth = 12<LI>Call Chain = VL53L0X_GetLimitCheckEnable
</UL>
<BR>[Called By]<UL><LI><a href="#[70]">&gt;&gt;</a>&nbsp;&nbsp;&nbsp;VL53L0X_get_pal_range_status
<LI><a href="#[54]">&gt;&gt;</a>&nbsp;&nbsp;&nbsp;VL53L0X_GetDeviceParameters
</UL>

<P><STRONG><a name="[5e]"></a>VL53L0X_GetLimitCheckValue</STRONG> (Thumb, 182 bytes, Stack size 32 bytes, vl53l0x_api.o(i.VL53L0X_GetLimitCheckValue))
<BR><BR>[Stack]<UL><LI>Max Depth = 148<LI>Call Chain = VL53L0X_GetLimitCheckValue &rArr; VL53L0X_RdWord &rArr; VL53L0X_read_word &rArr; VL53L0X_read_multi &rArr; VL_IIC_Read_nByte &rArr; VL_IIC_Read_Byte &rArr; VL_IIC_NAck
</UL>
<BR>[Calls]<UL><LI><a href="#[63]">&gt;&gt;</a>&nbsp;&nbsp;&nbsp;VL53L0X_RdWord
<LI><a href="#[67]">&gt;&gt;</a>&nbsp;&nbsp;&nbsp;__ARM_common_switch8
</UL>
<BR>[Called By]<UL><LI><a href="#[70]">&gt;&gt;</a>&nbsp;&nbsp;&nbsp;VL53L0X_get_pal_range_status
<LI><a href="#[54]">&gt;&gt;</a>&nbsp;&nbsp;&nbsp;VL53L0X_GetDeviceParameters
</UL>

<P><STRONG><a name="[68]"></a>VL53L0X_GetMeasurementDataReady</STRONG> (Thumb, 86 bytes, Stack size 32 bytes, vl53l0x_api.o(i.VL53L0X_GetMeasurementDataReady))
<BR><BR>[Stack]<UL><LI>Max Depth = 168<LI>Call Chain = VL53L0X_GetMeasurementDataReady &rArr; VL53L0X_GetInterruptMaskStatus &rArr; VL53L0X_RdByte &rArr; VL53L0X_read_byte &rArr; VL53L0X_read_multi &rArr; VL_IIC_Read_nByte &rArr; VL_IIC_Read_Byte &rArr; VL_IIC_NAck
</UL>
<BR>[Calls]<UL><LI><a href="#[51]">&gt;&gt;</a>&nbsp;&nbsp;&nbsp;VL53L0X_RdByte
<LI><a href="#[66]">&gt;&gt;</a>&nbsp;&nbsp;&nbsp;VL53L0X_GetInterruptMaskStatus
</UL>
<BR>[Called By]<UL><LI><a href="#[7f]">&gt;&gt;</a>&nbsp;&nbsp;&nbsp;VL53L0X_measurement_poll_for_completion
</UL>

<P><STRONG><a name="[61]"></a>VL53L0X_GetMeasurementTimingBudgetMicroSeconds</STRONG> (Thumb, 22 bytes, Stack size 16 bytes, vl53l0x_api.o(i.VL53L0X_GetMeasurementTimingBudgetMicroSeconds))
<BR><BR>[Stack]<UL><LI>Max Depth = 312<LI>Call Chain = VL53L0X_GetMeasurementTimingBudgetMicroSeconds &rArr; VL53L0X_get_measurement_timing_budget_micro_seconds &rArr; get_sequence_step_timeout &rArr; VL53L0X_GetVcselPulsePeriod &rArr; VL53L0X_get_vcsel_pulse_period &rArr; VL53L0X_RdByte &rArr; VL53L0X_read_byte &rArr; VL53L0X_read_multi &rArr; VL_IIC_Read_nByte &rArr; VL_IIC_Read_Byte &rArr; VL_IIC_NAck
</UL>
<BR>[Calls]<UL><LI><a href="#[69]">&gt;&gt;</a>&nbsp;&nbsp;&nbsp;VL53L0X_get_measurement_timing_budget_micro_seconds
</UL>
<BR>[Called By]<UL><LI><a href="#[54]">&gt;&gt;</a>&nbsp;&nbsp;&nbsp;VL53L0X_GetDeviceParameters
</UL>

<P><STRONG><a name="[5d]"></a>VL53L0X_GetOffsetCalibrationDataMicroMeter</STRONG> (Thumb, 22 bytes, Stack size 16 bytes, vl53l0x_api.o(i.VL53L0X_GetOffsetCalibrationDataMicroMeter))
<BR><BR>[Stack]<UL><LI>Max Depth = 164<LI>Call Chain = VL53L0X_GetOffsetCalibrationDataMicroMeter &rArr; VL53L0X_get_offset_calibration_data_micro_meter &rArr; VL53L0X_RdWord &rArr; VL53L0X_read_word &rArr; VL53L0X_read_multi &rArr; VL_IIC_Read_nByte &rArr; VL_IIC_Read_Byte &rArr; VL_IIC_NAck
</UL>
<BR>[Calls]<UL><LI><a href="#[6a]">&gt;&gt;</a>&nbsp;&nbsp;&nbsp;VL53L0X_get_offset_calibration_data_micro_meter
</UL>
<BR>[Called By]<UL><LI><a href="#[54]">&gt;&gt;</a>&nbsp;&nbsp;&nbsp;VL53L0X_GetDeviceParameters
</UL>

<P><STRONG><a name="[6b]"></a>VL53L0X_GetRangeStatusString</STRONG> (Thumb, 22 bytes, Stack size 16 bytes, vl53l0x_api.o(i.VL53L0X_GetRangeStatusString))
<BR><BR>[Stack]<UL><LI>Max Depth = 48<LI>Call Chain = VL53L0X_GetRangeStatusString &rArr; VL53L0X_get_range_status_string &rArr; strcpy
</UL>
<BR>[Calls]<UL><LI><a href="#[6c]">&gt;&gt;</a>&nbsp;&nbsp;&nbsp;VL53L0X_get_range_status_string
</UL>
<BR>[Called By]<UL><LI><a href="#[bc]">&gt;&gt;</a>&nbsp;&nbsp;&nbsp;VL53L0x_StartOneTimesSample
</UL>

<P><STRONG><a name="[6d]"></a>VL53L0X_GetRangingMeasurementData</STRONG> (Thumb, 378 bytes, Stack size 112 bytes, vl53l0x_api.o(i.VL53L0X_GetRangingMeasurementData))
<BR><BR>[Stack]<UL><LI>Max Depth = 544<LI>Call Chain = VL53L0X_GetRangingMeasurementData &rArr; VL53L0X_get_pal_range_status &rArr; VL53L0X_calc_sigma_estimate &rArr; VL53L0X_calc_dmax
</UL>
<BR>[Calls]<UL><LI><a href="#[6f]">&gt;&gt;</a>&nbsp;&nbsp;&nbsp;__aeabi_idivmod
<LI><a href="#[65]">&gt;&gt;</a>&nbsp;&nbsp;&nbsp;__aeabi_uidivmod
<LI><a href="#[55]">&gt;&gt;</a>&nbsp;&nbsp;&nbsp;__aeabi_memcpy4
<LI><a href="#[70]">&gt;&gt;</a>&nbsp;&nbsp;&nbsp;VL53L0X_get_pal_range_status
<LI><a href="#[6e]">&gt;&gt;</a>&nbsp;&nbsp;&nbsp;VL53L0X_ReadMulti
</UL>
<BR>[Called By]<UL><LI><a href="#[80]">&gt;&gt;</a>&nbsp;&nbsp;&nbsp;VL53L0X_PerformSingleRangingMeasurement
</UL>

<P><STRONG><a name="[71]"></a>VL53L0X_GetSequenceStepEnables</STRONG> (Thumb, 128 bytes, Stack size 24 bytes, vl53l0x_api.o(i.VL53L0X_GetSequenceStepEnables))
<BR><BR>[Stack]<UL><LI>Max Depth = 136<LI>Call Chain = VL53L0X_GetSequenceStepEnables &rArr; VL53L0X_RdByte &rArr; VL53L0X_read_byte &rArr; VL53L0X_read_multi &rArr; VL_IIC_Read_nByte &rArr; VL_IIC_Read_Byte &rArr; VL_IIC_NAck
</UL>
<BR>[Calls]<UL><LI><a href="#[51]">&gt;&gt;</a>&nbsp;&nbsp;&nbsp;VL53L0X_RdByte
<LI><a href="#[72]">&gt;&gt;</a>&nbsp;&nbsp;&nbsp;sequence_step_enabled
</UL>
<BR>[Called By]<UL><LI><a href="#[b7]">&gt;&gt;</a>&nbsp;&nbsp;&nbsp;set_sequence_step_timeout
<LI><a href="#[98]">&gt;&gt;</a>&nbsp;&nbsp;&nbsp;get_sequence_step_timeout
<LI><a href="#[8a]">&gt;&gt;</a>&nbsp;&nbsp;&nbsp;VL53L0X_set_measurement_timing_budget_micro_seconds
<LI><a href="#[69]">&gt;&gt;</a>&nbsp;&nbsp;&nbsp;VL53L0X_get_measurement_timing_budget_micro_seconds
</UL>

<P><STRONG><a name="[73]"></a>VL53L0X_GetVcselPulsePeriod</STRONG> (Thumb, 26 bytes, Stack size 24 bytes, vl53l0x_api.o(i.VL53L0X_GetVcselPulsePeriod))
<BR><BR>[Stack]<UL><LI>Max Depth = 160<LI>Call Chain = VL53L0X_GetVcselPulsePeriod &rArr; VL53L0X_get_vcsel_pulse_period &rArr; VL53L0X_RdByte &rArr; VL53L0X_read_byte &rArr; VL53L0X_read_multi &rArr; VL_IIC_Read_nByte &rArr; VL_IIC_Read_Byte &rArr; VL_IIC_NAck
</UL>
<BR>[Calls]<UL><LI><a href="#[74]">&gt;&gt;</a>&nbsp;&nbsp;&nbsp;VL53L0X_get_vcsel_pulse_period
</UL>
<BR>[Called By]<UL><LI><a href="#[95]">&gt;&gt;</a>&nbsp;&nbsp;&nbsp;VL53L0X_StaticInit
<LI><a href="#[b7]">&gt;&gt;</a>&nbsp;&nbsp;&nbsp;set_sequence_step_timeout
<LI><a href="#[98]">&gt;&gt;</a>&nbsp;&nbsp;&nbsp;get_sequence_step_timeout
</UL>

<P><STRONG><a name="[60]"></a>VL53L0X_GetWrapAroundCheckEnable</STRONG> (Thumb, 70 bytes, Stack size 24 bytes, vl53l0x_api.o(i.VL53L0X_GetWrapAroundCheckEnable))
<BR><BR>[Stack]<UL><LI>Max Depth = 136<LI>Call Chain = VL53L0X_GetWrapAroundCheckEnable &rArr; VL53L0X_RdByte &rArr; VL53L0X_read_byte &rArr; VL53L0X_read_multi &rArr; VL_IIC_Read_nByte &rArr; VL_IIC_Read_Byte &rArr; VL_IIC_NAck
</UL>
<BR>[Calls]<UL><LI><a href="#[51]">&gt;&gt;</a>&nbsp;&nbsp;&nbsp;VL53L0X_RdByte
</UL>
<BR>[Called By]<UL><LI><a href="#[54]">&gt;&gt;</a>&nbsp;&nbsp;&nbsp;VL53L0X_GetDeviceParameters
</UL>

<P><STRONG><a name="[aa]"></a>VL53L0X_GetXTalkCompensationEnable</STRONG> (Thumb, 12 bytes, Stack size 8 bytes, vl53l0x_api.o(i.VL53L0X_GetXTalkCompensationEnable))
<BR><BR>[Stack]<UL><LI>Max Depth = 8<LI>Call Chain = VL53L0X_GetXTalkCompensationEnable
</UL>
<BR>[Called By]<UL><LI><a href="#[a3]">&gt;&gt;</a>&nbsp;&nbsp;&nbsp;VL53L0X_get_total_xtalk_rate
</UL>

<P><STRONG><a name="[5c]"></a>VL53L0X_GetXTalkCompensationRateMegaCps</STRONG> (Thumb, 60 bytes, Stack size 24 bytes, vl53l0x_api.o(i.VL53L0X_GetXTalkCompensationRateMegaCps))
<BR><BR>[Stack]<UL><LI>Max Depth = 140<LI>Call Chain = VL53L0X_GetXTalkCompensationRateMegaCps &rArr; VL53L0X_RdWord &rArr; VL53L0X_read_word &rArr; VL53L0X_read_multi &rArr; VL_IIC_Read_nByte &rArr; VL_IIC_Read_Byte &rArr; VL_IIC_NAck
</UL>
<BR>[Calls]<UL><LI><a href="#[63]">&gt;&gt;</a>&nbsp;&nbsp;&nbsp;VL53L0X_RdWord
</UL>
<BR>[Called By]<UL><LI><a href="#[54]">&gt;&gt;</a>&nbsp;&nbsp;&nbsp;VL53L0X_GetDeviceParameters
</UL>

<P><STRONG><a name="[75]"></a>VL53L0X_Init</STRONG> (Thumb, 262 bytes, Stack size 16 bytes, vl53l0x.o(i.VL53L0X_Init))
<BR><BR>[Stack]<UL><LI>Max Depth = 440<LI>Call Chain = VL53L0X_Init &rArr; VL53L0X_DataInit &rArr; VL53L0X_GetDeviceParameters &rArr; VL53L0X_GetMeasurementTimingBudgetMicroSeconds &rArr; VL53L0X_get_measurement_timing_budget_micro_seconds &rArr; get_sequence_step_timeout &rArr; VL53L0X_GetVcselPulsePeriod &rArr; VL53L0X_get_vcsel_pulse_period &rArr; VL53L0X_RdByte &rArr; VL53L0X_read_byte &rArr; VL53L0X_read_multi &rArr; VL_IIC_Read_nByte &rArr; VL_IIC_Read_Byte &rArr; VL_IIC_NAck
</UL>
<BR>[Calls]<UL><LI><a href="#[76]">&gt;&gt;</a>&nbsp;&nbsp;&nbsp;VL53L0X_i2c_init
<LI><a href="#[58]">&gt;&gt;</a>&nbsp;&nbsp;&nbsp;VL53L0X_GetDeviceInfo
<LI><a href="#[52]">&gt;&gt;</a>&nbsp;&nbsp;&nbsp;VL53L0X_DataInit
<LI><a href="#[78]">&gt;&gt;</a>&nbsp;&nbsp;&nbsp;VL53L0X_SetAddress
<LI><a href="#[48]">&gt;&gt;</a>&nbsp;&nbsp;&nbsp;Systick_DelayMs
<LI><a href="#[77]">&gt;&gt;</a>&nbsp;&nbsp;&nbsp;GPIO_SET_BIT
</UL>
<BR>[Called By]<UL><LI><a href="#[2e]">&gt;&gt;</a>&nbsp;&nbsp;&nbsp;main
</UL>

<P><STRONG><a name="[79]"></a>VL53L0X_PerformRefCalibration</STRONG> (Thumb, 28 bytes, Stack size 24 bytes, vl53l0x_api.o(i.VL53L0X_PerformRefCalibration))
<BR><BR>[Stack]<UL><LI>Max Depth = 344<LI>Call Chain = VL53L0X_PerformRefCalibration &rArr; VL53L0X_perform_ref_calibration &rArr; VL53L0X_perform_vhv_calibration &rArr; VL53L0X_perform_single_ref_calibration &rArr; VL53L0X_measurement_poll_for_completion &rArr; VL53L0X_GetMeasurementDataReady &rArr; VL53L0X_GetInterruptMaskStatus &rArr; VL53L0X_RdByte &rArr; VL53L0X_read_byte &rArr; VL53L0X_read_multi &rArr; VL_IIC_Read_nByte &rArr; VL_IIC_Read_Byte &rArr; VL_IIC_NAck
</UL>
<BR>[Calls]<UL><LI><a href="#[7a]">&gt;&gt;</a>&nbsp;&nbsp;&nbsp;VL53L0X_perform_ref_calibration
</UL>
<BR>[Called By]<UL><LI><a href="#[bb]">&gt;&gt;</a>&nbsp;&nbsp;&nbsp;VL53L0x_SetMode
</UL>

<P><STRONG><a name="[7b]"></a>VL53L0X_PerformRefSpadManagement</STRONG> (Thumb, 26 bytes, Stack size 24 bytes, vl53l0x_api.o(i.VL53L0X_PerformRefSpadManagement))
<BR><BR>[Stack]<UL><LI>Max Depth = 760<LI>Call Chain = VL53L0X_PerformRefSpadManagement &rArr; VL53L0X_perform_ref_spad_management &rArr; perform_ref_signal_measurement &rArr; VL53L0X_PerformSingleRangingMeasurement &rArr; VL53L0X_GetRangingMeasurementData &rArr; VL53L0X_get_pal_range_status &rArr; VL53L0X_calc_sigma_estimate &rArr; VL53L0X_calc_dmax
</UL>
<BR>[Calls]<UL><LI><a href="#[7c]">&gt;&gt;</a>&nbsp;&nbsp;&nbsp;VL53L0X_perform_ref_spad_management
</UL>
<BR>[Called By]<UL><LI><a href="#[bb]">&gt;&gt;</a>&nbsp;&nbsp;&nbsp;VL53L0x_SetMode
</UL>

<P><STRONG><a name="[7d]"></a>VL53L0X_PerformSingleMeasurement</STRONG> (Thumb, 72 bytes, Stack size 16 bytes, vl53l0x_api.o(i.VL53L0X_PerformSingleMeasurement))
<BR><BR>[Stack]<UL><LI>Max Depth = 228<LI>Call Chain = VL53L0X_PerformSingleMeasurement &rArr; VL53L0X_StartMeasurement &rArr; VL53L0X_CheckAndLoadInterruptSettings &rArr; VL53L0X_load_tuning_settings &rArr; VL53L0X_WriteMulti &rArr; VL53L0X_write_multi &rArr; VL_IIC_Write_nByte &rArr; VL_IIC_Wait_Ack &rArr; VL_IIC_Stop
</UL>
<BR>[Calls]<UL><LI><a href="#[7f]">&gt;&gt;</a>&nbsp;&nbsp;&nbsp;VL53L0X_measurement_poll_for_completion
<LI><a href="#[7e]">&gt;&gt;</a>&nbsp;&nbsp;&nbsp;VL53L0X_StartMeasurement
<LI><a href="#[5a]">&gt;&gt;</a>&nbsp;&nbsp;&nbsp;VL53L0X_GetDeviceMode
</UL>
<BR>[Called By]<UL><LI><a href="#[80]">&gt;&gt;</a>&nbsp;&nbsp;&nbsp;VL53L0X_PerformSingleRangingMeasurement
</UL>

<P><STRONG><a name="[80]"></a>VL53L0X_PerformSingleRangingMeasurement</STRONG> (Thumb, 62 bytes, Stack size 16 bytes, vl53l0x_api.o(i.VL53L0X_PerformSingleRangingMeasurement))
<BR><BR>[Stack]<UL><LI>Max Depth = 560<LI>Call Chain = VL53L0X_PerformSingleRangingMeasurement &rArr; VL53L0X_GetRangingMeasurementData &rArr; VL53L0X_get_pal_range_status &rArr; VL53L0X_calc_sigma_estimate &rArr; VL53L0X_calc_dmax
</UL>
<BR>[Calls]<UL><LI><a href="#[81]">&gt;&gt;</a>&nbsp;&nbsp;&nbsp;VL53L0X_SetDeviceMode
<LI><a href="#[7d]">&gt;&gt;</a>&nbsp;&nbsp;&nbsp;VL53L0X_PerformSingleMeasurement
<LI><a href="#[6d]">&gt;&gt;</a>&nbsp;&nbsp;&nbsp;VL53L0X_GetRangingMeasurementData
<LI><a href="#[50]">&gt;&gt;</a>&nbsp;&nbsp;&nbsp;VL53L0X_ClearInterruptMask
</UL>
<BR>[Called By]<UL><LI><a href="#[bc]">&gt;&gt;</a>&nbsp;&nbsp;&nbsp;VL53L0x_StartOneTimesSample
<LI><a href="#[b1]">&gt;&gt;</a>&nbsp;&nbsp;&nbsp;perform_ref_signal_measurement
</UL>

<P><STRONG><a name="[a9]"></a>VL53L0X_PollingDelay</STRONG> (Thumb, 26 bytes, Stack size 8 bytes, vl53l0x_platform.o(i.VL53L0X_PollingDelay))
<BR><BR>[Stack]<UL><LI>Max Depth = 8<LI>Call Chain = VL53L0X_PollingDelay
</UL>
<BR>[Called By]<UL><LI><a href="#[7f]">&gt;&gt;</a>&nbsp;&nbsp;&nbsp;VL53L0X_measurement_poll_for_completion
<LI><a href="#[97]">&gt;&gt;</a>&nbsp;&nbsp;&nbsp;VL53L0X_get_info_from_device
</UL>

<P><STRONG><a name="[51]"></a>VL53L0X_RdByte</STRONG> (Thumb, 46 bytes, Stack size 32 bytes, vl53l0x_platform.o(i.VL53L0X_RdByte))
<BR><BR>[Stack]<UL><LI>Max Depth = 112<LI>Call Chain = VL53L0X_RdByte &rArr; VL53L0X_read_byte &rArr; VL53L0X_read_multi &rArr; VL_IIC_Read_nByte &rArr; VL_IIC_Read_Byte &rArr; VL_IIC_NAck
</UL>
<BR>[Calls]<UL><LI><a href="#[82]">&gt;&gt;</a>&nbsp;&nbsp;&nbsp;VL53L0X_read_byte
</UL>
<BR>[Called By]<UL><LI><a href="#[95]">&gt;&gt;</a>&nbsp;&nbsp;&nbsp;VL53L0X_StaticInit
<LI><a href="#[52]">&gt;&gt;</a>&nbsp;&nbsp;&nbsp;VL53L0X_DataInit
<LI><a href="#[a8]">&gt;&gt;</a>&nbsp;&nbsp;&nbsp;VL53L0X_device_read_strobe
<LI><a href="#[ae]">&gt;&gt;</a>&nbsp;&nbsp;&nbsp;VL53L0X_ref_calibration_io
<LI><a href="#[98]">&gt;&gt;</a>&nbsp;&nbsp;&nbsp;get_sequence_step_timeout
<LI><a href="#[74]">&gt;&gt;</a>&nbsp;&nbsp;&nbsp;VL53L0X_get_vcsel_pulse_period
<LI><a href="#[97]">&gt;&gt;</a>&nbsp;&nbsp;&nbsp;VL53L0X_get_info_from_device
<LI><a href="#[59]">&gt;&gt;</a>&nbsp;&nbsp;&nbsp;VL53L0X_get_device_info
<LI><a href="#[7e]">&gt;&gt;</a>&nbsp;&nbsp;&nbsp;VL53L0X_StartMeasurement
<LI><a href="#[91]">&gt;&gt;</a>&nbsp;&nbsp;&nbsp;VL53L0X_SetSequenceStepEnable
<LI><a href="#[60]">&gt;&gt;</a>&nbsp;&nbsp;&nbsp;VL53L0X_GetWrapAroundCheckEnable
<LI><a href="#[71]">&gt;&gt;</a>&nbsp;&nbsp;&nbsp;VL53L0X_GetSequenceStepEnables
<LI><a href="#[68]">&gt;&gt;</a>&nbsp;&nbsp;&nbsp;VL53L0X_GetMeasurementDataReady
<LI><a href="#[66]">&gt;&gt;</a>&nbsp;&nbsp;&nbsp;VL53L0X_GetInterruptMaskStatus
<LI><a href="#[62]">&gt;&gt;</a>&nbsp;&nbsp;&nbsp;VL53L0X_GetFractionEnable
<LI><a href="#[50]">&gt;&gt;</a>&nbsp;&nbsp;&nbsp;VL53L0X_ClearInterruptMask
</UL>

<P><STRONG><a name="[64]"></a>VL53L0X_RdDWord</STRONG> (Thumb, 46 bytes, Stack size 32 bytes, vl53l0x_platform.o(i.VL53L0X_RdDWord))
<BR><BR>[Stack]<UL><LI>Max Depth = 116<LI>Call Chain = VL53L0X_RdDWord &rArr; VL53L0X_read_dword &rArr; VL53L0X_read_multi &rArr; VL_IIC_Read_nByte &rArr; VL_IIC_Read_Byte &rArr; VL_IIC_NAck
</UL>
<BR>[Calls]<UL><LI><a href="#[83]">&gt;&gt;</a>&nbsp;&nbsp;&nbsp;VL53L0X_read_dword
</UL>
<BR>[Called By]<UL><LI><a href="#[97]">&gt;&gt;</a>&nbsp;&nbsp;&nbsp;VL53L0X_get_info_from_device
<LI><a href="#[5b]">&gt;&gt;</a>&nbsp;&nbsp;&nbsp;VL53L0X_GetInterMeasurementPeriodMilliSeconds
</UL>

<P><STRONG><a name="[63]"></a>VL53L0X_RdWord</STRONG> (Thumb, 46 bytes, Stack size 32 bytes, vl53l0x_platform.o(i.VL53L0X_RdWord))
<BR><BR>[Stack]<UL><LI>Max Depth = 116<LI>Call Chain = VL53L0X_RdWord &rArr; VL53L0X_read_word &rArr; VL53L0X_read_multi &rArr; VL_IIC_Read_nByte &rArr; VL_IIC_Read_Byte &rArr; VL_IIC_NAck
</UL>
<BR>[Calls]<UL><LI><a href="#[84]">&gt;&gt;</a>&nbsp;&nbsp;&nbsp;VL53L0X_read_word
</UL>
<BR>[Called By]<UL><LI><a href="#[95]">&gt;&gt;</a>&nbsp;&nbsp;&nbsp;VL53L0X_StaticInit
<LI><a href="#[78]">&gt;&gt;</a>&nbsp;&nbsp;&nbsp;VL53L0X_SetAddress
<LI><a href="#[b1]">&gt;&gt;</a>&nbsp;&nbsp;&nbsp;perform_ref_signal_measurement
<LI><a href="#[b7]">&gt;&gt;</a>&nbsp;&nbsp;&nbsp;set_sequence_step_timeout
<LI><a href="#[98]">&gt;&gt;</a>&nbsp;&nbsp;&nbsp;get_sequence_step_timeout
<LI><a href="#[70]">&gt;&gt;</a>&nbsp;&nbsp;&nbsp;VL53L0X_get_pal_range_status
<LI><a href="#[6a]">&gt;&gt;</a>&nbsp;&nbsp;&nbsp;VL53L0X_get_offset_calibration_data_micro_meter
<LI><a href="#[5c]">&gt;&gt;</a>&nbsp;&nbsp;&nbsp;VL53L0X_GetXTalkCompensationRateMegaCps
<LI><a href="#[5e]">&gt;&gt;</a>&nbsp;&nbsp;&nbsp;VL53L0X_GetLimitCheckValue
<LI><a href="#[4d]">&gt;&gt;</a>&nbsp;&nbsp;&nbsp;VL53L0X_GetInterruptThresholds
<LI><a href="#[5b]">&gt;&gt;</a>&nbsp;&nbsp;&nbsp;VL53L0X_GetInterMeasurementPeriodMilliSeconds
</UL>

<P><STRONG><a name="[6e]"></a>VL53L0X_ReadMulti</STRONG> (Thumb, 56 bytes, Stack size 40 bytes, vl53l0x_platform.o(i.VL53L0X_ReadMulti))
<BR><BR>[Stack]<UL><LI>Max Depth = 100<LI>Call Chain = VL53L0X_ReadMulti &rArr; VL53L0X_read_multi &rArr; VL_IIC_Read_nByte &rArr; VL_IIC_Read_Byte &rArr; VL_IIC_NAck
</UL>
<BR>[Calls]<UL><LI><a href="#[85]">&gt;&gt;</a>&nbsp;&nbsp;&nbsp;VL53L0X_read_multi
</UL>
<BR>[Called By]<UL><LI><a href="#[c5]">&gt;&gt;</a>&nbsp;&nbsp;&nbsp;get_ref_spad_map
<LI><a href="#[6d]">&gt;&gt;</a>&nbsp;&nbsp;&nbsp;VL53L0X_GetRangingMeasurementData
</UL>

<P><STRONG><a name="[78]"></a>VL53L0X_SetAddress</STRONG> (Thumb, 142 bytes, Stack size 32 bytes, vl53l0x.o(i.VL53L0X_SetAddress))
<BR><BR>[Stack]<UL><LI>Max Depth = 168<LI>Call Chain = VL53L0X_SetAddress &rArr; VL53L0X_SetDeviceAddress &rArr; VL53L0X_WrByte &rArr; VL53L0X_write_byte &rArr; VL53L0X_write_multi &rArr; VL_IIC_Write_nByte &rArr; VL_IIC_Wait_Ack &rArr; VL_IIC_Stop
</UL>
<BR>[Calls]<UL><LI><a href="#[4f]">&gt;&gt;</a>&nbsp;&nbsp;&nbsp;VL53L0X_WrByte
<LI><a href="#[86]">&gt;&gt;</a>&nbsp;&nbsp;&nbsp;VL53L0X_SetDeviceAddress
<LI><a href="#[63]">&gt;&gt;</a>&nbsp;&nbsp;&nbsp;VL53L0X_RdWord
</UL>
<BR>[Called By]<UL><LI><a href="#[ba]">&gt;&gt;</a>&nbsp;&nbsp;&nbsp;VL53L0x_RESET
<LI><a href="#[75]">&gt;&gt;</a>&nbsp;&nbsp;&nbsp;VL53L0X_Init
</UL>

<P><STRONG><a name="[86]"></a>VL53L0X_SetDeviceAddress</STRONG> (Thumb, 32 bytes, Stack size 24 bytes, vl53l0x_api.o(i.VL53L0X_SetDeviceAddress))
<BR><BR>[Stack]<UL><LI>Max Depth = 136<LI>Call Chain = VL53L0X_SetDeviceAddress &rArr; VL53L0X_WrByte &rArr; VL53L0X_write_byte &rArr; VL53L0X_write_multi &rArr; VL_IIC_Write_nByte &rArr; VL_IIC_Wait_Ack &rArr; VL_IIC_Stop
</UL>
<BR>[Calls]<UL><LI><a href="#[4f]">&gt;&gt;</a>&nbsp;&nbsp;&nbsp;VL53L0X_WrByte
</UL>
<BR>[Called By]<UL><LI><a href="#[78]">&gt;&gt;</a>&nbsp;&nbsp;&nbsp;VL53L0X_SetAddress
</UL>

<P><STRONG><a name="[81]"></a>VL53L0X_SetDeviceMode</STRONG> (Thumb, 52 bytes, Stack size 0 bytes, vl53l0x_api.o(i.VL53L0X_SetDeviceMode))
<BR><BR>[Called By]<UL><LI><a href="#[80]">&gt;&gt;</a>&nbsp;&nbsp;&nbsp;VL53L0X_PerformSingleRangingMeasurement
<LI><a href="#[bb]">&gt;&gt;</a>&nbsp;&nbsp;&nbsp;VL53L0x_SetMode
</UL>

<P><STRONG><a name="[87]"></a>VL53L0X_SetGpioConfig</STRONG> (Thumb, 360 bytes, Stack size 40 bytes, vl53l0x_api.o(i.VL53L0X_SetGpioConfig))
<BR><BR>[Stack]<UL><LI>Max Depth = 176<LI>Call Chain = VL53L0X_SetGpioConfig &rArr; VL53L0X_ClearInterruptMask &rArr; VL53L0X_WrByte &rArr; VL53L0X_write_byte &rArr; VL53L0X_write_multi &rArr; VL_IIC_Write_nByte &rArr; VL_IIC_Wait_Ack &rArr; VL_IIC_Stop
</UL>
<BR>[Calls]<UL><LI><a href="#[4f]">&gt;&gt;</a>&nbsp;&nbsp;&nbsp;VL53L0X_WrByte
<LI><a href="#[53]">&gt;&gt;</a>&nbsp;&nbsp;&nbsp;VL53L0X_UpdateByte
<LI><a href="#[67]">&gt;&gt;</a>&nbsp;&nbsp;&nbsp;__ARM_common_switch8
<LI><a href="#[50]">&gt;&gt;</a>&nbsp;&nbsp;&nbsp;VL53L0X_ClearInterruptMask
</UL>
<BR>[Called By]<UL><LI><a href="#[95]">&gt;&gt;</a>&nbsp;&nbsp;&nbsp;VL53L0X_StaticInit
</UL>

<P><STRONG><a name="[56]"></a>VL53L0X_SetLimitCheckEnable</STRONG> (Thumb, 204 bytes, Stack size 40 bytes, vl53l0x_api.o(i.VL53L0X_SetLimitCheckEnable))
<BR><BR>[Stack]<UL><LI>Max Depth = 168<LI>Call Chain = VL53L0X_SetLimitCheckEnable &rArr; VL53L0X_UpdateByte &rArr; VL53L0X_write_byte &rArr; VL53L0X_write_multi &rArr; VL_IIC_Write_nByte &rArr; VL_IIC_Wait_Ack &rArr; VL_IIC_Stop
</UL>
<BR>[Calls]<UL><LI><a href="#[88]">&gt;&gt;</a>&nbsp;&nbsp;&nbsp;VL53L0X_WrWord
<LI><a href="#[53]">&gt;&gt;</a>&nbsp;&nbsp;&nbsp;VL53L0X_UpdateByte
<LI><a href="#[67]">&gt;&gt;</a>&nbsp;&nbsp;&nbsp;__ARM_common_switch8
</UL>
<BR>[Called By]<UL><LI><a href="#[bb]">&gt;&gt;</a>&nbsp;&nbsp;&nbsp;VL53L0x_SetMode
<LI><a href="#[52]">&gt;&gt;</a>&nbsp;&nbsp;&nbsp;VL53L0X_DataInit
</UL>

<P><STRONG><a name="[57]"></a>VL53L0X_SetLimitCheckValue</STRONG> (Thumb, 118 bytes, Stack size 24 bytes, vl53l0x_api.o(i.VL53L0X_SetLimitCheckValue))
<BR><BR>[Stack]<UL><LI>Max Depth = 132<LI>Call Chain = VL53L0X_SetLimitCheckValue &rArr; VL53L0X_WrWord &rArr; VL53L0X_write_word &rArr; VL53L0X_write_multi &rArr; VL_IIC_Write_nByte &rArr; VL_IIC_Wait_Ack &rArr; VL_IIC_Stop
</UL>
<BR>[Calls]<UL><LI><a href="#[88]">&gt;&gt;</a>&nbsp;&nbsp;&nbsp;VL53L0X_WrWord
<LI><a href="#[67]">&gt;&gt;</a>&nbsp;&nbsp;&nbsp;__ARM_common_switch8
</UL>
<BR>[Called By]<UL><LI><a href="#[bb]">&gt;&gt;</a>&nbsp;&nbsp;&nbsp;VL53L0x_SetMode
<LI><a href="#[52]">&gt;&gt;</a>&nbsp;&nbsp;&nbsp;VL53L0X_DataInit
</UL>

<P><STRONG><a name="[89]"></a>VL53L0X_SetMeasurementTimingBudgetMicroSeconds</STRONG> (Thumb, 22 bytes, Stack size 16 bytes, vl53l0x_api.o(i.VL53L0X_SetMeasurementTimingBudgetMicroSeconds))
<BR><BR>[Stack]<UL><LI>Max Depth = 328<LI>Call Chain = VL53L0X_SetMeasurementTimingBudgetMicroSeconds &rArr; VL53L0X_set_measurement_timing_budget_micro_seconds &rArr; get_sequence_step_timeout &rArr; VL53L0X_GetVcselPulsePeriod &rArr; VL53L0X_get_vcsel_pulse_period &rArr; VL53L0X_RdByte &rArr; VL53L0X_read_byte &rArr; VL53L0X_read_multi &rArr; VL_IIC_Read_nByte &rArr; VL_IIC_Read_Byte &rArr; VL_IIC_NAck
</UL>
<BR>[Calls]<UL><LI><a href="#[8a]">&gt;&gt;</a>&nbsp;&nbsp;&nbsp;VL53L0X_set_measurement_timing_budget_micro_seconds
</UL>
<BR>[Called By]<UL><LI><a href="#[bb]">&gt;&gt;</a>&nbsp;&nbsp;&nbsp;VL53L0x_SetMode
<LI><a href="#[93]">&gt;&gt;</a>&nbsp;&nbsp;&nbsp;VL53L0X_set_vcsel_pulse_period
<LI><a href="#[91]">&gt;&gt;</a>&nbsp;&nbsp;&nbsp;VL53L0X_SetSequenceStepEnable
</UL>

<P><STRONG><a name="[8b]"></a>VL53L0X_SetOffsetCalibrationDataMicroMeter</STRONG> (Thumb, 22 bytes, Stack size 16 bytes, vl53l0x_api.o(i.VL53L0X_SetOffsetCalibrationDataMicroMeter))
<BR><BR>[Stack]<UL><LI>Max Depth = 164<LI>Call Chain = VL53L0X_SetOffsetCalibrationDataMicroMeter &rArr; VL53L0X_set_offset_calibration_data_micro_meter &rArr; VL53L0X_WrWord &rArr; VL53L0X_write_word &rArr; VL53L0X_write_multi &rArr; VL_IIC_Write_nByte &rArr; VL_IIC_Wait_Ack &rArr; VL_IIC_Stop
</UL>
<BR>[Calls]<UL><LI><a href="#[8c]">&gt;&gt;</a>&nbsp;&nbsp;&nbsp;VL53L0X_set_offset_calibration_data_micro_meter
</UL>
<BR>[Called By]<UL><LI><a href="#[bb]">&gt;&gt;</a>&nbsp;&nbsp;&nbsp;VL53L0x_SetMode
</UL>

<P><STRONG><a name="[8d]"></a>VL53L0X_SetRefCalibration</STRONG> (Thumb, 26 bytes, Stack size 24 bytes, vl53l0x_api.o(i.VL53L0X_SetRefCalibration))
<BR><BR>[Stack]<UL><LI>Max Depth = 240<LI>Call Chain = VL53L0X_SetRefCalibration &rArr; VL53L0X_set_ref_calibration &rArr; VL53L0X_ref_calibration_io &rArr; VL53L0X_UpdateByte &rArr; VL53L0X_write_byte &rArr; VL53L0X_write_multi &rArr; VL_IIC_Write_nByte &rArr; VL_IIC_Wait_Ack &rArr; VL_IIC_Stop
</UL>
<BR>[Calls]<UL><LI><a href="#[8e]">&gt;&gt;</a>&nbsp;&nbsp;&nbsp;VL53L0X_set_ref_calibration
</UL>
<BR>[Called By]<UL><LI><a href="#[bb]">&gt;&gt;</a>&nbsp;&nbsp;&nbsp;VL53L0x_SetMode
</UL>

<P><STRONG><a name="[8f]"></a>VL53L0X_SetReferenceSpads</STRONG> (Thumb, 26 bytes, Stack size 24 bytes, vl53l0x_api.o(i.VL53L0X_SetReferenceSpads))
<BR><BR>[Stack]<UL><LI>Max Depth = 268<LI>Call Chain = VL53L0X_SetReferenceSpads &rArr; VL53L0X_set_reference_spads &rArr; enable_ref_spads &rArr; get_ref_spad_map &rArr; VL53L0X_ReadMulti &rArr; VL53L0X_read_multi &rArr; VL_IIC_Read_nByte &rArr; VL_IIC_Read_Byte &rArr; VL_IIC_NAck
</UL>
<BR>[Calls]<UL><LI><a href="#[90]">&gt;&gt;</a>&nbsp;&nbsp;&nbsp;VL53L0X_set_reference_spads
</UL>
<BR>[Called By]<UL><LI><a href="#[bb]">&gt;&gt;</a>&nbsp;&nbsp;&nbsp;VL53L0x_SetMode
</UL>

<P><STRONG><a name="[91]"></a>VL53L0X_SetSequenceStepEnable</STRONG> (Thumb, 202 bytes, Stack size 40 bytes, vl53l0x_api.o(i.VL53L0X_SetSequenceStepEnable))
<BR><BR>[Stack]<UL><LI>Max Depth = 368<LI>Call Chain = VL53L0X_SetSequenceStepEnable &rArr; VL53L0X_SetMeasurementTimingBudgetMicroSeconds &rArr; VL53L0X_set_measurement_timing_budget_micro_seconds &rArr; get_sequence_step_timeout &rArr; VL53L0X_GetVcselPulsePeriod &rArr; VL53L0X_get_vcsel_pulse_period &rArr; VL53L0X_RdByte &rArr; VL53L0X_read_byte &rArr; VL53L0X_read_multi &rArr; VL_IIC_Read_nByte &rArr; VL_IIC_Read_Byte &rArr; VL_IIC_NAck
</UL>
<BR>[Calls]<UL><LI><a href="#[89]">&gt;&gt;</a>&nbsp;&nbsp;&nbsp;VL53L0X_SetMeasurementTimingBudgetMicroSeconds
<LI><a href="#[4f]">&gt;&gt;</a>&nbsp;&nbsp;&nbsp;VL53L0X_WrByte
<LI><a href="#[51]">&gt;&gt;</a>&nbsp;&nbsp;&nbsp;VL53L0X_RdByte
<LI><a href="#[67]">&gt;&gt;</a>&nbsp;&nbsp;&nbsp;__ARM_common_switch8
</UL>
<BR>[Called By]<UL><LI><a href="#[95]">&gt;&gt;</a>&nbsp;&nbsp;&nbsp;VL53L0X_StaticInit
</UL>

<P><STRONG><a name="[92]"></a>VL53L0X_SetVcselPulsePeriod</STRONG> (Thumb, 26 bytes, Stack size 24 bytes, vl53l0x_api.o(i.VL53L0X_SetVcselPulsePeriod))
<BR><BR>[Stack]<UL><LI>Max Depth = 416<LI>Call Chain = VL53L0X_SetVcselPulsePeriod &rArr; VL53L0X_set_vcsel_pulse_period &rArr; VL53L0X_SetMeasurementTimingBudgetMicroSeconds &rArr; VL53L0X_set_measurement_timing_budget_micro_seconds &rArr; get_sequence_step_timeout &rArr; VL53L0X_GetVcselPulsePeriod &rArr; VL53L0X_get_vcsel_pulse_period &rArr; VL53L0X_RdByte &rArr; VL53L0X_read_byte &rArr; VL53L0X_read_multi &rArr; VL_IIC_Read_nByte &rArr; VL_IIC_Read_Byte &rArr; VL_IIC_NAck
</UL>
<BR>[Calls]<UL><LI><a href="#[93]">&gt;&gt;</a>&nbsp;&nbsp;&nbsp;VL53L0X_set_vcsel_pulse_period
</UL>
<BR>[Called By]<UL><LI><a href="#[bb]">&gt;&gt;</a>&nbsp;&nbsp;&nbsp;VL53L0x_SetMode
</UL>

<P><STRONG><a name="[94]"></a>VL53L0X_SetXTalkCompensationRateMegaCps</STRONG> (Thumb, 70 bytes, Stack size 32 bytes, vl53l0x_api.o(i.VL53L0X_SetXTalkCompensationRateMegaCps))
<BR><BR>[Stack]<UL><LI>Max Depth = 140<LI>Call Chain = VL53L0X_SetXTalkCompensationRateMegaCps &rArr; VL53L0X_WrWord &rArr; VL53L0X_write_word &rArr; VL53L0X_write_multi &rArr; VL_IIC_Write_nByte &rArr; VL_IIC_Wait_Ack &rArr; VL_IIC_Stop
</UL>
<BR>[Calls]<UL><LI><a href="#[88]">&gt;&gt;</a>&nbsp;&nbsp;&nbsp;VL53L0X_WrWord
</UL>
<BR>[Called By]<UL><LI><a href="#[bb]">&gt;&gt;</a>&nbsp;&nbsp;&nbsp;VL53L0x_SetMode
</UL>

<P><STRONG><a name="[7e]"></a>VL53L0X_StartMeasurement</STRONG> (Thumb, 290 bytes, Stack size 32 bytes, vl53l0x_api.o(i.VL53L0X_StartMeasurement))
<BR><BR>[Stack]<UL><LI>Max Depth = 212<LI>Call Chain = VL53L0X_StartMeasurement &rArr; VL53L0X_CheckAndLoadInterruptSettings &rArr; VL53L0X_load_tuning_settings &rArr; VL53L0X_WriteMulti &rArr; VL53L0X_write_multi &rArr; VL_IIC_Write_nByte &rArr; VL_IIC_Wait_Ack &rArr; VL_IIC_Stop
</UL>
<BR>[Calls]<UL><LI><a href="#[4f]">&gt;&gt;</a>&nbsp;&nbsp;&nbsp;VL53L0X_WrByte
<LI><a href="#[51]">&gt;&gt;</a>&nbsp;&nbsp;&nbsp;VL53L0X_RdByte
<LI><a href="#[5a]">&gt;&gt;</a>&nbsp;&nbsp;&nbsp;VL53L0X_GetDeviceMode
<LI><a href="#[4c]">&gt;&gt;</a>&nbsp;&nbsp;&nbsp;VL53L0X_CheckAndLoadInterruptSettings
</UL>
<BR>[Called By]<UL><LI><a href="#[7d]">&gt;&gt;</a>&nbsp;&nbsp;&nbsp;VL53L0X_PerformSingleMeasurement
</UL>

<P><STRONG><a name="[95]"></a>VL53L0X_StaticInit</STRONG> (Thumb, 470 bytes, Stack size 120 bytes, vl53l0x_api.o(i.VL53L0X_StaticInit))
<BR><BR>[Stack]<UL><LI>Max Depth = 856<LI>Call Chain = VL53L0X_StaticInit &rArr; VL53L0X_perform_ref_spad_management &rArr; perform_ref_signal_measurement &rArr; VL53L0X_PerformSingleRangingMeasurement &rArr; VL53L0X_GetRangingMeasurementData &rArr; VL53L0X_get_pal_range_status &rArr; VL53L0X_calc_sigma_estimate &rArr; VL53L0X_calc_dmax
</UL>
<BR>[Calls]<UL><LI><a href="#[4f]">&gt;&gt;</a>&nbsp;&nbsp;&nbsp;VL53L0X_WrByte
<LI><a href="#[63]">&gt;&gt;</a>&nbsp;&nbsp;&nbsp;VL53L0X_RdWord
<LI><a href="#[96]">&gt;&gt;</a>&nbsp;&nbsp;&nbsp;__aeabi_memclr4
<LI><a href="#[55]">&gt;&gt;</a>&nbsp;&nbsp;&nbsp;__aeabi_memcpy4
<LI><a href="#[98]">&gt;&gt;</a>&nbsp;&nbsp;&nbsp;get_sequence_step_timeout
<LI><a href="#[90]">&gt;&gt;</a>&nbsp;&nbsp;&nbsp;VL53L0X_set_reference_spads
<LI><a href="#[7c]">&gt;&gt;</a>&nbsp;&nbsp;&nbsp;VL53L0X_perform_ref_spad_management
<LI><a href="#[4e]">&gt;&gt;</a>&nbsp;&nbsp;&nbsp;VL53L0X_load_tuning_settings
<LI><a href="#[97]">&gt;&gt;</a>&nbsp;&nbsp;&nbsp;VL53L0X_get_info_from_device
<LI><a href="#[51]">&gt;&gt;</a>&nbsp;&nbsp;&nbsp;VL53L0X_RdByte
<LI><a href="#[91]">&gt;&gt;</a>&nbsp;&nbsp;&nbsp;VL53L0X_SetSequenceStepEnable
<LI><a href="#[87]">&gt;&gt;</a>&nbsp;&nbsp;&nbsp;VL53L0X_SetGpioConfig
<LI><a href="#[73]">&gt;&gt;</a>&nbsp;&nbsp;&nbsp;VL53L0X_GetVcselPulsePeriod
<LI><a href="#[62]">&gt;&gt;</a>&nbsp;&nbsp;&nbsp;VL53L0X_GetFractionEnable
<LI><a href="#[54]">&gt;&gt;</a>&nbsp;&nbsp;&nbsp;VL53L0X_GetDeviceParameters
</UL>
<BR>[Called By]<UL><LI><a href="#[bb]">&gt;&gt;</a>&nbsp;&nbsp;&nbsp;VL53L0x_SetMode
</UL>

<P><STRONG><a name="[53]"></a>VL53L0X_UpdateByte</STRONG> (Thumb, 88 bytes, Stack size 48 bytes, vl53l0x_platform.o(i.VL53L0X_UpdateByte))
<BR><BR>[Stack]<UL><LI>Max Depth = 128<LI>Call Chain = VL53L0X_UpdateByte &rArr; VL53L0X_write_byte &rArr; VL53L0X_write_multi &rArr; VL_IIC_Write_nByte &rArr; VL_IIC_Wait_Ack &rArr; VL_IIC_Stop
</UL>
<BR>[Calls]<UL><LI><a href="#[99]">&gt;&gt;</a>&nbsp;&nbsp;&nbsp;VL53L0X_write_byte
<LI><a href="#[82]">&gt;&gt;</a>&nbsp;&nbsp;&nbsp;VL53L0X_read_byte
</UL>
<BR>[Called By]<UL><LI><a href="#[56]">&gt;&gt;</a>&nbsp;&nbsp;&nbsp;VL53L0X_SetLimitCheckEnable
<LI><a href="#[52]">&gt;&gt;</a>&nbsp;&nbsp;&nbsp;VL53L0X_DataInit
<LI><a href="#[ae]">&gt;&gt;</a>&nbsp;&nbsp;&nbsp;VL53L0X_ref_calibration_io
<LI><a href="#[87]">&gt;&gt;</a>&nbsp;&nbsp;&nbsp;VL53L0X_SetGpioConfig
</UL>

<P><STRONG><a name="[4f]"></a>VL53L0X_WrByte</STRONG> (Thumb, 46 bytes, Stack size 32 bytes, vl53l0x_platform.o(i.VL53L0X_WrByte))
<BR><BR>[Stack]<UL><LI>Max Depth = 112<LI>Call Chain = VL53L0X_WrByte &rArr; VL53L0X_write_byte &rArr; VL53L0X_write_multi &rArr; VL_IIC_Write_nByte &rArr; VL_IIC_Wait_Ack &rArr; VL_IIC_Stop
</UL>
<BR>[Calls]<UL><LI><a href="#[99]">&gt;&gt;</a>&nbsp;&nbsp;&nbsp;VL53L0X_write_byte
</UL>
<BR>[Called By]<UL><LI><a href="#[95]">&gt;&gt;</a>&nbsp;&nbsp;&nbsp;VL53L0X_StaticInit
<LI><a href="#[86]">&gt;&gt;</a>&nbsp;&nbsp;&nbsp;VL53L0X_SetDeviceAddress
<LI><a href="#[52]">&gt;&gt;</a>&nbsp;&nbsp;&nbsp;VL53L0X_DataInit
<LI><a href="#[78]">&gt;&gt;</a>&nbsp;&nbsp;&nbsp;VL53L0X_SetAddress
<LI><a href="#[a8]">&gt;&gt;</a>&nbsp;&nbsp;&nbsp;VL53L0X_device_read_strobe
<LI><a href="#[b1]">&gt;&gt;</a>&nbsp;&nbsp;&nbsp;perform_ref_signal_measurement
<LI><a href="#[ae]">&gt;&gt;</a>&nbsp;&nbsp;&nbsp;VL53L0X_ref_calibration_io
<LI><a href="#[af]">&gt;&gt;</a>&nbsp;&nbsp;&nbsp;VL53L0X_perform_vhv_calibration
<LI><a href="#[ad]">&gt;&gt;</a>&nbsp;&nbsp;&nbsp;VL53L0X_perform_single_ref_calibration
<LI><a href="#[ac]">&gt;&gt;</a>&nbsp;&nbsp;&nbsp;VL53L0X_perform_phase_calibration
<LI><a href="#[b7]">&gt;&gt;</a>&nbsp;&nbsp;&nbsp;set_sequence_step_timeout
<LI><a href="#[93]">&gt;&gt;</a>&nbsp;&nbsp;&nbsp;VL53L0X_set_vcsel_pulse_period
<LI><a href="#[90]">&gt;&gt;</a>&nbsp;&nbsp;&nbsp;VL53L0X_set_reference_spads
<LI><a href="#[7c]">&gt;&gt;</a>&nbsp;&nbsp;&nbsp;VL53L0X_perform_ref_spad_management
<LI><a href="#[7a]">&gt;&gt;</a>&nbsp;&nbsp;&nbsp;VL53L0X_perform_ref_calibration
<LI><a href="#[70]">&gt;&gt;</a>&nbsp;&nbsp;&nbsp;VL53L0X_get_pal_range_status
<LI><a href="#[97]">&gt;&gt;</a>&nbsp;&nbsp;&nbsp;VL53L0X_get_info_from_device
<LI><a href="#[7e]">&gt;&gt;</a>&nbsp;&nbsp;&nbsp;VL53L0X_StartMeasurement
<LI><a href="#[91]">&gt;&gt;</a>&nbsp;&nbsp;&nbsp;VL53L0X_SetSequenceStepEnable
<LI><a href="#[87]">&gt;&gt;</a>&nbsp;&nbsp;&nbsp;VL53L0X_SetGpioConfig
<LI><a href="#[50]">&gt;&gt;</a>&nbsp;&nbsp;&nbsp;VL53L0X_ClearInterruptMask
<LI><a href="#[4c]">&gt;&gt;</a>&nbsp;&nbsp;&nbsp;VL53L0X_CheckAndLoadInterruptSettings
</UL>

<P><STRONG><a name="[88]"></a>VL53L0X_WrWord</STRONG> (Thumb, 46 bytes, Stack size 32 bytes, vl53l0x_platform.o(i.VL53L0X_WrWord))
<BR><BR>[Stack]<UL><LI>Max Depth = 108<LI>Call Chain = VL53L0X_WrWord &rArr; VL53L0X_write_word &rArr; VL53L0X_write_multi &rArr; VL_IIC_Write_nByte &rArr; VL_IIC_Wait_Ack &rArr; VL_IIC_Stop
</UL>
<BR>[Calls]<UL><LI><a href="#[9a]">&gt;&gt;</a>&nbsp;&nbsp;&nbsp;VL53L0X_write_word
</UL>
<BR>[Called By]<UL><LI><a href="#[94]">&gt;&gt;</a>&nbsp;&nbsp;&nbsp;VL53L0X_SetXTalkCompensationRateMegaCps
<LI><a href="#[57]">&gt;&gt;</a>&nbsp;&nbsp;&nbsp;VL53L0X_SetLimitCheckValue
<LI><a href="#[56]">&gt;&gt;</a>&nbsp;&nbsp;&nbsp;VL53L0X_SetLimitCheckEnable
<LI><a href="#[b7]">&gt;&gt;</a>&nbsp;&nbsp;&nbsp;set_sequence_step_timeout
<LI><a href="#[8c]">&gt;&gt;</a>&nbsp;&nbsp;&nbsp;VL53L0X_set_offset_calibration_data_micro_meter
</UL>

<P><STRONG><a name="[9b]"></a>VL53L0X_WriteMulti</STRONG> (Thumb, 58 bytes, Stack size 40 bytes, vl53l0x_platform.o(i.VL53L0X_WriteMulti))
<BR><BR>[Stack]<UL><LI>Max Depth = 92<LI>Call Chain = VL53L0X_WriteMulti &rArr; VL53L0X_write_multi &rArr; VL_IIC_Write_nByte &rArr; VL_IIC_Wait_Ack &rArr; VL_IIC_Stop
</UL>
<BR>[Calls]<UL><LI><a href="#[9c]">&gt;&gt;</a>&nbsp;&nbsp;&nbsp;VL53L0X_write_multi
</UL>
<BR>[Called By]<UL><LI><a href="#[b5]">&gt;&gt;</a>&nbsp;&nbsp;&nbsp;set_ref_spad_map
<LI><a href="#[4e]">&gt;&gt;</a>&nbsp;&nbsp;&nbsp;VL53L0X_load_tuning_settings
</UL>

<P><STRONG><a name="[9d]"></a>VL53L0X_calc_dmax</STRONG> (Thumb, 444 bytes, Stack size 112 bytes, vl53l0x_api_core.o(i.VL53L0X_calc_dmax))
<BR><BR>[Stack]<UL><LI>Max Depth = 112<LI>Call Chain = VL53L0X_calc_dmax
</UL>
<BR>[Calls]<UL><LI><a href="#[65]">&gt;&gt;</a>&nbsp;&nbsp;&nbsp;__aeabi_uidivmod
<LI><a href="#[9e]">&gt;&gt;</a>&nbsp;&nbsp;&nbsp;VL53L0X_isqrt
</UL>
<BR>[Called By]<UL><LI><a href="#[a1]">&gt;&gt;</a>&nbsp;&nbsp;&nbsp;VL53L0X_calc_sigma_estimate
</UL>

<P><STRONG><a name="[9f]"></a>VL53L0X_calc_macro_period_ps</STRONG> (Thumb, 50 bytes, Stack size 48 bytes, vl53l0x_api_core.o(i.VL53L0X_calc_macro_period_ps))
<BR><BR>[Stack]<UL><LI>Max Depth = 60<LI>Call Chain = VL53L0X_calc_macro_period_ps &rArr; __aeabi_lmul
</UL>
<BR>[Calls]<UL><LI><a href="#[a0]">&gt;&gt;</a>&nbsp;&nbsp;&nbsp;__aeabi_lmul
</UL>
<BR>[Called By]<UL><LI><a href="#[a5]">&gt;&gt;</a>&nbsp;&nbsp;&nbsp;VL53L0X_calc_timeout_us
<LI><a href="#[a4]">&gt;&gt;</a>&nbsp;&nbsp;&nbsp;VL53L0X_calc_timeout_mclks
</UL>

<P><STRONG><a name="[a1]"></a>VL53L0X_calc_sigma_estimate</STRONG> (Thumb, 828 bytes, Stack size 216 bytes, vl53l0x_api_core.o(i.VL53L0X_calc_sigma_estimate))
<BR><BR>[Stack]<UL><LI>Max Depth = 328<LI>Call Chain = VL53L0X_calc_sigma_estimate &rArr; VL53L0X_calc_dmax
</UL>
<BR>[Calls]<UL><LI><a href="#[65]">&gt;&gt;</a>&nbsp;&nbsp;&nbsp;__aeabi_uidivmod
<LI><a href="#[9e]">&gt;&gt;</a>&nbsp;&nbsp;&nbsp;VL53L0X_isqrt
<LI><a href="#[a3]">&gt;&gt;</a>&nbsp;&nbsp;&nbsp;VL53L0X_get_total_xtalk_rate
<LI><a href="#[a4]">&gt;&gt;</a>&nbsp;&nbsp;&nbsp;VL53L0X_calc_timeout_mclks
<LI><a href="#[9d]">&gt;&gt;</a>&nbsp;&nbsp;&nbsp;VL53L0X_calc_dmax
<LI><a href="#[a2]">&gt;&gt;</a>&nbsp;&nbsp;&nbsp;VL53L0X_get_total_signal_rate
</UL>
<BR>[Called By]<UL><LI><a href="#[70]">&gt;&gt;</a>&nbsp;&nbsp;&nbsp;VL53L0X_get_pal_range_status
</UL>

<P><STRONG><a name="[a4]"></a>VL53L0X_calc_timeout_mclks</STRONG> (Thumb, 58 bytes, Stack size 32 bytes, vl53l0x_api_core.o(i.VL53L0X_calc_timeout_mclks))
<BR><BR>[Stack]<UL><LI>Max Depth = 92<LI>Call Chain = VL53L0X_calc_timeout_mclks &rArr; VL53L0X_calc_macro_period_ps &rArr; __aeabi_lmul
</UL>
<BR>[Calls]<UL><LI><a href="#[65]">&gt;&gt;</a>&nbsp;&nbsp;&nbsp;__aeabi_uidivmod
<LI><a href="#[9f]">&gt;&gt;</a>&nbsp;&nbsp;&nbsp;VL53L0X_calc_macro_period_ps
</UL>
<BR>[Called By]<UL><LI><a href="#[a1]">&gt;&gt;</a>&nbsp;&nbsp;&nbsp;VL53L0X_calc_sigma_estimate
<LI><a href="#[b7]">&gt;&gt;</a>&nbsp;&nbsp;&nbsp;set_sequence_step_timeout
</UL>

<P><STRONG><a name="[a5]"></a>VL53L0X_calc_timeout_us</STRONG> (Thumb, 64 bytes, Stack size 32 bytes, vl53l0x_api_core.o(i.VL53L0X_calc_timeout_us))
<BR><BR>[Stack]<UL><LI>Max Depth = 92<LI>Call Chain = VL53L0X_calc_timeout_us &rArr; VL53L0X_calc_macro_period_ps &rArr; __aeabi_lmul
</UL>
<BR>[Calls]<UL><LI><a href="#[65]">&gt;&gt;</a>&nbsp;&nbsp;&nbsp;__aeabi_uidivmod
<LI><a href="#[9f]">&gt;&gt;</a>&nbsp;&nbsp;&nbsp;VL53L0X_calc_macro_period_ps
</UL>
<BR>[Called By]<UL><LI><a href="#[98]">&gt;&gt;</a>&nbsp;&nbsp;&nbsp;get_sequence_step_timeout
</UL>

<P><STRONG><a name="[a6]"></a>VL53L0X_check_part_used</STRONG> (Thumb, 74 bytes, Stack size 32 bytes, vl53l0x_api_strings.o(i.VL53L0X_check_part_used))
<BR><BR>[Stack]<UL><LI>Max Depth = 280<LI>Call Chain = VL53L0X_check_part_used &rArr; VL53L0X_get_info_from_device &rArr; VL53L0X_device_read_strobe &rArr; VL53L0X_WrByte &rArr; VL53L0X_write_byte &rArr; VL53L0X_write_multi &rArr; VL_IIC_Write_nByte &rArr; VL_IIC_Wait_Ack &rArr; VL_IIC_Stop
</UL>
<BR>[Calls]<UL><LI><a href="#[a7]">&gt;&gt;</a>&nbsp;&nbsp;&nbsp;strcpy
<LI><a href="#[97]">&gt;&gt;</a>&nbsp;&nbsp;&nbsp;VL53L0X_get_info_from_device
</UL>
<BR>[Called By]<UL><LI><a href="#[59]">&gt;&gt;</a>&nbsp;&nbsp;&nbsp;VL53L0X_get_device_info
</UL>

<P><STRONG><a name="[c6]"></a>VL53L0X_decode_timeout</STRONG> (Thumb, 20 bytes, Stack size 0 bytes, vl53l0x_api_core.o(i.VL53L0X_decode_timeout))
<BR><BR>[Called By]<UL><LI><a href="#[b7]">&gt;&gt;</a>&nbsp;&nbsp;&nbsp;set_sequence_step_timeout
<LI><a href="#[98]">&gt;&gt;</a>&nbsp;&nbsp;&nbsp;get_sequence_step_timeout
</UL>

<P><STRONG><a name="[ab]"></a>VL53L0X_decode_vcsel_period</STRONG> (Thumb, 12 bytes, Stack size 0 bytes, vl53l0x_api_core.o(i.VL53L0X_decode_vcsel_period))
<BR><BR>[Called By]<UL><LI><a href="#[74]">&gt;&gt;</a>&nbsp;&nbsp;&nbsp;VL53L0X_get_vcsel_pulse_period
</UL>

<P><STRONG><a name="[a8]"></a>VL53L0X_device_read_strobe</STRONG> (Thumb, 92 bytes, Stack size 24 bytes, vl53l0x_api_core.o(i.VL53L0X_device_read_strobe))
<BR><BR>[Stack]<UL><LI>Max Depth = 136<LI>Call Chain = VL53L0X_device_read_strobe &rArr; VL53L0X_WrByte &rArr; VL53L0X_write_byte &rArr; VL53L0X_write_multi &rArr; VL_IIC_Write_nByte &rArr; VL_IIC_Wait_Ack &rArr; VL_IIC_Stop
</UL>
<BR>[Calls]<UL><LI><a href="#[4f]">&gt;&gt;</a>&nbsp;&nbsp;&nbsp;VL53L0X_WrByte
<LI><a href="#[51]">&gt;&gt;</a>&nbsp;&nbsp;&nbsp;VL53L0X_RdByte
</UL>
<BR>[Called By]<UL><LI><a href="#[97]">&gt;&gt;</a>&nbsp;&nbsp;&nbsp;VL53L0X_get_info_from_device
</UL>

<P><STRONG><a name="[ca]"></a>VL53L0X_encode_timeout</STRONG> (Thumb, 42 bytes, Stack size 12 bytes, vl53l0x_api_core.o(i.VL53L0X_encode_timeout))
<BR><BR>[Stack]<UL><LI>Max Depth = 12<LI>Call Chain = VL53L0X_encode_timeout
</UL>
<BR>[Called By]<UL><LI><a href="#[b7]">&gt;&gt;</a>&nbsp;&nbsp;&nbsp;set_sequence_step_timeout
</UL>

<P><STRONG><a name="[b8]"></a>VL53L0X_encode_vcsel_period</STRONG> (Thumb, 12 bytes, Stack size 0 bytes, vl53l0x_api_core.o(i.VL53L0X_encode_vcsel_period))
<BR><BR>[Called By]<UL><LI><a href="#[93]">&gt;&gt;</a>&nbsp;&nbsp;&nbsp;VL53L0X_set_vcsel_pulse_period
</UL>

[...]
<LI><a href="#[48]">&gt;&gt;</a>&nbsp;&nbsp;&nbsp;Systick_DelayMs
<LI><a href="#[77]">&gt;&gt;</a>&nbsp;&nbsp;&nbsp;GPIO_SET_BIT
</UL>
<BR>[Called By]<UL><LI><a href="#[bb]">&gt;&gt;</a>&nbsp;&nbsp;&nbsp;VL53L0x_SetMode
</UL>

<P><STRONG><a name="[bb]"></a>VL53L0x_SetMode</STRONG> (Thumb, 400 bytes, Stack size 32 bytes, vl53l0x_gen.o(i.VL53L0x_SetMode))
<BR><BR>[Stack]<UL><LI>Max Depth = 888<LI>Call Chain = VL53L0x_SetMode &rArr; VL53L0X_StaticInit &rArr; VL53L0X_perform_ref_spad_management &rArr; perform_ref_signal_measurement &rArr; VL53L0X_PerformSingleRangingMeasurement &rArr; VL53L0X_GetRangingMeasurementData &rArr; VL53L0X_get_pal_range_status &rArr; VL53L0X_calc_sigma_estimate &rArr; VL53L0X_calc_dmax
</UL>
<BR>[Calls]<UL><LI><a href="#[94]">&gt;&gt;</a>&nbsp;&nbsp;&nbsp;VL53L0X_SetXTalkCompensationRateMegaCps
<LI><a href="#[92]">&gt;&gt;</a>&nbsp;&nbsp;&nbsp;VL53L0X_SetVcselPulsePeriod
<LI><a href="#[8f]">&gt;&gt;</a>&nbsp;&nbsp;&nbsp;VL53L0X_SetReferenceSpads
<LI><a href="#[8d]">&gt;&gt;</a>&nbsp;&nbsp;&nbsp;VL53L0X_SetRefCalibration
<LI><a href="#[8b]">&gt;&gt;</a>&nbsp;&nbsp;&nbsp;VL53L0X_SetOffsetCalibrationDataMicroMeter
<LI><a href="#[89]">&gt;&gt;</a>&nbsp;&nbsp;&nbsp;VL53L0X_SetMeasurementTimingBudgetMicroSeconds
<LI><a href="#[57]">&gt;&gt;</a>&nbsp;&nbsp;&nbsp;VL53L0X_SetLimitCheckValue
<LI><a href="#[56]">&gt;&gt;</a>&nbsp;&nbsp;&nbsp;VL53L0X_SetLimitCheckEnable
<LI><a href="#[81]">&gt;&gt;</a>&nbsp;&nbsp;&nbsp;VL53L0X_SetDeviceMode
<LI><a href="#[95]">&gt;&gt;</a>&nbsp;&nbsp;&nbsp;VL53L0X_StaticInit
<LI><a href="#[7b]">&gt;&gt;</a>&nbsp;&nbsp;&nbsp;VL53L0X_PerformRefSpadManagement
<LI><a href="#[79]">&gt;&gt;</a>&nbsp;&nbsp;&nbsp;VL53L0X_PerformRefCalibration
<LI><a href="#[ba]">&gt;&gt;</a>&nbsp;&nbsp;&nbsp;VL53L0x_RESET
<LI><a href="#[48]">&gt;&gt;</a>&nbsp;&nbsp;&nbsp;Systick_DelayMs
</UL>
<BR>[Called By]<UL><LI><a href="#[c8]">&gt;&gt;</a>&nbsp;&nbsp;&nbsp;readVL5Ll0x_PollingtMode
</UL>

<P><STRONG><a name="[bc]"></a>VL53L0x_StartOneTimesSample</STRONG> (Thumb, 60 bytes, Stack size 40 bytes, vl53l0x_gen.o(i.VL53L0x_StartOneTimesSample))
<BR><BR>[Stack]<UL><LI>Max Depth = 600<LI>Call Chain = VL53L0x_StartOneTimesSample &rArr; VL53L0X_PerformSingleRangingMeasurement &rArr; VL53L0X_GetRangingMeasurementData &rArr; VL53L0X_get_pal_range_status &rArr; VL53L0X_calc_sigma_estimate &rArr; VL53L0X_calc_dmax
</UL>
<BR>[Calls]<UL><LI><a href="#[80]">&gt;&gt;</a>&nbsp;&nbsp;&nbsp;VL53L0X_PerformSingleRangingMeasurement
<LI><a href="#[6b]">&gt;&gt;</a>&nbsp;&nbsp;&nbsp;VL53L0X_GetRangeStatusString
<LI><a href="#[36]">&gt;&gt;</a>&nbsp;&nbsp;&nbsp;__aeabi_memclr
</UL>
<BR>[Called By]<UL><LI><a href="#[c8]">&gt;&gt;</a>&nbsp;&nbsp;&nbsp;readVL5Ll0x_PollingtMode
</UL>

<P><STRONG><a name="[bd]"></a>VL_IIC_Ack</STRONG> (Thumb, 80 bytes, Stack size 4 bytes, vl53l0x_i2c.o(i.VL_IIC_Ack))
<BR><BR>[Stack]<UL><LI>Max Depth = 4<LI>Call Chain = VL_IIC_Ack
</UL>
<BR>[Calls]<UL><LI><a href="#[be]">&gt;&gt;</a>&nbsp;&nbsp;&nbsp;I2C_Delay
</UL>
<BR>[Called By]<UL><LI><a href="#[c0]">&gt;&gt;</a>&nbsp;&nbsp;&nbsp;VL_IIC_Read_Byte
</UL>

<P><STRONG><a name="[bf]"></a>VL_IIC_NAck</STRONG> (Thumb, 80 bytes, Stack size 4 bytes, vl53l0x_i2c.o(i.VL_IIC_NAck))
<BR><BR>[Stack]<UL><LI>Max Depth = 4<LI>Call Chain = VL_IIC_NAck
</UL>
<BR>[Calls]<UL><LI><a href="#[be]">&gt;&gt;</a>&nbsp;&nbsp;&nbsp;I2C_Delay
</UL>
<BR>[Called By]<UL><LI><a href="#[c0]">&gt;&gt;</a>&nbsp;&nbsp;&nbsp;VL_IIC_Read_Byte
</UL>

<P><STRONG><a name="[c0]"></a>VL_IIC_Read_Byte</STRONG> (Thumb, 110 bytes, Stack size 12 bytes, vl53l0x_i2c.o(i.VL_IIC_Read_Byte))
<BR><BR>[Stack]<UL><LI>Max Depth = 16<LI>Call Chain = VL_IIC_Read_Byte &rArr; VL_IIC_NAck
</UL>
<BR>[Calls]<UL><LI><a href="#[bf]">&gt;&gt;</a>&nbsp;&nbsp;&nbsp;VL_IIC_NAck
<LI><a href="#[bd]">&gt;&gt;</a>&nbsp;&nbsp;&nbsp;VL_IIC_Ack
<LI><a href="#[be]">&gt;&gt;</a>&nbsp;&nbsp;&nbsp;I2C_Delay
</UL>
<BR>[Called By]<UL><LI><a href="#[b6]">&gt;&gt;</a>&nbsp;&nbsp;&nbsp;VL_IIC_Read_nByte
</UL>

<P><STRONG><a name="[b6]"></a>VL_IIC_Read_nByte</STRONG> (Thumb, 106 bytes, Stack size 20 bytes, vl53l0x_i2c.o(i.VL_IIC_Read_nByte))
<BR><BR>[Stack]<UL><LI>Max Depth = 36<LI>Call Chain = VL_IIC_Read_nByte &rArr; VL_IIC_Read_Byte &rArr; VL_IIC_NAck
</UL>
<BR>[Calls]<UL><LI><a href="#[c3]">&gt;&gt;</a>&nbsp;&nbsp;&nbsp;VL_IIC_Wait_Ack
<LI><a href="#[c4]">&gt;&gt;</a>&nbsp;&nbsp;&nbsp;VL_IIC_Stop
<LI><a href="#[c1]">&gt;&gt;</a>&nbsp;&nbsp;&nbsp;VL_IIC_Start
<LI><a href="#[c2]">&gt;&gt;</a>&nbsp;&nbsp;&nbsp;VL_IIC_Send_Byte
<LI><a href="#[c0]">&gt;&gt;</a>&nbsp;&nbsp;&nbsp;VL_IIC_Read_Byte
</UL>
<BR>[Called By]<UL><LI><a href="#[85]">&gt;&gt;</a>&nbsp;&nbsp;&nbsp;VL53L0X_read_multi
</UL>

<P><STRONG><a name="[c2]"></a>VL_IIC_Send_Byte</STRONG> (Thumb, 130 bytes, Stack size 8 bytes, vl53l0x_i2c.o(i.VL_IIC_Send_Byte))
<BR><BR>[Stack]<UL><LI>Max Depth = 8<LI>Call Chain = VL_IIC_Send_Byte
</UL>
<BR>[Calls]<UL><LI><a href="#[be]">&gt;&gt;</a>&nbsp;&nbsp;&nbsp;I2C_Delay
</UL>
<BR>[Called By]<UL><LI><a href="#[b9]">&gt;&gt;</a>&nbsp;&nbsp;&nbsp;VL_IIC_Write_nByte
<LI><a href="#[b6]">&gt;&gt;</a>&nbsp;&nbsp;&nbsp;VL_IIC_Read_nByte
</UL>

<P><STRONG><a name="[c1]"></a>VL_IIC_Start</STRONG> (Thumb, 82 bytes, Stack size 4 bytes, vl53l0x_i2c.o(i.VL_IIC_Start))
<BR><BR>[Stack]<UL><LI>Max Depth = 4<LI>Call Chain = VL_IIC_Start
</UL>
<BR>[Calls]<UL><LI><a href="#[be]">&gt;&gt;</a>&nbsp;&nbsp;&nbsp;I2C_Delay
</UL>
<BR>[Called By]<UL><LI><a href="#[b9]">&gt;&gt;</a>&nbsp;&nbsp;&nbsp;VL_IIC_Write_nByte
<LI><a href="#[b6]">&gt;&gt;</a>&nbsp;&nbsp;&nbsp;VL_IIC_Read_nByte
</UL>

<P><STRONG><a name="[c4]"></a>VL_IIC_Stop</STRONG> (Thumb, 78 bytes, Stack size 4 bytes, vl53l0x_i2c.o(i.VL_IIC_Stop))
<BR><BR>[Stack]<UL><LI>Max Depth = 4<LI>Call Chain = VL_IIC_Stop
</UL>
<BR>[Calls]<UL><LI><a href="#[be]">&gt;&gt;</a>&nbsp;&nbsp;&nbsp;I2C_Delay
</UL>
<BR>[Called By]<UL><LI><a href="#[b9]">&gt;&gt;</a>&nbsp;&nbsp;&nbsp;VL_IIC_Write_nByte
<LI><a href="#[c3]">&gt;&gt;</a>&nbsp;&nbsp;&nbsp;VL_IIC_Wait_Ack
<LI><a href="#[b6]">&gt;&gt;</a>&nbsp;&nbsp;&nbsp;VL_IIC_Read_nByte
</UL>

<P><STRONG><a name="[c3]"></a>VL_IIC_Wait_Ack</STRONG> (Thumb, 104 bytes, Stack size 4 bytes, vl53l0x_i2c.o(i.VL_IIC_Wait_Ack))
<BR><BR>[Stack]<UL><LI>Max Depth = 8<LI>Call Chain = VL_IIC_Wait_Ack &rArr; VL_IIC_Stop
</UL>
<BR>[Calls]<UL><LI><a href="#[c4]">&gt;&gt;</a>&nbsp;&nbsp;&nbsp;VL_IIC_Stop
<LI><a href="#[be]">&gt;&gt;</a>&nbsp;&nbsp;&nbsp;I2C_Delay
</UL>
<BR>[Called By]<UL><LI><a href="#[b9]">&gt;&gt;</a>&nbsp;&nbsp;&nbsp;VL_IIC_Write_nByte
<LI><a href="#[b6]">&gt;&gt;</a>&nbsp;&nbsp;&nbsp;VL_IIC_Read_nByte
</UL>

<P><STRONG><a name="[b9]"></a>VL_IIC_Write_nByte</STRONG> (Thumb, 78 bytes, Stack size 20 bytes, vl53l0x_i2c.o(i.VL_IIC_Write_nByte))
<BR><BR>[Stack]<UL><LI>Max Depth = 28<LI>Call Chain = VL_IIC_Write_nByte &rArr; VL_IIC_Wait_Ack &rArr; VL_IIC_Stop
</UL>
<BR>[Calls]<UL><LI><a href="#[c3]">&gt;&gt;</a>&nbsp;&nbsp;&nbsp;VL_IIC_Wait_Ack
<LI><a href="#[c4]">&gt;&gt;</a>&nbsp;&nbsp;&nbsp;VL_IIC_Stop
<LI><a href="#[c1]">&gt;&gt;</a>&nbsp;&nbsp;&nbsp;VL_IIC_Start
<LI><a href="#[c2]">&gt;&gt;</a>&nbsp;&nbsp;&nbsp;VL_IIC_Send_Byte
</UL>
<BR>[Called By]<UL><LI><a href="#[9c]">&gt;&gt;</a>&nbsp;&nbsp;&nbsp;VL53L0X_write_multi
</UL>

<P><STRONG><a name="[67]"></a>__ARM_common_switch8</STRONG> (Thumb, 28 bytes, Stack size 8 bytes, vl53l0x_api.o(i.__ARM_common_switch8))
<BR><BR>[Stack]<UL><LI>Max Depth = 8<LI>Call Chain = __ARM_common_switch8
</UL>
<BR>[Called By]<UL><LI><a href="#[57]">&gt;&gt;</a>&nbsp;&nbsp;&nbsp;VL53L0X_SetLimitCheckValue
<LI><a href="#[56]">&gt;&gt;</a>&nbsp;&nbsp;&nbsp;VL53L0X_SetLimitCheckEnable
<LI><a href="#[6c]">&gt;&gt;</a>&nbsp;&nbsp;&nbsp;VL53L0X_get_range_status_string
<LI><a href="#[72]">&gt;&gt;</a>&nbsp;&nbsp;&nbsp;sequence_step_enabled
<LI><a href="#[91]">&gt;&gt;</a>&nbsp;&nbsp;&nbsp;VL53L0X_SetSequenceStepEnable
<LI><a href="#[87]">&gt;&gt;</a>&nbsp;&nbsp;&nbsp;VL53L0X_SetGpioConfig
<LI><a href="#[5e]">&gt;&gt;</a>&nbsp;&nbsp;&nbsp;VL53L0X_GetLimitCheckValue
</UL>

<P><STRONG><a name="[b0]"></a>enable_ref_spads</STRONG> (Thumb, 166 bytes, Stack size 56 bytes, vl53l0x_api_calibration.o(i.enable_ref_spads))
<BR><BR>[Stack]<UL><LI>Max Depth = 172<LI>Call Chain = enable_ref_spads &rArr; get_ref_spad_map &rArr; VL53L0X_ReadMulti &rArr; VL53L0X_read_multi &rArr; VL_IIC_Read_nByte &rArr; VL_IIC_Read_Byte &rArr; VL_IIC_NAck
</UL>
<BR>[Calls]<UL><LI><a href="#[b5]">&gt;&gt;</a>&nbsp;&nbsp;&nbsp;set_ref_spad_map
<LI><a href="#[b2]">&gt;&gt;</a>&nbsp;&nbsp;&nbsp;is_aperture
<LI><a href="#[c5]">&gt;&gt;</a>&nbsp;&nbsp;&nbsp;get_ref_spad_map
<LI><a href="#[b3]">&gt;&gt;</a>&nbsp;&nbsp;&nbsp;get_next_good_spad
<LI><a href="#[b4]">&gt;&gt;</a>&nbsp;&nbsp;&nbsp;enable_spad_bit
</UL>
<BR>[Called By]<UL><LI><a href="#[90]">&gt;&gt;</a>&nbsp;&nbsp;&nbsp;VL53L0X_set_reference_spads
<LI><a href="#[7c]">&gt;&gt;</a>&nbsp;&nbsp;&nbsp;VL53L0X_perform_ref_spad_management
</UL>

<P><STRONG><a name="[b4]"></a>enable_spad_bit</STRONG> (Thumb, 64 bytes, Stack size 32 bytes, vl53l0x_api_calibration.o(i.enable_spad_bit))
<BR><BR>[Stack]<UL><LI>Max Depth = 32<LI>Call Chain = enable_spad_bit
</UL>
<BR>[Calls]<UL><LI><a href="#[65]">&gt;&gt;</a>&nbsp;&nbsp;&nbsp;__aeabi_uidivmod
</UL>
<BR>[Called By]<UL><LI><a href="#[b0]">&gt;&gt;</a>&nbsp;&nbsp;&nbsp;enable_ref_spads
<LI><a href="#[7c]">&gt;&gt;</a>&nbsp;&nbsp;&nbsp;VL53L0X_perform_ref_spad_management
</UL>

<P><STRONG><a name="[b3]"></a>get_next_good_spad</STRONG> (Thumb, 122 bytes, Stack size 56 bytes, vl53l0x_api_calibration.o(i.get_next_good_spad))
<BR><BR>[Stack]<UL><LI>Max Depth = 56<LI>Call Chain = get_next_good_spad
</UL>
<BR>[Calls]<UL><LI><a href="#[65]">&gt;&gt;</a>&nbsp;&nbsp;&nbsp;__aeabi_uidivmod
</UL>
<BR>[Called By]<UL><LI><a href="#[b0]">&gt;&gt;</a>&nbsp;&nbsp;&nbsp;enable_ref_spads
<LI><a href="#[7c]">&gt;&gt;</a>&nbsp;&nbsp;&nbsp;VL53L0X_perform_ref_spad_management
</UL>

<P><STRONG><a name="[c5]"></a>get_ref_spad_map</STRONG> (Thumb, 24 bytes, Stack size 16 bytes, vl53l0x_api_calibration.o(i.get_ref_spad_map))
<BR><BR>[Stack]<UL><LI>Max Depth = 116<LI>Call Chain = get_ref_spad_map &rArr; VL53L0X_ReadMulti &rArr; VL53L0X_read_multi &rArr; VL_IIC_Read_nByte &rArr; VL_IIC_Read_Byte &rArr; VL_IIC_NAck
</UL>
<BR>[Calls]<UL><LI><a href="#[6e]">&gt;&gt;</a>&nbsp;&nbsp;&nbsp;VL53L0X_ReadMulti
</UL>
<BR>[Called By]<UL><LI><a href="#[b0]">&gt;&gt;</a>&nbsp;&nbsp;&nbsp;enable_ref_spads
</UL>

<P><STRONG><a name="[98]"></a>get_sequence_step_timeout</STRONG> (Thumb, 300 bytes, Stack size 72 bytes, vl53l0x_api_core.o(i.get_sequence_step_timeout))
<BR><BR>[Stack]<UL><LI>Max Depth = 232<LI>Call Chain = get_sequence_step_timeout &rArr; VL53L0X_GetVcselPulsePeriod &rArr; VL53L0X_get_vcsel_pulse_period &rArr; VL53L0X_RdByte &rArr; VL53L0X_read_byte &rArr; VL53L0X_read_multi &rArr; VL_IIC_Read_nByte &rArr; VL_IIC_Read_Byte &rArr; VL_IIC_NAck
</UL>
<BR>[Calls]<UL><LI><a href="#[63]">&gt;&gt;</a>&nbsp;&nbsp;&nbsp;VL53L0X_RdWord
<LI><a href="#[c6]">&gt;&gt;</a>&nbsp;&nbsp;&nbsp;VL53L0X_decode_timeout
<LI><a href="#[a5]">&gt;&gt;</a>&nbsp;&nbsp;&nbsp;VL53L0X_calc_timeout_us
<LI><a href="#[51]">&gt;&gt;</a>&nbsp;&nbsp;&nbsp;VL53L0X_RdByte
<LI><a href="#[73]">&gt;&gt;</a>&nbsp;&nbsp;&nbsp;VL53L0X_GetVcselPulsePeriod
<LI><a href="#[71]">&gt;&gt;</a>&nbsp;&nbsp;&nbsp;VL53L0X_GetSequenceStepEnables
</UL>
<BR>[Called By]<UL><LI><a href="#[95]">&gt;&gt;</a>&nbsp;&nbsp;&nbsp;VL53L0X_StaticInit
<LI><a href="#[93]">&gt;&gt;</a>&nbsp;&nbsp;&nbsp;VL53L0X_set_vcsel_pulse_period
<LI><a href="#[8a]">&gt;&gt;</a>&nbsp;&nbsp;&nbsp;VL53L0X_set_measurement_timing_budget_micro_seconds
<LI><a href="#[69]">&gt;&gt;</a>&nbsp;&nbsp;&nbsp;VL53L0X_get_measurement_timing_budget_micro_seconds
</UL>

<P><STRONG><a name="[b2]"></a>is_aperture</STRONG> (Thumb, 22 bytes, Stack size 8 bytes, vl53l0x_api_calibration.o(i.is_aperture))
<BR><BR>[Stack]<UL><LI>Max Depth = 8<LI>Call Chain = is_aperture
</UL>
<BR>[Called By]<UL><LI><a href="#[b0]">&gt;&gt;</a>&nbsp;&nbsp;&nbsp;enable_ref_spads
<LI><a href="#[90]">&gt;&gt;</a>&nbsp;&nbsp;&nbsp;VL53L0X_set_reference_spads
<LI><a href="#[7c]">&gt;&gt;</a>&nbsp;&nbsp;&nbsp;VL53L0X_perform_ref_spad_management
</UL>

<P><STRONG><a name="[2e]"></a>main</STRONG> (Thumb, 174 bytes, Stack size 0 bytes, main.o(i.main))
<BR><BR>[Stack]<UL><LI>Max Depth = 944<LI>Call Chain = main &rArr; readVL5Ll0x_PollingtMode &rArr; VL53L0x_SetMode &rArr; VL53L0X_StaticInit &rArr; VL53L0X_perform_ref_spad_management &rArr; perform_ref_signal_measurement &rArr; VL53L0X_PerformSingleRangingMeasurement &rArr; VL53L0X_GetRangingMeasurementData &rArr; VL53L0X_get_pal_range_status &rArr; VL53L0X_calc_sigma_estimate &rArr; VL53L0X_calc_dmax
</UL>
<BR>[Calls]<UL><LI><a href="#[c8]">&gt;&gt;</a>&nbsp;&nbsp;&nbsp;readVL5Ll0x_PollingtMode
<LI><a href="#[75]">&gt;&gt;</a>&nbsp;&nbsp;&nbsp;VL53L0X_Init
<LI><a href="#[c9]">&gt;&gt;</a>&nbsp;&nbsp;&nbsp;USART2_TX
<LI><a href="#[48]">&gt;&gt;</a>&nbsp;&nbsp;&nbsp;Systick_DelayMs
<LI><a href="#[c7]">&gt;&gt;</a>&nbsp;&nbsp;&nbsp;SYS_GetTick
<LI><a href="#[77]">&gt;&gt;</a>&nbsp;&nbsp;&nbsp;GPIO_SET_BIT
<LI><a href="#[3f]">&gt;&gt;</a>&nbsp;&nbsp;&nbsp;Board_Init
</UL>
<BR>[Called By]<UL><LI><a href="#[2d]">&gt;&gt;</a>&nbsp;&nbsp;&nbsp;__rt_entry_main
</UL>

<P><STRONG><a name="[b1]"></a>perform_ref_signal_measurement</STRONG> (Thumb, 128 bytes, Stack size 48 bytes, vl53l0x_api_calibration.o(i.perform_ref_signal_measurement))
<BR><BR>[Stack]<UL><LI>Max Depth = 608<LI>Call Chain = perform_ref_signal_measurement &rArr; VL53L0X_PerformSingleRangingMeasurement &rArr; VL53L0X_GetRangingMeasurementData &rArr; VL53L0X_get_pal_range_status &rArr; VL53L0X_calc_sigma_estimate &rArr; VL53L0X_calc_dmax
</UL>
<BR>[Calls]<UL><LI><a href="#[80]">&gt;&gt;</a>&nbsp;&nbsp;&nbsp;VL53L0X_PerformSingleRangingMeasurement
<LI><a href="#[4f]">&gt;&gt;</a>&nbsp;&nbsp;&nbsp;VL53L0X_WrByte
<LI><a href="#[63]">&gt;&gt;</a>&nbsp;&nbsp;&nbsp;VL53L0X_RdWord
</UL>
<BR>[Called By]<UL><LI><a href="#[7c]">&gt;&gt;</a>&nbsp;&nbsp;&nbsp;VL53L0X_perform_ref_spad_management
</UL>

<P><STRONG><a name="[c8]"></a>readVL5Ll0x_PollingtMode</STRONG> (Thumb, 140 bytes, Stack size 56 bytes, vl53l0x_gen.o(i.readVL5Ll0x_PollingtMode))
<BR><BR>[Stack]<UL><LI>Max Depth = 944<LI>Call Chain = readVL5Ll0x_PollingtMode &rArr; VL53L0x_SetMode &rArr; VL53L0X_StaticInit &rArr; VL53L0X_perform_ref_spad_management &rArr; perform_ref_signal_measurement &rArr; VL53L0X_PerformSingleRangingMeasurement &rArr; VL53L0X_GetRangingMeasurementData &rArr; VL53L0X_get_pal_range_status &rArr; VL53L0X_calc_sigma_estimate &rArr; VL53L0X_calc_dmax
</UL>
<BR>[Calls]<UL><LI><a href="#[bc]">&gt;&gt;</a>&nbsp;&nbsp;&nbsp;VL53L0x_StartOneTimesSample
<LI><a href="#[bb]">&gt;&gt;</a>&nbsp;&nbsp;&nbsp;VL53L0x_SetMode
<LI><a href="#[48]">&gt;&gt;</a>&nbsp;&nbsp;&nbsp;Systick_DelayMs
<LI><a href="#[6f]">&gt;&gt;</a>&nbsp;&nbsp;&nbsp;__aeabi_idivmod
</UL>
<BR>[Called By]<UL><LI><a href="#[2e]">&gt;&gt;</a>&nbsp;&nbsp;&nbsp;main
</UL>

<P><STRONG><a name="[72]"></a>sequence_step_enabled</STRONG> (Thumb, 86 bytes, Stack size 12 bytes, vl53l0x_api.o(i.sequence_step_enabled))
<BR><BR>[Stack]<UL><LI>Max Depth = 20<LI>Call Chain = sequence_step_enabled &rArr; __ARM_common_switch8
</UL>
<BR>[Calls]<UL><LI><a href="#[67]">&gt;&gt;</a>&nbsp;&nbsp;&nbsp;__ARM_common_switch8
</UL>
<BR>[Called By]<UL><LI><a href="#[71]">&gt;&gt;</a>&nbsp;&nbsp;&nbsp;VL53L0X_GetSequenceStepEnables
</UL>

<P><STRONG><a name="[b5]"></a>set_ref_spad_map</STRONG> (Thumb, 24 bytes, Stack size 16 bytes, vl53l0x_api_calibration.o(i.set_ref_spad_map))
<BR><BR>[Stack]<UL><LI>Max Depth = 108<LI>Call Chain = set_ref_spad_map &rArr; VL53L0X_WriteMulti &rArr; VL53L0X_write_multi &rArr; VL_IIC_Write_nByte &rArr; VL_IIC_Wait_Ack &rArr; VL_IIC_Stop
</UL>
<BR>[Calls]<UL><LI><a href="#[9b]">&gt;&gt;</a>&nbsp;&nbsp;&nbsp;VL53L0X_WriteMulti
</UL>
<BR>[Called By]<UL><LI><a href="#[b0]">&gt;&gt;</a>&nbsp;&nbsp;&nbsp;enable_ref_spads
<LI><a href="#[7c]">&gt;&gt;</a>&nbsp;&nbsp;&nbsp;VL53L0X_perform_ref_spad_management
</UL>

<P><STRONG><a name="[b7]"></a>set_sequence_step_timeout</STRONG> (Thumb, 334 bytes, Stack size 56 bytes, vl53l0x_api_core.o(i.set_sequence_step_timeout))
<BR><BR>[Stack]<UL><LI>Max Depth = 216<LI>Call Chain = set_sequence_step_timeout &rArr; VL53L0X_GetVcselPulsePeriod &rArr; VL53L0X_get_vcsel_pulse_period &rArr; VL53L0X_RdByte &rArr; VL53L0X_read_byte &rArr; VL53L0X_read_multi &rArr; VL_IIC_Read_nByte &rArr; VL_IIC_Read_Byte &rArr; VL_IIC_NAck
</UL>
<BR>[Calls]<UL><LI><a href="#[4f]">&gt;&gt;</a>&nbsp;&nbsp;&nbsp;VL53L0X_WrByte
<LI><a href="#[63]">&gt;&gt;</a>&nbsp;&nbsp;&nbsp;VL53L0X_RdWord
<LI><a href="#[ca]">&gt;&gt;</a>&nbsp;&nbsp;&nbsp;VL53L0X_encode_timeout
<LI><a href="#[c6]">&gt;&gt;</a>&nbsp;&nbsp;&nbsp;VL53L0X_decode_timeout
<LI><a href="#[a4]">&gt;&gt;</a>&nbsp;&nbsp;&nbsp;VL53L0X_calc_timeout_mclks
<LI><a href="#[88]">&gt;&gt;</a>&nbsp;&nbsp;&nbsp;VL53L0X_WrWord
<LI><a href="#[73]">&gt;&gt;</a>&nbsp;&nbsp;&nbsp;VL53L0X_GetVcselPulsePeriod
<LI><a href="#[71]">&gt;&gt;</a>&nbsp;&nbsp;&nbsp;VL53L0X_GetSequenceStepEnables
</UL>
<BR>[Called By]<UL><LI><a href="#[93]">&gt;&gt;</a>&nbsp;&nbsp;&nbsp;VL53L0X_set_vcsel_pulse_period
<LI><a href="#[8a]">&gt;&gt;</a>&nbsp;&nbsp;&nbsp;VL53L0X_set_measurement_timing_budget_micro_seconds
</UL>

<P><STRONG><a name="[4a]"></a>__aeabi_fmul</STRONG> (Thumb, 0 bytes, Stack size 16 bytes, fmul.o(x$fpl$fmul))
<BR><BR>[Stack]<UL><LI>Max Depth = 16<LI>Call Chain = __aeabi_fmul
</UL>
<BR>[Called By]<UL><LI><a href="#[49]">&gt;&gt;</a>&nbsp;&nbsp;&nbsp;Systick_DelayUs
</UL>

<P><STRONG><a name="[101]"></a>_fmul</STRONG> (Thumb, 172 bytes, Stack size 16 bytes, fmul.o(x$fpl$fmul), UNUSED)
<P>
<H3>
Local Symbols
</H3>
<P><STRONG><a name="[44]"></a>RTC_AWU_Init</STRONG> (Thumb, 286 bytes, Stack size 8 bytes, board_init.o(i.RTC_AWU_Init))
<BR><BR>[Stack]<UL><LI>Max Depth = 16<LI>Call Chain = RTC_AWU_Init &rArr; __NVIC_SetPriority
</UL>
<BR>[Calls]<UL><LI><a href="#[45]">&gt;&gt;</a>&nbsp;&nbsp;&nbsp;__NVIC_SetPriority
<LI><a href="#[46]">&gt;&gt;</a>&nbsp;&nbsp;&nbsp;__NVIC_EnableIRQ
</UL>
<BR>[Called By]<UL><LI><a href="#[3f]">&gt;&gt;</a>&nbsp;&nbsp;&nbsp;Board_Init
</UL>

<P><STRONG><a name="[43]"></a>SYSTICK_Init</STRONG> (Thumb, 20 bytes, Stack size 0 bytes, board_init.o(i.SYSTICK_Init))
<BR><BR>[Called By]<UL><LI><a href="#[3f]">&gt;&gt;</a>&nbsp;&nbsp;&nbsp;Board_Init
</UL>

<P><STRONG><a name="[47]"></a>SYS_IncTick</STRONG> (Thumb, 12 bytes, Stack size 0 bytes, board_init.o(i.SYS_IncTick))
<BR><BR>[Called By]<UL><LI><a href="#[a]">&gt;&gt;</a>&nbsp;&nbsp;&nbsp;SysTick_Handler
<LI><a href="#[d]">&gt;&gt;</a>&nbsp;&nbsp;&nbsp;RTC_IRQHandler
</UL>

<P><STRONG><a name="[42]"></a>USART2_Init</STRONG> (Thumb, 138 bytes, Stack size 16 bytes, board_init.o(i.USART2_Init))
<BR><BR>[Stack]<UL><LI>Max Depth = 24<LI>Call Chain = USART2_Init &rArr; __NVIC_SetPriority
</UL>
<BR>[Calls]<UL><LI><a href="#[45]">&gt;&gt;</a>&nbsp;&nbsp;&nbsp;__NVIC_SetPriority
<LI><a href="#[46]">&gt;&gt;</a>&nbsp;&nbsp;&nbsp;__NVIC_EnableIRQ
</UL>
<BR>[Called By]<UL><LI><a href="#[3f]">&gt;&gt;</a>&nbsp;&nbsp;&nbsp;Board_Init
</UL>

<P><STRONG><a name="[46]"></a>__NVIC_EnableIRQ</STRONG> (Thumb, 26 bytes, Stack size 0 bytes, board_init.o(i.__NVIC_EnableIRQ))
<BR><BR>[Called By]<UL><LI><a href="#[42]">&gt;&gt;</a>&nbsp;&nbsp;&nbsp;USART2_Init
<LI><a href="#[44]">&gt;&gt;</a>&nbsp;&nbsp;&nbsp;RTC_AWU_Init
</UL>

<P><STRONG><a name="[45]"></a>__NVIC_SetPriority</STRONG> (Thumb, 110 bytes, Stack size 8 bytes, board_init.o(i.__NVIC_SetPriority))
<BR><BR>[Stack]<UL><LI>Max Depth = 8<LI>Call Chain = __NVIC_SetPriority
</UL>
<BR>[Called By]<UL><LI><a href="#[42]">&gt;&gt;</a>&nbsp;&nbsp;&nbsp;USART2_Init
<LI><a href="#[44]">&gt;&gt;</a>&nbsp;&nbsp;&nbsp;RTC_AWU_Init
</UL>
<P>
<H3>
Undefined Global Symbols
</H3>
<P><STRONG><a name="[3d]"></a>_call_atexit_fns</STRONG> (ARM, 0 bytes, Stack size 0 bytes, UNDEFINED)
<BR><BR>[Called By]<UL><LI><a href="#[2f]">&gt;&gt;</a>&nbsp;&nbsp;&nbsp;exit
</UL>
<HR></body></html>
