<html>
<body>
<pre>
<h1>µVision Build Log</h1>
<h2>Tool Versions:</h2>
IDE-Version: ¦ÌVision V5.29.0.0
Copyright (C) 2019 ARM Ltd and ARM Germany GmbH. All rights reserved.
License Information: ZhaoSir 18600662940@163.com, ZhaoSir, LIC=IK1BF-6HIU6-VEVHA-1NPBW-XDRAH-BIK8Y
 
Tool Versions:
Toolchain:       MDK-ARM Plus  Version: 5.29.0.0
Toolchain Path:  D:\MDK\Keil_529\ARM\ARMCC\Bin
C Compiler:      Armcc.exe V5.06 update 6 (build 750)
Assembler:       Armasm.exe V5.06 update 6 (build 750)
Linker/Locator:  ArmLink.exe V5.06 update 6 (build 750)
Library Manager: ArmAr.exe V5.06 update 6 (build 750)
Hex Converter:   FromElf.exe V5.06 update 6 (build 750)
CPU DLL:         SARMCM3.DLL V5.29.0.0
Dialog DLL:      DARMCM1.DLL V1.19.2.0
Target DLL:      STLink\ST-LINKIII-KEIL_SWO.dll V3.0.7.0
Dialog DLL:      TARMCM1.DLL V1.14.1.0
 
<h2>Project:</h2>
D:\MDK\STM32L051_VL53L0X_Sample_V2\Projects\STM32L051_VL53L0X_Sample_V2.uvprojx
Project File Date:  11/25/2020

<h2>Output:</h2>
*** Using Compiler 'V5.06 update 6 (build 750)', folder: 'D:\MDK\Keil_529\ARM\ARMCC\Bin'
Build target 'VL53L0x_Sample'
compiling Main.c...
..\App\Main.c(21): warning:  #1294-D: Old-style function delay
  void delay(us)
..\App\Main.c(21): warning:  #1079-D: standard requires that parameter "us"  be given a type by a subsequent declaration ("int" assumed)
  void delay(us)
..\App\Main.c(71): warning:  #174-D: expression has no effect
  			__WFI;
..\App\Main.c: 3 warnings, 0 errors
linking...
Program Size: Code=19476 RO-data=224 RW-data=800 ZI-data=2192  
".\Objects\STM32L051_VL53L0X_Sample_V2.axf" - 0 Error(s), 3 Warning(s).

<h2>Software Packages used:</h2>

Package Vendor: ARM
                http://www.keil.com/pack/ARM.CMSIS.5.6.0.pack
                ARM.CMSIS.5.6.0
                CMSIS (Cortex Microcontroller Software Interface Standard)
   * Component: CORE Version: 5.3.0

Package Vendor: Keil
                http://www.keil.com/pack/Keil.STM32L0xx_DFP.2.1.0.pack
                Keil.STM32L0xx_DFP.2.1.0
                STMicroelectronics STM32L0 Series Device Support, Drivers and Examples
   * Component: Startup Version: 1.0.0

<h2>Collection of Component include folders:</h2>
  .\RTE\_VL53L0x_Sample
  D:\MDK\Arm\Packs\ARM\CMSIS\5.6.0\CMSIS\Core\Include
  D:\MDK\Arm\Packs\Keil\STM32L0xx_DFP\2.1.0\Drivers\CMSIS\Device\ST\STM32L0xx\Include

<h2>Collection of Component Files used:</h2>

   * Component: ARM::CMSIS:CORE:5.3.0

   * Component: Keil.Standalone::Device:Startup:1.0.0
      Include file:  Drivers\CMSIS\Device\ST\STM32L0xx\Include\stm32l0xx.h
      Source file:   Drivers\CMSIS\Device\ST\STM32L0xx\Source\Templates\arm\startup_stm32l051xx.s
      Source file:   MDK\Device\Source\ARM\STM32L0xx_OPT.s
      Source file:   Drivers\CMSIS\Device\ST\STM32L0xx\Source\Templates\system_stm32l0xx.c
Build Time Elapsed:  00:00:00
</pre>
</body>
</html>
